node.exe : npm warn Unknown cli config "--coverage". This will stop working in the next major version of 
npm.
At line:1 char:1
+ & "C:\Program Files\nodejs/node.exe" "C:\Program Files\nodejs/node_mo ...
+ ~~~~~~~~~~~~~~~~~~~~~~~~~~~~~~~~~~~~~~~~~~~~~~~~~~~~~~~~~~~~~~~~~~~~~
    + CategoryInfo          : NotSpecified: (npm warn Unknow...version of npm.:String) [], RemoteException
    + FullyQualifiedErrorId : NativeCommandError
 

> ws-discord-enterprise@1.0.0 test
> jest

FAIL tests/unit/infra/discord/EmbedFactory.test.js
  EmbedFactory
    base
      ÔêÜ should create base embed with color (20 ms)
      ÔêÜ should add timestamp to base embed (1 ms)
    commandResult
      ├ù should create result embed for successful command (1 ms)
      ├ù should create result embed for failed command (1 ms)
      ÔêÜ should include elapsed time in footer (1 ms)
      ├ù should include cooldown in footer (1 ms)
      ÔêÜ should include both elapsed time and cooldown (1 ms)
      ├ù should use default message for missing data (1 ms)
      ├ù should use default error message (1 ms)
    error
      ÔêÜ should create error embed with command name (1 ms)
      ÔêÜ should include error message in description (1 ms)
      ÔêÜ should set error color to red (1 ms)
    commandHelp
      ÔêÜ should create help embed with command name (1 ms)
      ÔêÜ should include command description (1 ms)
      ÔêÜ should add category and usage fields
      ÔêÜ should add examples field (1 ms)
      ÔêÜ should handle empty examples list
    commandList
      ÔêÜ should create list with category title
      ÔêÜ should create list with all commands title when no category (1 ms)
      ÔêÜ should add pagination footer
      ÔêÜ should show no commands message when empty (1 ms)
      ÔêÜ should add command fields for non-empty list (2 ms)
      ÔêÜ should handle single command in list (1 ms)
    autocomplete
      ÔêÜ should create autocomplete embed
      ÔêÜ should show suggestions when available (1 ms)
      ÔêÜ should show all suggestions (1 ms)
      ÔêÜ should show no suggestions message when empty (1 ms)
    helpPaginationRow
      ÔêÜ should create action row with buttons (2 ms)
      ÔêÜ should create two buttons (3 ms)
      ÔêÜ should return ActionRowBuilder instance (2 ms)
      ÔêÜ should call addComponents (1 ms)
      ÔêÜ should handle first page pagination (2 ms)
      ÔêÜ should handle middle page pagination (3 ms)
      ÔêÜ should handle last page pagination (4 ms)
      ÔêÜ should use all category when null (2 ms)
    audit
      ÔêÜ should create audit log embed (1 ms)
      ÔêÜ should show audit entries when available (1 ms)
      ÔêÜ should show success checkmark for successful commands (1 ms)
      ÔêÜ should show failure mark for failed commands
      ÔêÜ should show no entries message when empty (3 ms)
      ÔêÜ should list multiple audit entries (1 ms)
    embed building chain
      ÔêÜ should return chainable embed object (12 ms)
      ÔêÜ should allow further customization after creation (12 ms)

  ÔùÅ EmbedFactory ÔÇ║ commandResult ÔÇ║ should create result embed for successful command

    TypeError: Cannot read properties of undefined (reading 'toFixed')

    [0m [90m 22 |[39m     [36mif[39m (elapsedSec [33m!==[39m [36mnull[39m [33m||[39m cooldownSec 
[33m!==[39m [36mnull[39m) {
     [90m 23 |[39m       [36mconst[39m footerParts [33m=[39m [][33m;[39m
    [31m[1m>[22m[39m[90m 24 |[39m       [36mif[39m (elapsedSec [33m!==[39m [36mnull[39m) 
footerParts[33m.[39mpush([32m`took ${elapsedSec.toFixed(2)}s`[39m)[33m;[39m
     [90m    |[39m                                                                    [31m[1m^[22m[39m
     [90m 25 |[39m       [36mif[39m (cooldownSec [33m!==[39m [36mnull[39m) 
footerParts[33m.[39mpush([32m`cooldown ${cooldownSec}s`[39m)[33m;[39m
     [90m 26 |[39m       [36mif[39m (footerParts[33m.[39mlength) embed[33m.[39msetFooter({ 
text[33m:[39m footerParts[33m.[39mjoin([32m' ÔÇó '[39m) })[33m;[39m
     [90m 27 |[39m     }[0m

      at EmbedFactory.toFixed [as commandResult] (src/infra/discord/EmbedFactory.js:24:68)
      at Object.commandResult (tests/unit/infra/discord/EmbedFactory.test.js:64:34)

  ÔùÅ EmbedFactory ÔÇ║ commandResult ÔÇ║ should create result embed for failed command

    TypeError: Cannot read properties of undefined (reading 'toFixed')

    [0m [90m 22 |[39m     [36mif[39m (elapsedSec [33m!==[39m [36mnull[39m [33m||[39m cooldownSec 
[33m!==[39m [36mnull[39m) {
     [90m 23 |[39m       [36mconst[39m footerParts [33m=[39m [][33m;[39m
    [31m[1m>[22m[39m[90m 24 |[39m       [36mif[39m (elapsedSec [33m!==[39m [36mnull[39m) 
footerParts[33m.[39mpush([32m`took ${elapsedSec.toFixed(2)}s`[39m)[33m;[39m
     [90m    |[39m                                                                    [31m[1m^[22m[39m
     [90m 25 |[39m       [36mif[39m (cooldownSec [33m!==[39m [36mnull[39m) 
footerParts[33m.[39mpush([32m`cooldown ${cooldownSec}s`[39m)[33m;[39m
     [90m 26 |[39m       [36mif[39m (footerParts[33m.[39mlength) embed[33m.[39msetFooter({ 
text[33m:[39m footerParts[33m.[39mjoin([32m' ÔÇó '[39m) })[33m;[39m
     [90m 27 |[39m     }[0m

      at EmbedFactory.toFixed [as commandResult] (src/infra/discord/EmbedFactory.js:24:68)
      at Object.commandResult (tests/unit/infra/discord/EmbedFactory.test.js:77:34)

  ÔùÅ EmbedFactory ÔÇ║ commandResult ÔÇ║ should include cooldown in footer

    TypeError: Cannot read properties of undefined (reading 'toFixed')

    [0m [90m 22 |[39m     [36mif[39m (elapsedSec [33m!==[39m [36mnull[39m [33m||[39m cooldownSec 
[33m!==[39m [36mnull[39m) {
     [90m 23 |[39m       [36mconst[39m footerParts [33m=[39m [][33m;[39m
    [31m[1m>[22m[39m[90m 24 |[39m       [36mif[39m (elapsedSec [33m!==[39m [36mnull[39m) 
footerParts[33m.[39mpush([32m`took ${elapsedSec.toFixed(2)}s`[39m)[33m;[39m
     [90m    |[39m                                                                    [31m[1m^[22m[39m
     [90m 25 |[39m       [36mif[39m (cooldownSec [33m!==[39m [36mnull[39m) 
footerParts[33m.[39mpush([32m`cooldown ${cooldownSec}s`[39m)[33m;[39m
     [90m 26 |[39m       [36mif[39m (footerParts[33m.[39mlength) embed[33m.[39msetFooter({ 
text[33m:[39m footerParts[33m.[39mjoin([32m' ÔÇó '[39m) })[33m;[39m
     [90m 27 |[39m     }[0m

      at EmbedFactory.toFixed [as commandResult] (src/infra/discord/EmbedFactory.js:24:68)
      at Object.commandResult (tests/unit/infra/discord/EmbedFactory.test.js:98:34)

  ÔùÅ EmbedFactory ÔÇ║ commandResult ÔÇ║ should use default message for missing data

    TypeError: Cannot read properties of undefined (reading 'toFixed')

    [0m [90m 22 |[39m     [36mif[39m (elapsedSec [33m!==[39m [36mnull[39m [33m||[39m cooldownSec 
[33m!==[39m [36mnull[39m) {
     [90m 23 |[39m       [36mconst[39m footerParts [33m=[39m [][33m;[39m
    [31m[1m>[22m[39m[90m 24 |[39m       [36mif[39m (elapsedSec [33m!==[39m [36mnull[39m) 
footerParts[33m.[39mpush([32m`took ${elapsedSec.toFixed(2)}s`[39m)[33m;[39m
     [90m    |[39m                                                                    [31m[1m^[22m[39m
     [90m 25 |[39m       [36mif[39m (cooldownSec [33m!==[39m [36mnull[39m) 
footerParts[33m.[39mpush([32m`cooldown ${cooldownSec}s`[39m)[33m;[39m
     [90m 26 |[39m       [36mif[39m (footerParts[33m.[39mlength) embed[33m.[39msetFooter({ 
text[33m:[39m footerParts[33m.[39mjoin([32m' ÔÇó '[39m) })[33m;[39m
     [90m 27 |[39m     }[0m

      at EmbedFactory.toFixed [as commandResult] (src/infra/discord/EmbedFactory.js:24:68)
      at Object.commandResult (tests/unit/infra/discord/EmbedFactory.test.js:126:34)

  ÔùÅ EmbedFactory ÔÇ║ commandResult ÔÇ║ should use default error message

    TypeError: Cannot read properties of undefined (reading 'toFixed')

    [0m [90m 22 |[39m     [36mif[39m (elapsedSec [33m!==[39m [36mnull[39m [33m||[39m cooldownSec 
[33m!==[39m [36mnull[39m) {
     [90m 23 |[39m       [36mconst[39m footerParts [33m=[39m [][33m;[39m
    [31m[1m>[22m[39m[90m 24 |[39m       [36mif[39m (elapsedSec [33m!==[39m [36mnull[39m) 
footerParts[33m.[39mpush([32m`took ${elapsedSec.toFixed(2)}s`[39m)[33m;[39m
     [90m    |[39m                                                                    [31m[1m^[22m[39m
     [90m 25 |[39m       [36mif[39m (cooldownSec [33m!==[39m [36mnull[39m) 
footerParts[33m.[39mpush([32m`cooldown ${cooldownSec}s`[39m)[33m;[39m
     [90m 26 |[39m       [36mif[39m (footerParts[33m.[39mlength) embed[33m.[39msetFooter({ 
text[33m:[39m footerParts[33m.[39mjoin([32m' ÔÇó '[39m) })[33m;[39m
     [90m 27 |[39m     }[0m

      at EmbedFactory.toFixed [as commandResult] (src/infra/discord/EmbedFactory.js:24:68)
      at Object.commandResult (tests/unit/infra/discord/EmbedFactory.test.js:135:34)

PASS tests/unit/core/CommandRegistry.test.js
  CommandRegistry
    ÔêÜ should create with empty handlers map (16 ms)
    ÔêÜ should register a command handler (2 ms)
    ÔêÜ should register with default options (3 ms)
    ÔêÜ should register with custom options (1 ms)
    ÔêÜ should get handler by name (1 ms)
    ÔêÜ should return undefined for non-existent handler (1 ms)
    ÔêÜ should get metadata by name (2 ms)
    ÔêÜ should return undefined for non-existent metadata (1 ms)
    ÔêÜ should list all commands (1 ms)
    ÔêÜ should list commands grouped by group (5 ms)
    ÔêÜ should default to core group in listByGroup (2 ms)
    ÔêÜ should handle multiple handlers in same group (1 ms)
    ÔêÜ should overwrite handler with same name (1 ms)
    ÔêÜ should preserve metadata with options in listCommands
    ÔêÜ should handle empty registry in listCommands
    ÔêÜ should handle empty registry in listByGroup (1 ms)
    ÔêÜ should register command with options but no handler metadata

PASS tests/unit/infra/db/Repositories.test.js
  Repositories Factory
    CommandRepository
      isAllowed
        ÔêÜ should return true if command is allowed (16 ms)
        ÔêÜ should return false if command is not allowed (2 ms)
      listAllowed
        ÔêÜ should list all allowed commands (1 ms)
        ÔêÜ should return empty array if no commands (1 ms)
      addAllowed
        ÔêÜ should add a new allowed command (1 ms)
        ÔêÜ should ignore duplicate command (1 ms)
      removeAllowed
        ÔêÜ should remove command and related permissions (2 ms)
        ÔêÜ should run delete for each query (1 ms)
    PermissionRepository
      isAllowed
        ÔêÜ should check if command is allowed
      getRoles
        ÔêÜ should get roles for a command (1 ms)
        ÔêÜ should return empty array if no roles (1 ms)
      getChannels
        ÔêÜ should get channels for a command (1 ms)
      getUsers
        ÔêÜ should get users for a command (1 ms)
      addRole
        ÔêÜ should add role to command (1 ms)
      addChannel
        ÔêÜ should add channel to command (2 ms)
      addUser
        ÔêÜ should add user to command (2 ms)
      listAudit
        ÔêÜ should list audit log entries (1 ms)
        ÔêÜ should accept custom limit
    AuditRepository
      log
        ÔêÜ should log command execution (1 ms)
        ÔêÜ should log null user and channel if not provided (1 ms)
    RateLimitRepository
      getLastUsed
        ÔêÜ should get last used timestamp (1 ms)
        ÔêÜ should return null if no record (1 ms)
      setLastUsed
        ÔêÜ should set or update last used timestamp (12 ms)
    Factory Function
      ÔêÜ should log when creating repositories (1 ms)
      ÔêÜ should return all four repositories (1 ms)
      ÔêÜ should create instances with methods (1 ms)

PASS tests/unit/handlers/admin/AllowedHandler.test.js
  AllowedHandler
    ÔêÜ should list all allowed commands (19 ms)
    ÔêÜ should filter by category (2 ms)
    ÔêÜ should paginate results (2 ms)
    ÔêÜ should handle page 2 (1 ms)
    ÔêÜ should handle unknown commands gracefully (1 ms)
    ÔêÜ should return empty list when no commands allowed (1 ms)
    ÔêÜ should propagate repo errors (28 ms)

PASS tests/unit/infra/discord/SlashCommandRegistrar.test.js
  SlashCommandRegistrar
    Constructor
      ÔêÜ should create instance (18 ms)
      ÔêÜ should store config reference (21 ms)
      ÔêÜ should store registry reference
      ÔêÜ should store logger reference (3 ms)
    registerCommands
      ÔêÜ should get commands from registry by group (3 ms)
      ÔêÜ should create REST instance with token (5 ms)
      ÔêÜ should call Discord API with correct endpoint (3 ms)
      ÔêÜ should log registration start (1 ms)
      ÔêÜ should log registration completion (2 ms)
      ÔêÜ should build SlashCommandBuilder for each group (1 ms)
      ÔêÜ should set group name and description
      ÔêÜ should add subcommands for each command in group
      ÔêÜ should handle empty registry (1 ms)
      ÔêÜ should use default description if not provided (1 ms)
    Error Handling
      ÔêÜ should propagate API errors (114 ms)
      ÔêÜ should handle network errors (2 ms)
      ÔêÜ should handle invalid token (2 ms)
      ÔêÜ should handle rate limiting (2 ms)
    Command Options
      ÔêÜ should pass command options to builder (1 ms)
      ÔêÜ should handle multiple options per command (1 ms)
    Multiple Groups
      ÔêÜ should handle multiple command groups (1 ms)
      ÔêÜ should register all groups in single API call (5 ms)
    API Response Handling
      ÔêÜ should handle successful registration (1 ms)
      ÔêÜ should handle empty response (1 ms)
      ÔêÜ should complete even with unusual response codes (1 ms)
    Integer Option Handling
      ÔêÜ should add integer options without autocomplete or choices (12 ms)
      ÔêÜ should add integer options with autocomplete (2 ms)
      ÔêÜ should add integer options with choices (2 ms)
    String Option Handling
      ÔêÜ should add string options without autocomplete or choices (3 ms)
      ÔêÜ should add string options with autocomplete (2 ms)
      ÔêÜ should add string options with choices (1 ms)
    Boolean Option Handling
      ÔêÜ should add boolean options (2 ms)
    User/Role/Channel Option Handling
      ÔêÜ should add user options (1 ms)
      ÔêÜ should add role options (1 ms)
      ÔêÜ should add channel options (2 ms)
    Option Default Behavior
      ÔêÜ should use default description for options without description (1 ms)
      ÔêÜ should mark options as not required by default (1 ms)
      ÔêÜ should handle empty options array (1 ms)
    Complex Multi-Option Scenarios
      ÔêÜ should handle commands with multiple different option types (7 ms)
      ÔêÜ should handle integer with both autocomplete and choices (1 ms)

PASS tests/unit/infra/discord/DiscordClientFactory.test.js
  DiscordClientFactory
    createDiscordClient
      ÔêÜ should create a Discord client (19 ms)
      ÔêÜ should return the client instance (1 ms)
      ÔêÜ should create client with correct intents (5 ms)
      ÔêÜ should include Guilds intent (1 ms)
      ÔêÜ should include GuildMessages intent (32 ms)
      ÔêÜ should include MessageContent intent (1 ms)
      ÔêÜ should configure Channel partial (1 ms)
      ÔêÜ should register ready event listener (2 ms)
      ÔêÜ should log when client is ready (9 ms)
      ÔêÜ should use client user tag in ready log (2 ms)
    Client Configuration
      ÔêÜ should create client with intents array (2 ms)
      ÔêÜ should create client with partials array (9 ms)
      ÔêÜ should configure exactly three intents (1 ms)
      ÔêÜ should configure exactly one partial
    Ready Event Handler
      ÔêÜ should call logger with user info (1 ms)
      ÔêÜ should call ready listener with no arguments
      ÔêÜ should log "Discord client ready" message
      ÔêÜ should handle multiple ready event triggering
    Export
      ÔêÜ should export createDiscordClient function (1 ms)
      ÔêÜ should have correct function signature
    Multiple Client Instances
      ÔêÜ should create independent client instances (1 ms)
      ÔêÜ should create multiple clients with same config (1 ms)
    Error Scenarios
      ÔêÜ should handle null user in ready handler (44 ms)
      ÔêÜ should handle null tag in user object (1 ms)

PASS tests/unit/middleware/RateLimitMiddleware.test.js
  RateLimitMiddleware
    handle - rate limit allowed
      ÔêÜ should call tryConsume with command and category (68 ms)
      ÔêÜ should call next handler when rate limit allows (5 ms)
      ÔêÜ should return result from next handler (2 ms)
      ÔêÜ should not interfere with result (1 ms)
      ÔêÜ should execute before next handler (7 ms)
    handle - rate limit exceeded
      ÔêÜ should throw RateLimitError when tryConsume fails (42 ms)
      ÔêÜ should not call next when rate limited (1 ms)
      ÔêÜ should prevent handler execution on rate limit (1 ms)
    handle - different categories
      ÔêÜ should pass core category correctly (1 ms)
      ÔêÜ should pass messaging category correctly
      ÔêÜ should pass operations category correctly (1 ms)
      ÔêÜ should pass admin category correctly (1 ms)
    handle - error handling
      ÔêÜ should propagate rate limit errors (1 ms)
      ÔêÜ should propagate service errors (2 ms)
      ÔêÜ should propagate next handler errors (1 ms)
      ÔêÜ should not catch unexpected errors
    integration scenarios
      ÔêÜ should work in middleware chain
      ÔêÜ should prevent slow operations when rate limited (1 ms)
      ÔêÜ should allow burst of fast operations within limits (1 ms)
    constructor and initialization
      ÔêÜ should initialize with rate limit service
      ÔêÜ should have service available for rate limiting

PASS tests/unit/infra/ws/WsAdapter.test.js
  WsAdapter
    Constructor
      ÔêÜ should create instance (8 ms)
      ÔêÜ should store wsHolder reference (1 ms)
      ÔêÜ should store commandBus reference (1 ms)
      ÔêÜ should store logger reference
    registerListeners
      ÔêÜ should register message listener on WebSocket (1 ms)
      ÔêÜ should wait if WebSocket not connected (3 ms)
      ÔêÜ should retry connection after delay (1 ms)
    Message Handling
      Valid command messages
        ÔêÜ should parse JSON message (1 ms)
        ÔêÜ should dispatch command to bus
        ÔêÜ should include userId in command (1 ms)
        ÔêÜ should include command name
        ÔêÜ should include args in command (1 ms)
        ÔêÜ should handle metadata
        ÔêÜ should use websocket as source (1 ms)
        ÔêÜ should have null channelId
      Response Messages
        ÔêÜ should send response on success (1 ms)
        ÔêÜ should include command result in response (1 ms)
      Error Messages
        ÔêÜ should send error on command failure
        ÔêÜ should include error code (1 ms)
        ÔêÜ should use generic error code if none provided (1 ms)
        ÔêÜ should include error message
        ÔêÜ should log errors (1 ms)
      Invalid Messages
        ÔêÜ should handle non-JSON message (1 ms)
        ÔêÜ should ignore non-command messages (1 ms)
        ÔêÜ should handle malformed JSON (1 ms)
      Optional Fields
        ÔêÜ should handle missing userId
        ÔêÜ should handle missing args (1 ms)
        ÔêÜ should handle missing metadata
      Multiple Commands
        ÔêÜ should handle sequential commands (1 ms)
        ÔêÜ should handle concurrent commands (1 ms)
    WebSocket Connection States
      ÔêÜ should handle disconnected WebSocket (1 ms)
      ÔêÜ should recover when WebSocket reconnects (1 ms)

PASS tests/unit/middleware/PermissionMiddleware.test.js
  PermissionMiddleware
    handle - permission granted
      ÔêÜ should call next when permission granted (2 ms)
      ÔêÜ should return result from next handler (1 ms)
      ÔêÜ should pass context to canExecute (1 ms)
      ÔêÜ should execute middleware chain when allowed
    handle - permission denied
      ÔêÜ should throw PermissionError when denied (30 ms)
      ÔêÜ should not call next when permission denied
      ÔêÜ should throw error before calling next handler
    handle - context variations
      ÔêÜ should handle different command types (1 ms)
      ÔêÜ should handle messaging category
      ÔêÜ should handle operations category (1 ms)
    handle - error conditions
      ÔêÜ should propagate service errors (10 ms)
      ÔêÜ should not catch unexpected errors (2 ms)
      ÔêÜ should handle next handler errors (1 ms)
    integration scenarios
      ÔêÜ should work in middleware chain with other handlers (1 ms)
      ÔêÜ should prevent unauthorized access early

PASS tests/unit/infra/ws/WsClientFactory.test.js
  WsClientFactory
    Factory Function
      ÔêÜ should return client object (3 ms)
      ÔêÜ should return object with instance property (2 ms)
      ÔêÜ should return object with isConnected method (2 ms)
    WebSocket Connection
      ÔêÜ should create WebSocket instance (1 ms)
      ÔêÜ should log connection attempt (3 ms)
      ÔêÜ should register event listeners (7 ms)
    Instance Property
      ÔêÜ should expose WebSocket instance (1 ms)
      ÔêÜ should update after reconnection (7 ms)
    isConnected Method
      ÔêÜ should return true when connected (1 ms)
      ÔêÜ should return false when closed (1 ms)
      ÔêÜ should check WebSocket state correctly (1 ms)
      ÔêÜ should handle undefined readyState (1 ms)
    Open Event
      ÔêÜ should log connection success (1 ms)
      ÔêÜ should send hello message (1 ms)
      ÔêÜ should send valid JSON (2 ms)
    Close Event
      ÔêÜ should log close event (3 ms)
      ÔêÜ should reconnect after delay (4 ms)
      ÔêÜ should create new WebSocket on reconnect (4 ms)
      ÔêÜ should handle close code (3 ms)
      ÔêÜ should handle close reason (2 ms)
      ÔêÜ should handle missing reason (2 ms)
    Error Event
      ÔêÜ should log error (3 ms)
      ÔêÜ should handle various error types (1 ms)
    Custom Configuration
      ÔêÜ should accept custom WebSocket URL (1 ms)
      ÔêÜ should handle localhost URL (2 ms)
      ÔêÜ should handle remote URLs (2 ms)
    Multiple Instances
      ÔêÜ should create independent clients (13 ms)
      ÔêÜ should maintain separate WebSocket instances (2 ms)
    Reconnection Logic
      ÔêÜ should retry connection after failure (3 ms)
      ÔêÜ should use 3 second reconnection delay (6 ms)
      ÔêÜ should handle multiple reconnections (9 ms)
    State Management
      ÔêÜ should track connection state (1 ms)
      ÔêÜ should reflect reconnection in isConnected (3 ms)
    Logger Integration
      ÔêÜ should use provided logger for all logs (2 ms)
      ÔêÜ should log with correct context (1 ms)

PASS tests/unit/infra/logging/Logger.test.js
  Logger
    ÔêÜ should create logger with config (7 ms)
    ÔêÜ should set log level from config (11 ms)
    ÔêÜ should use pino-pretty in development (1 ms)
    ÔêÜ should not use transport in production (1 ms)

PASS tests/unit/infra/bootstrap.test.js
  bootstrap
    bootstrap function
      ÔêÜ should initialize command registry (37 ms)
      ÔêÜ should register core commands (37 ms)
      ÔêÜ should register messaging commands (1 ms)
      ÔêÜ should register admin commands (2 ms)
      ÔêÜ should register operations commands (2 ms)
      ÔêÜ should attach registry to help service (1 ms)
      ÔêÜ should initialize command bus (1 ms)
      ÔêÜ should initialize middleware pipeline (6 ms)
      ÔêÜ should return bootstrap result with all components (2 ms)
      ÔêÜ should create message service (2 ms)
      ÔêÜ should attach command bus to container (1 ms)
    status provider
      ÔêÜ should create status provider internally (2 ms)
    message service
      ÔêÜ should broadcast to Discord channel (8 ms)
      ÔêÜ should handle non-Discord sources (5 ms)
      ÔêÜ should not send to non-text channels (1 ms)
    command registration
      ÔêÜ should register all core handlers (5 ms)
      ÔêÜ should include command descriptions (3 ms)
      ÔêÜ should include command usage examples (3 ms)

PASS tests/unit/middleware/AuditMiddleware.test.js
  AuditMiddleware
    handle - audit logging
      ÔêÜ should call next handler (2 ms)
      ÔêÜ should log command after execution (3 ms)
      ÔêÜ should pass command to audit log (2 ms)
      ÔêÜ should pass result to audit log (1 ms)
      ÔêÜ should return result from next handler
      ÔêÜ should execute in correct order: next -> log (4 ms)
    handle - failure cases
      ÔêÜ should log failed results
      ÔêÜ should still log when next handler throws (1 ms)
      ÔêÜ should propagate errors from next handler (38 ms)
    handle - context variations
      ÔêÜ should log different command types
      ÔêÜ should log commands with complex args (1 ms)
      ÔêÜ should handle empty commands
    handle - audit repo errors
      ÔêÜ should propagate audit log errors (1 ms)
      ÔêÜ should still propagate errors even with successful handler (1 ms)
    integration scenarios
      ÔêÜ should work in full middleware chain
      ÔêÜ should not interfere with result data
    constructor and initialization
      ÔêÜ should initialize with audit repo
      ÔêÜ should have audit repo available for logging

PASS tests/unit/handlers/operations/JobStatusHandler.test.js
  JobStatusHandler
    ÔêÜ should return job status (3 ms)
    ÔêÜ should include job progress (1 ms)
    ÔêÜ should include job return value
    ÔêÜ should fail when job ID is missing (1 ms)
    ÔêÜ should fail when job is not found (1 ms)
    ÔêÜ should handle active job state
    ÔêÜ should handle pending job state (1 ms)
    ÔêÜ should propagate getState errors (11 ms)
    ÔêÜ should propagate getJob errors (9 ms)

PASS tests/unit/handlers/admin/AllowHandler.test.js
  AllowHandler
    ÔêÜ should add command to allowed list (2 ms)
    ÔêÜ should return success message with command name (2 ms)
    ÔêÜ should fail when command name is missing (2 ms)
    ÔêÜ should fail when command name is undefined (1 ms)
    ÔêÜ should propagate repo errors (9 ms)

PASS tests/unit/infra/di/DIContainer.test.js
  DI Container
    Container Creation
      ÔêÜ should create a container (3 ms)
      ÔêÜ should be a function (1 ms)
      ÔêÜ should return an object
    Container Properties
      ÔêÜ should have services property (2 ms)
      ÔêÜ should have logger property
      ÔêÜ should have db property (1 ms)
      ÔêÜ should have repositories property (1 ms)
      ÔêÜ should have redis property
      ÔêÜ should have jobQueue property (1 ms)
      ÔêÜ should have config property (1 ms)
    Services
      ÔêÜ should have services object with properties (1 ms)
      ÔêÜ should have commandService (1 ms)
      ÔêÜ should have permissionService (1 ms)
      ÔêÜ should have rateLimitService
      ÔêÜ should have helpService (1 ms)
    Infrastructure Components
      ÔêÜ should load configuration (1 ms)
      ÔêÜ should have DISCORD_TOKEN in config
      ÔêÜ should have DISCORD_CLIENT_ID in config (1 ms)
      ÔêÜ should create database instance
      ÔêÜ should create repositories object
      ÔêÜ should create Redis connection (1 ms)
      ÔêÜ should create job queue
      ÔêÜ should create logger (1 ms)
    Multiple Instances
      ÔêÜ should create independent containers
      ÔêÜ should have separate services (1 ms)

PASS tests/unit/infra/config/Config.test.js
  Config
    ÔêÜ should create config from environment (3 ms)
    ÔêÜ should parse DISCORD_TOKEN (1 ms)
    ÔêÜ should parse DISCORD_CLIENT_ID (1 ms)
    ÔêÜ should parse WS_URL
    ÔêÜ should use NODE_ENV from environment
    ÔêÜ should provide default LOG_LEVEL
    ÔêÜ should provide default HTTP_PORT

PASS tests/unit/services/RateLimitService.test.js
  RateLimitService
    with default cooldowns
      ÔêÜ should allow core commands immediately without rate limit (cooldown 0) (2 ms)
      ÔêÜ should allow admin commands immediately without rate limit (cooldown 0) (1 ms)
      ÔêÜ should allow command first time when never used (messaging) (1 ms)
      ÔêÜ should reject command when cooldown not met (messaging) (10 ms)
      ÔêÜ should allow command when cooldown is met (messaging 3000ms) (1 ms)
      ÔêÜ should reject operations command when cooldown not met (10000ms) (1 ms)
      ÔêÜ should allow operations command when cooldown is met (10000ms)
    with custom category cooldowns
      ÔêÜ should use custom category cooldown (1 ms)
      ÔêÜ should allow after custom cooldown is met (1 ms)
      ÔêÜ should preserve default category cooldowns (1 ms)
    boundary conditions
      ÔêÜ should allow exactly at cooldown boundary (1000ms)
      ÔêÜ should allow 1ms after cooldown (1 ms)
      ÔêÜ should reject 1ms before cooldown (1 ms)
    error handling
      ÔêÜ should propagate repo getLastUsed errors (3 ms)
      ÔêÜ should propagate repo setLastUsed errors (1 ms)
      ÔêÜ should throw RateLimitError for rate limit violations (1 ms)
    constructor
      ÔêÜ should accept custom category cooldowns
      ÔêÜ should merge custom with default cooldowns (1 ms)
      ÔêÜ should override default cooldowns with custom ones (1 ms)
      ÔêÜ should store default cooldown value
    unknown categories
      ÔêÜ should use default cooldown for unknown category (2 ms)
      ÔêÜ should use default cooldown when cooldown is 2000ms (3 ms)

PASS tests/integration/CommandBus.test.js
  CommandBus integration
    ÔêÜ executes ping through an empty pipeline (2 ms)

PASS tests/unit/commands/CommandRegistry.test.js
  CommandRegistry
    register
      ÔêÜ should register a command with minimal options (1 ms)
      ÔêÜ should register a command with full options (1 ms)
      ÔêÜ should use default values for missing options (1 ms)
    getHandler
      ÔêÜ should return registered handler (1 ms)
      ÔêÜ should return undefined for unregistered command
    getMeta
      ÔêÜ should return full metadata for registered command (1 ms)
      ÔêÜ should return undefined for unregistered command (1 ms)
    listCommands
      ÔêÜ should list all registered commands (1 ms)
      ÔêÜ should include all metadata in listed commands (1 ms)
      ÔêÜ should return empty array when no commands registered

PASS tests/unit/services/HelpService.test.js
  HelpService
    listCategories
      ÔêÜ should return unique categories from registry (2 ms)
      ÔêÜ should return empty array when no commands exist (1 ms)
      ÔêÜ should not include duplicate categories (1 ms)
    getCommandsByCategory
      ÔêÜ should filter commands by category (1 ms)
      ÔêÜ should return all commands when no category specified
      ÔêÜ should return empty array for non-existent category
      ÔêÜ should return commands in same order as registry (1 ms)
    paginate
      ÔêÜ should paginate commands with default page size of 5
      ÔêÜ should return correct page 2 (1 ms)
      ÔêÜ should calculate correct total pages (1 ms)
      ÔêÜ should return page 1 when page < 1
      ÔêÜ should return last page when page > total pages
      ÔêÜ should default to page 1
      ÔêÜ should handle single item pagination (3 ms)
      ÔêÜ should handle empty command list (1 ms)
    autocomplete
      ÔêÜ should return commands starting with prefix (1 ms)
      ÔêÜ should be case-insensitive (4 ms)
      ÔêÜ should limit results to 10 (1 ms)
      ÔêÜ should return empty array when no matches
      ÔêÜ should return only command names (1 ms)
    getCommandHelp
      ÔêÜ should call registry getMeta with command name (1 ms)
      ÔêÜ should return null when command not found
      ÔêÜ should return command metadata (1 ms)

PASS tests/unit/middleware/LoggingMiddleware.test.js
  LoggingMiddleware
    handle
      ÔêÜ should log command execution (3 ms)
      ÔêÜ should call next handler (8 ms)
      ÔêÜ should log successful command completion (4 ms)
      ÔêÜ should increment command counter on success (13 ms)
      ÔêÜ should return handler result (1 ms)
      ÔêÜ should handle handler errors (18 ms)
      ÔêÜ should log errors (1 ms)
      ÔêÜ should increment error counter on failure (1 ms)
      ÔêÜ should use default error code if not provided (1 ms)
    with optional metrics
      ÔêÜ should handle missing metrics gracefully

PASS tests/unit/infra/db/SqliteDb.test.js
  SqliteDb
    ÔêÜ should export createDb function (1 ms)
    ÔêÜ should be callable (1 ms)

PASS tests/unit/handlers/core/PingHandler.test.js
  PingHandler
    handle
      ÔêÜ should respond with pong (2 ms)
      ÔêÜ should return a CommandResult instance (1 ms)
      ÔêÜ should have valid result structure (1 ms)
      ÔêÜ should have no error on success

PASS tests/unit/infra/health/HealthCheck.test.js
  HealthCheck
    ÔêÜ should return health status (1 ms)
    ÔêÜ should include database status (1 ms)
    ÔêÜ should check database connection
    ÔêÜ should include Discord client status
    ÔêÜ should report Discord down when no user
    ÔêÜ should include WebSocket status (1 ms)
    ÔêÜ should report database down when disconnected
    ÔêÜ should handle missing WebSocket client (1 ms)

PASS tests/unit/handlers/core/StatsHandler.test.js
  StatsHandler
    ÔêÜ should return success CommandResult (1 ms)
    ÔêÜ should include uptime in response (1 ms)
    ÔêÜ should include loadavg from os module (1 ms)
    ÔêÜ should include memory metrics
    ÔêÜ should have heapUsed less than or equal to heapTotal
    ÔêÜ should include all required memory fields
    ÔêÜ should reflect actual process statistics (1 ms)
    ÔêÜ should return consistent data structure on multiple calls (1 ms)

PASS tests/unit/handlers/admin/AuditHandler.test.js
  AuditHandler
    ÔêÜ should list audit entries with default limit of 20 (4 ms)
    ÔêÜ should use custom limit from args (1 ms)
    ÔêÜ should return audit list with correct type (1 ms)
    ÔêÜ should handle non-numeric limit with default (1 ms)
    ÔêÜ should return empty audit when no entries
    ÔêÜ should propagate repo errors (10 ms)
    ÔêÜ should handle large limit values (1 ms)
    ÔêÜ should handle zero limit (1 ms)

PASS tests/unit/handlers/admin/AllowChannelHandler.test.js
  AllowChannelHandler
    ÔêÜ should add channel permission for command (2 ms)
    ÔêÜ should return success message with command and channel (1 ms)
    ÔêÜ should fail when command name is missing (1 ms)
    ÔêÜ should fail when channel ID is missing (1 ms)
    ÔêÜ should propagate repo errors (8 ms)

PASS tests/unit/handlers/messaging/NotifyHandler.test.js
  NotifyHandler
    ÔêÜ should send DM to user (3 ms)
    ÔêÜ should return success message (1 ms)
    ÔêÜ should join multiple message parts (1 ms)
    ÔêÜ should handle missing message with default (1 ms)
    ÔêÜ should fail when user ID is missing (1 ms)
    ÔêÜ should handle user fetch errors (2 ms)
    ÔêÜ should handle DM send errors (1 ms)

PASS tests/unit/handlers/operations/HeavyWorkHandler.test.js
  HeavyWorkHandler
    ÔêÜ should enqueue heavy work job (3 ms)
    ÔêÜ should return message and job ID (1 ms)
    ÔêÜ should set up job options with retries (1 ms)
    ÔêÜ should propagate enqueue errors (7 ms)
    ÔêÜ should handle multiple args in payload (1 ms)
    ÔêÜ should include remove on complete option (1 ms)
    ÔêÜ should return proper result structure (1 ms)

PASS tests/unit/handlers/admin/AllowUserHandler.test.js
  AllowUserHandler
    ÔêÜ should add user permission for command (2 ms)
    ÔêÜ should return success message with command and user
    ÔêÜ should fail when command name is missing
    ÔêÜ should fail when user ID is missing (1 ms)
    ÔêÜ should fail when both arguments missing
    ÔêÜ should propagate repo errors (8 ms)

PASS tests/unit/services/PermissionService.test.js
  PermissionService
    canExecute without category policy
      ÔêÜ should allow execution if command is allowed and no restrictions (2 ms)
      ÔêÜ should deny execution if command is not allowed (1 ms)
      ÔêÜ should deny if user not in allowed users list (6 ms)
      ÔêÜ should allow if user is in allowed users list (1 ms)
      ÔêÜ should deny if channel not in allowed channels (1 ms)
      ÔêÜ should deny if user lacks required role
      ÔêÜ should allow if user has one of required roles (1 ms)
    canExecute with category policy
      ÔêÜ should deny if category policy returns false
      ÔêÜ should continue checks if category policy returns true (1 ms)

PASS tests/unit/infra/discord/DiscordParserResponder.test.js
  DiscordParserResponder
    ÔêÜ should export an empty object (4 ms)
    ÔêÜ should have no properties (1 ms)
    ÔêÜ should be empty module object (3 ms)

PASS tests/unit/services/CommandService.test.js
  CommandService
    isAllowed
      ÔêÜ should check if command is allowed (2 ms)
      ÔêÜ should return false for disallowed commands (1 ms)
    listAllowed
      ÔêÜ should list all allowed commands
      ÔêÜ should return empty array if no commands allowed
    addAllowed
      ÔêÜ should add a command to allowed list (1 ms)
      ÔêÜ should handle duplicate command errors (8 ms)
    removeAllowed
      ÔêÜ should remove a command from allowed list (1 ms)
      ÔêÜ should handle non-existent command errors (2 ms)

PASS tests/unit/handlers/admin/AllowRoleHandler.test.js
  AllowRoleHandler
    ÔêÜ should add role permission for command (2 ms)
    ÔêÜ should return success message with command and role (1 ms)
    ÔêÜ should fail when command name is missing (1 ms)
    ÔêÜ should fail when role ID is missing (7 ms)
    ÔêÜ should propagate repo errors (12 ms)

PASS tests/unit/handlers/core/HelpHandler.test.js
  HelpHandler
    handle - command-specific help
      ÔêÜ should return command help when specific command is found (4 ms)
      ÔêÜ should include usage and examples in help response (1 ms)
      ÔêÜ should not call paginate when specific command is found (1 ms)
    handle - list help
      ÔêÜ should list all commands when no args provided (1 ms)
      ÔêÜ should filter by category when category name provided (1 ms)
      ÔêÜ should handle pagination with number as first arg
      ÔêÜ should handle pagination with category and page (1 ms)
      ÔêÜ should default to page 1 when page number is invalid (1 ms)
    handle - edge cases
      ÔêÜ should handle undefined args gracefully
      ÔêÜ should return error CommandResult when operation fails (1 ms)

PASS tests/unit/handlers/core/UptimeHandler.test.js
  UptimeHandler
    ÔêÜ should return success CommandResult (4 ms)
    ÔêÜ should return uptimeSeconds in response (1 ms)
    ÔêÜ should return positive uptime value (14 ms)
    ÔêÜ should return number type for uptimeSeconds (2 ms)
    ÔêÜ should match actual process uptime (1 ms)
    ÔêÜ should increase on consecutive calls (1 ms)
    ÔêÜ should have only uptimeSeconds in data
    ÔêÜ should return result with success property (1 ms)

PASS tests/unit/handlers/messaging/BroadcastHandler.test.js
  BroadcastHandler
    ÔêÜ should broadcast message to text channels (13 ms)
    ÔêÜ should not send to non-text channels (1 ms)
    ÔêÜ should count sent channels
    ÔêÜ should fail when no message provided (1 ms)
    ÔêÜ should handle empty text gracefully
    ÔêÜ should continue on channel send errors (1 ms)
    ÔêÜ should send to all working text channels
    ÔêÜ should join all args as message (1 ms)

PASS tests/unit/handlers/PingHandler.test.js
  PingHandler
    ÔêÜ returns pong (2 ms)

PASS tests/unit/handlers/core/InfoHandler.test.js
  InfoHandler
    handle
      ÔêÜ should return status information (2 ms)
      ÔêÜ should call statusProvider.getStatus (2 ms)
      ÔêÜ should return a CommandResult instance
      ÔêÜ should have no error on success (1 ms)
      ÔêÜ should handle status provider errors (6 ms)

PASS tests/unit/handlers/messaging/SayHandler.test.js
  SayHandler
    ÔêÜ should broadcast message with provided text (3 ms)
    ÔêÜ should return the message text (1 ms)
    ÔêÜ should handle single word messages (1 ms)
    ÔêÜ should handle empty args with default message
    ÔêÜ should join multiple words with spaces (1 ms)
    ÔêÜ should propagate broadcast errors (16 ms)
    ÔêÜ should handle special characters in message

PASS tests/unit/handlers/admin/DenyHandler.test.js
  DenyHandler
    ÔêÜ should remove command from allowed list (1 ms)
    ÔêÜ should return success message with command name (1 ms)
    ÔêÜ should fail when command name is missing
    ÔêÜ should propagate repo errors (5 ms)

PASS tests/unit/core/Command.test.js
  Command
    ÔêÜ should create command with required fields (1 ms)
    ÔêÜ should initialize args as empty array by default (1 ms)
    ÔêÜ should initialize metadata as empty object by default
    ÔêÜ should accept custom args (1 ms)
    ÔêÜ should accept custom metadata
    ÔêÜ should set userId to null if not provided
    ÔêÜ should set channelId to null if not provided (1 ms)
    ÔêÜ should support different sources
    ÔêÜ should preserve all properties when created
    ÔêÜ should handle empty args array (1 ms)
    ÔêÜ should handle undefined args parameter
    ÔêÜ should handle metadata not provided
    ÔêÜ should set userId to null if not provided

PASS tests/unit/infra/discord/SlashCommandAdapter.test.js
  SlashCommandAdapter
    Constructor
      ÔêÜ should create adapter instance (17 ms)
      ÔêÜ should store client (1 ms)
      ÔêÜ should store command bus (1 ms)
      ÔêÜ should store registry (1 ms)
      ÔêÜ should store logger
      ÔêÜ should store helpService
    registerListeners
      ÔêÜ should register interactionCreate listener (3 ms)
      ÔêÜ should be async handler (1 ms)
    Interaction Handling
      Chat Input Commands
        ÔêÜ should handle chat input commands (4 ms)
        ÔêÜ should skip if metadata not found (1 ms)
        ÔêÜ should parse integer arguments (2 ms)
        ÔêÜ should parse boolean arguments (1 ms)
        ÔêÜ should parse user IDs from user objects (1 ms)
        ÔêÜ should parse role IDs (1 ms)
        ÔêÜ should parse channel IDs (1 ms)
        ÔêÜ should parse string arguments (1 ms)
        ÔêÜ should skip null/undefined option values (1 ms)
        ÔêÜ should handle null user/role/channel objects (1 ms)
      Autocomplete Interactions
        ÔêÜ should ignore autocomplete interactions
      Button Interactions
        ÔêÜ should ignore button interactions
    Error Handling
      ÔêÜ should log command execution errors (1 ms)
    Command Creation
      ÔêÜ should create Command with correct structure (2 ms)
    handleChatInput - Help Command
      ÔêÜ should handle help command with command type result (1 ms)
      ÔêÜ should handle help command with list type result (1 ms)
      ÔêÜ should handle help command with null category (1 ms)
    handleChatInput - Allowed Command
      ÔêÜ should handle allowed command (2 ms)
    handleChatInput - Audit Command
      ÔêÜ should handle audit command (1 ms)
    handleChatInput - Regular Commands
      ÔêÜ should handle regular command with cooldown (1 ms)
      ÔêÜ should handle regular command without cooldown (1 ms)
    handleChatInput - Member Roles
      ÔêÜ should extract member roles when available (1 ms)
      ÔêÜ should handle missing member roles
      ÔêÜ should handle null member object (1 ms)
    handleAutocomplete
      ÔêÜ should handle deploy target autocomplete (1 ms)
      ÔêÜ should filter deploy targets by prefix (1 ms)
      ÔêÜ should limit deploy suggestions to 5 (1 ms)
      ÔêÜ should handle help command autocomplete
      ÔêÜ should limit help command suggestions to 10 (1 ms)
      ÔêÜ should respond empty for unknown autocomplete field (1 ms)
    handleButton
      ÔêÜ should handle help pagination button clicks (1 ms)
      ÔêÜ should handle all-category pagination button (1 ms)
      ÔêÜ should default to page 1 for invalid page number (1 ms)
      ÔêÜ should ignore non-help button interactions
    renderHelp
      ÔêÜ should render command help for command type (1 ms)
      ÔêÜ should render command list for list type
      ÔêÜ should render autocomplete embed for autocomplete type (1 ms)
      ÔêÜ should render default embed for unknown type
      ÔêÜ should render autocomplete when type is not explicitly command/list

PASS tests/unit/infra/queue/JobQueueService.test.js (9.61 s)
  JobQueueService
    Constructor
      ÔêÜ should create instance (16 ms)
      ÔêÜ should initialize Queue with correct options (2 ms)
      ÔêÜ should initialize QueueScheduler (1 ms)
      ÔêÜ should initialize Worker with handler function (1 ms)
      ÔêÜ should store logger reference (1 ms)
      ÔêÜ should store queue reference (1 ms)
      ÔêÜ should store worker reference
      ÔêÜ should register worker event listeners (1 ms)
    enqueue
      ÔêÜ should enqueue a job (2 ms)
      ÔêÜ should enqueue with custom options
      ÔêÜ should handle priority option
      ÔêÜ should handle delay option (1 ms)
      ÔêÜ should handle retry attempts option (30 ms)
      ÔêÜ should work with empty payload (1 ms)
    Worker Handler Function
      heavywork handler
        ÔêÜ should process heavywork jobs (2006 ms)
        ÔêÜ should wait 2 seconds for heavywork (2009 ms)
        ÔêÜ should log heavywork execution (2015 ms)
      cron handler
        ÔêÜ should process cron jobs
        ÔêÜ should log cron job execution
        ÔêÜ should handle various cron schedules (1 ms)
      unknown handler
        ÔêÜ should warn for unknown handler
        ÔêÜ should handle null handler (1 ms)
      error handling
        ÔêÜ should handle job processing errors
        ÔêÜ should log job id and name (2002 ms)
    Worker Event Listeners
      completed event
        ÔêÜ should log on job completion (1 ms)
        ÔêÜ should handle multiple completions
      failed event
        ÔêÜ should log on job failure (1 ms)
        ÔêÜ should handle null job
        ÔêÜ should handle various error types
    Integration Tests
      ÔêÜ should enqueue a job successfully (1 ms)
      ÔêÜ should handle multiple concurrent enqueues (1 ms)
      ÔêÜ should preserve job metadata

PASS tests/unit/handlers/operations/DeployHandler.test.js (11.953 s)
  DeployHandler
    ÔêÜ should deploy to production by default (1520 ms)
    ÔêÜ should deploy to specified target (1513 ms)
    ÔêÜ should return success message with target (1504 ms)
    ÔêÜ should log deployment with correct format (1503 ms)
    ÔêÜ should wait during deployment simulation (1502 ms)
    ÔêÜ should handle multiple arguments (use first) (1503 ms)
    ÔêÜ should have successful command result (1512 ms)

----------------------------|---------|----------|---------|---------|-------------------
File                        | % Stmts | % Branch | % Funcs | % Lines | Uncovered Line #s 
----------------------------|---------|----------|---------|---------|-------------------
All files                   |   89.88 |    88.51 |   90.37 |    90.1 |                   
 app/bus                    |      76 |       50 |   85.71 |   85.71 |                   
  CommandBus.js             |      75 |       50 |     100 |   72.72 | 10-12             
  MiddlewarePipeline.js     |   76.92 |       50 |      75 |     100 | 3-12              
 app/handlers/admin         |     100 |      100 |     100 |     100 |                   
  AllowChannelHandler.js    |     100 |      100 |     100 |     100 |                   
  AllowHandler.js           |     100 |      100 |     100 |     100 |                   
  AllowRoleHandler.js       |     100 |      100 |     100 |     100 |                   
  AllowUserHandler.js       |     100 |      100 |     100 |     100 |                   
  AllowedHandler.js         |     100 |      100 |     100 |     100 |                   
  AuditHandler.js           |     100 |      100 |     100 |     100 |                   
  DenyHandler.js            |     100 |      100 |     100 |     100 |                   
 app/handlers/core          |     100 |      100 |     100 |     100 |                   
  HelpHandler.js            |     100 |      100 |     100 |     100 |                   
  InfoHandler.js            |     100 |      100 |     100 |     100 |                   
  PingHandler.js            |     100 |      100 |     100 |     100 |                   
  StatsHandler.js           |     100 |      100 |     100 |     100 |                   
  UptimeHandler.js          |     100 |      100 |     100 |     100 |                   
 app/handlers/messaging     |     100 |      100 |     100 |     100 |                   
  BroadcastHandler.js       |     100 |      100 |     100 |     100 |                   
  NotifyHandler.js          |     100 |      100 |     100 |     100 |                   
  SayHandler.js             |     100 |      100 |     100 |     100 |                   
 app/handlers/operations    |     100 |      100 |     100 |     100 |                   
  DeployHandler.js          |     100 |      100 |     100 |     100 |                   
  HeavyWorkHandler.js       |     100 |      100 |     100 |     100 |                   
  JobStatusHandler.js       |     100 |      100 |     100 |     100 |                   
 app/middleware             |     100 |     87.5 |     100 |     100 |                   
  AuditMiddleware.js        |     100 |      100 |     100 |     100 |                   
  LoggingMiddleware.js      |     100 |    83.33 |     100 |     100 | 19                
  PermissionMiddleware.js   |     100 |      100 |     100 |     100 |                   
  RateLimitMiddleware.js    |     100 |      100 |     100 |     100 |                   
 core/commands              |     100 |    96.87 |     100 |     100 |                   
  Command.js                |     100 |      100 |     100 |     100 |                   
  CommandRegistry.js        |     100 |    95.65 |     100 |     100 | 40                
  CommandResult.js          |     100 |      100 |     100 |     100 |                   
 core/errors                |     100 |    66.66 |     100 |     100 |                   
  DomainError.js            |     100 |        0 |     100 |     100 | 2                 
  PermissionError.js        |     100 |      100 |     100 |     100 |                   
  RateLimitError.js         |     100 |      100 |     100 |     100 |                   
 core/services              |     100 |     92.5 |     100 |     100 |                   
  CommandService.js         |     100 |      100 |     100 |     100 |                   
  HelpService.js            |     100 |      100 |     100 |     100 |                   
  PermissionService.js      |     100 |    96.15 |     100 |     100 | 20                
  RateLimitService.js       |     100 |    81.81 |     100 |     100 | 4-16              
 infra                      |   98.33 |       75 |      80 |    98.3 |                   
  bootstrap.js              |   98.33 |       75 |      80 |    98.3 | 46                
 infra/config               |    37.5 |       25 |      50 |    37.5 |                   
  Config.js                 |      75 |       50 |     100 |      75 | 15-16             
  RedisConfig.js            |       0 |        0 |       0 |       0 | 1-18              
 infra/db                   |   73.07 |    76.92 |   79.31 |      76 |                   
  RedisFactory.js           |       0 |        0 |       0 |       0 | 1-16              
  Repositories.js           |     100 |     90.9 |     100 |     100 | 89                
  SqliteDb.js               |      25 |      100 |       0 |      25 | 4-48              
 infra/di                   |     100 |      100 |     100 |     100 |                   
  container.js              |     100 |      100 |     100 |     100 |                   
 infra/discord              |    98.9 |    92.24 |   97.29 |    99.4 |                   
  DiscordClientFactory.js   |     100 |      100 |     100 |     100 |                   
  DiscordParserResponder.js |     100 |      100 |     100 |     100 |                   
  EmbedFactory.js           |     100 |    84.84 |     100 |     100 | 22-26             
  SlashCommandAdapter.js    |   97.87 |    95.23 |   91.66 |   98.88 | 69                
  SlashCommandRegistrar.js  |     100 |       95 |     100 |     100 | 69                
 infra/health               |     100 |      100 |     100 |     100 |                   
  HealthCheck.js            |     100 |      100 |     100 |     100 |                   
 infra/logging              |     100 |      100 |     100 |     100 |                   
  Logger.js                 |     100 |      100 |     100 |     100 |                   
 infra/metrics              |       0 |      100 |       0 |       0 |                   
  Metrics.js                |       0 |      100 |       0 |       0 | 1-21              
 infra/queue                |   81.48 |      100 |      75 |   80.76 |                   
  JobQueueService.js        |     100 |      100 |     100 |     100 |                   
  Scheduler.js              |       0 |      100 |       0 |       0 | 3-21              
 infra/ws                   |     100 |      100 |     100 |     100 |                   
  WsAdapter.js              |     100 |      100 |     100 |     100 |                   
  WsClientFactory.js        |     100 |      100 |     100 |     100 |                   
 interfaces/http            |       0 |        0 |       0 |       0 |                   
  BullBoardServer.js        |       0 |        0 |       0 |       0 | 1-27              
  HealthMetricsServer.js    |       0 |        0 |       0 |       0 | 1-35              
----------------------------|---------|----------|---------|---------|-------------------
Summary of all failing tests
FAIL tests/unit/infra/discord/EmbedFactory.test.js
  ÔùÅ EmbedFactory ÔÇ║ commandResult ÔÇ║ should create result embed for successful command

    TypeError: Cannot read properties of undefined (reading 'toFixed')

    [0m [90m 22 |[39m     [36mif[39m (elapsedSec [33m!==[39m [36mnull[39m [33m||[39m cooldownSec 
[33m!==[39m [36mnull[39m) {
     [90m 23 |[39m       [36mconst[39m footerParts [33m=[39m [][33m;[39m
    [31m[1m>[22m[39m[90m 24 |[39m       [36mif[39m (elapsedSec [33m!==[39m [36mnull[39m) 
footerParts[33m.[39mpush([32m`took ${elapsedSec.toFixed(2)}s`[39m)[33m;[39m
     [90m    |[39m                                                                    [31m[1m^[22m[39m
     [90m 25 |[39m       [36mif[39m (cooldownSec [33m!==[39m [36mnull[39m) 
footerParts[33m.[39mpush([32m`cooldown ${cooldownSec}s`[39m)[33m;[39m
     [90m 26 |[39m       [36mif[39m (footerParts[33m.[39mlength) embed[33m.[39msetFooter({ 
text[33m:[39m footerParts[33m.[39mjoin([32m' ÔÇó '[39m) })[33m;[39m
     [90m 27 |[39m     }[0m

      at EmbedFactory.toFixed [as commandResult] (src/infra/discord/EmbedFactory.js:24:68)
      at Object.commandResult (tests/unit/infra/discord/EmbedFactory.test.js:64:34)

  ÔùÅ EmbedFactory ÔÇ║ commandResult ÔÇ║ should create result embed for failed command

    TypeError: Cannot read properties of undefined (reading 'toFixed')

    [0m [90m 22 |[39m     [36mif[39m (elapsedSec [33m!==[39m [36mnull[39m [33m||[39m cooldownSec 
[33m!==[39m [36mnull[39m) {
     [90m 23 |[39m       [36mconst[39m footerParts [33m=[39m [][33m;[39m
    [31m[1m>[22m[39m[90m 24 |[39m       [36mif[39m (elapsedSec [33m!==[39m [36mnull[39m) 
footerParts[33m.[39mpush([32m`took ${elapsedSec.toFixed(2)}s`[39m)[33m;[39m
     [90m    |[39m                                                                    [31m[1m^[22m[39m
     [90m 25 |[39m       [36mif[39m (cooldownSec [33m!==[39m [36mnull[39m) 
footerParts[33m.[39mpush([32m`cooldown ${cooldownSec}s`[39m)[33m;[39m
     [90m 26 |[39m       [36mif[39m (footerParts[33m.[39mlength) embed[33m.[39msetFooter({ 
text[33m:[39m footerParts[33m.[39mjoin([32m' ÔÇó '[39m) })[33m;[39m
     [90m 27 |[39m     }[0m

      at EmbedFactory.toFixed [as commandResult] (src/infra/discord/EmbedFactory.js:24:68)
      at Object.commandResult (tests/unit/infra/discord/EmbedFactory.test.js:77:34)

  ÔùÅ EmbedFactory ÔÇ║ commandResult ÔÇ║ should include cooldown in footer

    TypeError: Cannot read properties of undefined (reading 'toFixed')

    [0m [90m 22 |[39m     [36mif[39m (elapsedSec [33m!==[39m [36mnull[39m [33m||[39m cooldownSec 
[33m!==[39m [36mnull[39m) {
     [90m 23 |[39m       [36mconst[39m footerParts [33m=[39m [][33m;[39m
    [31m[1m>[22m[39m[90m 24 |[39m       [36mif[39m (elapsedSec [33m!==[39m [36mnull[39m) 
footerParts[33m.[39mpush([32m`took ${elapsedSec.toFixed(2)}s`[39m)[33m;[39m
     [90m    |[39m                                                                    [31m[1m^[22m[39m
     [90m 25 |[39m       [36mif[39m (cooldownSec [33m!==[39m [36mnull[39m) 
footerParts[33m.[39mpush([32m`cooldown ${cooldownSec}s`[39m)[33m;[39m
     [90m 26 |[39m       [36mif[39m (footerParts[33m.[39mlength) embed[33m.[39msetFooter({ 
text[33m:[39m footerParts[33m.[39mjoin([32m' ÔÇó '[39m) })[33m;[39m
     [90m 27 |[39m     }[0m

      at EmbedFactory.toFixed [as commandResult] (src/infra/discord/EmbedFactory.js:24:68)
      at Object.commandResult (tests/unit/infra/discord/EmbedFactory.test.js:98:34)

  ÔùÅ EmbedFactory ÔÇ║ commandResult ÔÇ║ should use default message for missing data

    TypeError: Cannot read properties of undefined (reading 'toFixed')

    [0m [90m 22 |[39m     [36mif[39m (elapsedSec [33m!==[39m [36mnull[39m [33m||[39m cooldownSec 
[33m!==[39m [36mnull[39m) {
     [90m 23 |[39m       [36mconst[39m footerParts [33m=[39m [][33m;[39m
    [31m[1m>[22m[39m[90m 24 |[39m       [36mif[39m (elapsedSec [33m!==[39m [36mnull[39m) 
footerParts[33m.[39mpush([32m`took ${elapsedSec.toFixed(2)}s`[39m)[33m;[39m
     [90m    |[39m                                                                    [31m[1m^[22m[39m
     [90m 25 |[39m       [36mif[39m (cooldownSec [33m!==[39m [36mnull[39m) 
footerParts[33m.[39mpush([32m`cooldown ${cooldownSec}s`[39m)[33m;[39m
     [90m 26 |[39m       [36mif[39m (footerParts[33m.[39mlength) embed[33m.[39msetFooter({ 
text[33m:[39m footerParts[33m.[39mjoin([32m' ÔÇó '[39m) })[33m;[39m
     [90m 27 |[39m     }[0m

      at EmbedFactory.toFixed [as commandResult] (src/infra/discord/EmbedFactory.js:24:68)
      at Object.commandResult (tests/unit/infra/discord/EmbedFactory.test.js:126:34)

  ÔùÅ EmbedFactory ÔÇ║ commandResult ÔÇ║ should use default error message

    TypeError: Cannot read properties of undefined (reading 'toFixed')

    [0m [90m 22 |[39m     [36mif[39m (elapsedSec [33m!==[39m [36mnull[39m [33m||[39m cooldownSec 
[33m!==[39m [36mnull[39m) {
     [90m 23 |[39m       [36mconst[39m footerParts [33m=[39m [][33m;[39m
    [31m[1m>[22m[39m[90m 24 |[39m       [36mif[39m (elapsedSec [33m!==[39m [36mnull[39m) 
footerParts[33m.[39mpush([32m`took ${elapsedSec.toFixed(2)}s`[39m)[33m;[39m
     [90m    |[39m                                                                    [31m[1m^[22m[39m
     [90m 25 |[39m       [36mif[39m (cooldownSec [33m!==[39m [36mnull[39m) 
footerParts[33m.[39mpush([32m`cooldown ${cooldownSec}s`[39m)[33m;[39m
     [90m 26 |[39m       [36mif[39m (footerParts[33m.[39mlength) embed[33m.[39msetFooter({ 
text[33m:[39m footerParts[33m.[39mjoin([32m' ÔÇó '[39m) })[33m;[39m
     [90m 27 |[39m     }[0m

      at EmbedFactory.toFixed [as commandResult] (src/infra/discord/EmbedFactory.js:24:68)
      at Object.commandResult (tests/unit/infra/discord/EmbedFactory.test.js:135:34)


Test Suites: 1 failed, 45 passed, 46 total
Tests:       5 failed, 629 passed, 634 total
Snapshots:   0 total
Time:        14.28 s
Ran all test suites.
