
> ws-discord-enterprise@1.0.0 test
> jest

node.exe : FAIL tests/unit/infra/db/Repositories.test.js
At line:1 char:1
+ & "C:\Program Files\nodejs/node.exe" "C:\Program Files\nodejs/node_mo ...
+ ~~~~~~~~~~~~~~~~~~~~~~~~~~~~~~~~~~~~~~~~~~~~~~~~~~~~~~~~~~~~~~~~~~~~~
    + CategoryInfo          : NotSpecified: (FAIL tests/unit...itories.test.js:String) [], RemoteException
    + FullyQualifiedErrorId : NativeCommandError
 
  Repositories Factory
    CommandRepository
      isAllowed
        ÔêÜ should return true if command is allowed (17 ms)
        ÔêÜ should return false if command is not allowed (1 ms)
      listAllowed
        ÔêÜ should list all allowed commands (1 ms)
        ÔêÜ should return empty array if no commands (21 ms)
      addAllowed
        ÔêÜ should add a new allowed command (2 ms)
        ÔêÜ should ignore duplicate command (1 ms)
      removeAllowed
        ÔêÜ should remove command and related permissions (4 ms)
        ÔêÜ should run delete for each query
    PermissionRepository
      isAllowed
        ÔêÜ should check if command is allowed (13 ms)
      getRoles
        ÔêÜ should get roles for a command (1 ms)
        ÔêÜ should return empty array if no roles (1 ms)
      getChannels
        ÔêÜ should get channels for a command
      getUsers
        ÔêÜ should get users for a command (1 ms)
      addRole
        ÔêÜ should add role to command (1 ms)
      addChannel
        ÔêÜ should add channel to command (1 ms)
      addUser
        ÔêÜ should add user to command (1 ms)
      listAudit
        ÔêÜ should list audit log entries
        ├ù should accept custom limit (2 ms)
    AuditRepository
      log
        ÔêÜ should log command execution (1 ms)
        ÔêÜ should log null user and channel if not provided
    RateLimitRepository
      getLastUsed
        ÔêÜ should get last used timestamp
        ÔêÜ should return null if no record (1 ms)
      setLastUsed
        ÔêÜ should set or update last used timestamp (1 ms)
    Factory Function
      ÔêÜ should log when creating repositories
      ÔêÜ should return all four repositories (2 ms)
      ÔêÜ should create instances with methods (2 ms)

  ÔùÅ Repositories Factory ÔÇ║ PermissionRepository ÔÇ║ listAudit ÔÇ║ should accept custom limit

    expect(jest.fn()).toHaveBeenCalledWith(...expected)

    Expected: 100

    Number of calls: 0

    [0m [90m 205 |[39m         mockAll[33m.[39mmockReturnValue([])[33m;[39m
     [90m 206 |[39m         [36mawait[39m repo()[33m.[39mlistAudit([35m100[39m)[33m;[39m
    [31m[1m>[22m[39m[90m 207 |[39m         
expect(mockRun)[33m.[39mtoHaveBeenCalledWith([35m100[39m)[33m;[39m
     [90m     |[39m                         [31m[1m^[22m[39m
     [90m 208 |[39m       })[33m;[39m
     [90m 209 |[39m     })[33m;[39m
     [90m 210 |[39m   })[33m;[39m[0m

      at Object.toHaveBeenCalledWith (tests/unit/infra/db/Repositories.test.js:207:25)

PASS tests/unit/handlers/admin/AllowedHandler.test.js
  AllowedHandler
    ÔêÜ should list all allowed commands (30 ms)
    ÔêÜ should filter by category (29 ms)
    ÔêÜ should paginate results (2 ms)
    ÔêÜ should handle page 2 (3 ms)
    ÔêÜ should handle unknown commands gracefully (2 ms)
    ÔêÜ should return empty list when no commands allowed (2 ms)
    ÔêÜ should propagate repo errors (23 ms)

FAIL tests/unit/infra/ws/WsAdapter.test.js
  WsAdapter
    Constructor
      ÔêÜ should create instance (29 ms)
      ÔêÜ should store wsHolder reference (1 ms)
      ÔêÜ should store commandBus reference (1 ms)
      ÔêÜ should store logger reference
    registerListeners
      ÔêÜ should register message listener on WebSocket (2 ms)
      ├ù should wait if WebSocket not connected (11 ms)
      ÔêÜ should retry connection after delay (3 ms)
    Message Handling
      Valid command messages
        ÔêÜ should parse JSON message (1 ms)
        ÔêÜ should dispatch command to bus (1 ms)
        ÔêÜ should include userId in command
        ÔêÜ should include command name
        ÔêÜ should include args in command (1 ms)
        ÔêÜ should handle metadata (1 ms)
        ÔêÜ should use websocket as source (1 ms)
        ÔêÜ should have null channelId (1 ms)
      Response Messages
        ÔêÜ should send response on success (1 ms)
        ÔêÜ should include command result in response (1 ms)
      Error Messages
        ÔêÜ should send error on command failure (12 ms)
        ÔêÜ should include error code (2 ms)
        ÔêÜ should use generic error code if none provided (1 ms)
        ÔêÜ should include error message
        ÔêÜ should log errors (2 ms)
      Invalid Messages
        ÔêÜ should handle non-JSON message (1 ms)
        ÔêÜ should ignore non-command messages (1 ms)
        ÔêÜ should handle malformed JSON (1 ms)
      Optional Fields
        ÔêÜ should handle missing userId
        ÔêÜ should handle missing args (1 ms)
        ÔêÜ should handle missing metadata (1 ms)
      Multiple Commands
        ÔêÜ should handle sequential commands (1 ms)
        ÔêÜ should handle concurrent commands (1 ms)
    WebSocket Connection States
      ├ù should handle disconnected WebSocket (1 ms)
      ÔêÜ should recover when WebSocket reconnects (2 ms)

  ÔùÅ WsAdapter ÔÇ║ registerListeners ÔÇ║ should wait if WebSocket not connected

    expect(received).toHaveBeenCalledWith(...expected)

    Matcher error: received value must be a mock or spy function

    Received has type:  function
    Received has value: [Function setTimeout]

    [0m [90m 63 |[39m       adapter[33m.[39mregisterListeners()[33m;[39m
     [90m 64 |[39m
    [31m[1m>[22m[39m[90m 65 |[39m       
expect(setTimeout)[33m.[39mtoHaveBeenCalledWith(expect[33m.[39many([33mFunction[39m)[33m,[39m 
[35m1000[39m)[33m;[39m
     [90m    |[39m                          [31m[1m^[22m[39m
     [90m 66 |[39m
     [90m 67 |[39m       jest[33m.[39museRealTimers()[33m;[39m
     [90m 68 |[39m     })[33m;[39m[0m

      at Object.toHaveBeenCalledWith (tests/unit/infra/ws/WsAdapter.test.js:65:26)

  ÔùÅ WsAdapter ÔÇ║ WebSocket Connection States ÔÇ║ should handle disconnected WebSocket

    expect(received).toHaveBeenCalled()

    Matcher error: received value must be a mock or spy function

    Received has type:  function
    Received has value: [Function setTimeout]

    [0m [90m 453 |[39m       adapter[33m.[39mregisterListeners()[33m;[39m
     [90m 454 |[39m
    [31m[1m>[22m[39m[90m 455 |[39m       expect(setTimeout)[33m.[39mtoHaveBeenCalled()[33m;[39m
     [90m     |[39m                          [31m[1m^[22m[39m
     [90m 456 |[39m
     [90m 457 |[39m       jest[33m.[39museRealTimers()[33m;[39m
     [90m 458 |[39m     })[33m;[39m[0m

      at Object.toHaveBeenCalled (tests/unit/infra/ws/WsAdapter.test.js:455:26)

FAIL tests/unit/infra/discord/SlashCommandRegistrar.test.js
  SlashCommandRegistrar
    Constructor
      ÔêÜ should create instance (20 ms)
      ÔêÜ should store config reference (1 ms)
      ÔêÜ should store registry reference (1 ms)
      ÔêÜ should store logger reference (1 ms)
    registerCommands
      ├ù should get commands from registry by group (1 ms)
      ├ù should create REST instance with token (9 ms)
      ├ù should call Discord API with correct endpoint (1 ms)
      ├ù should log registration start
      ├ù should log registration completion
      ÔêÜ should build SlashCommandBuilder for each group (2 ms)
      ÔêÜ should set group name and description (3 ms)
      ÔêÜ should add subcommands for each command in group (3 ms)
      ÔêÜ should handle empty registry (1 ms)
      ÔêÜ should use default description if not provided (1 ms)
    Error Handling
      ├ù should propagate API errors (34 ms)
      ÔêÜ should handle network errors (8 ms)
      ÔêÜ should handle invalid token (2 ms)
      ÔêÜ should handle rate limiting (2 ms)
    Command Options
      ├ù should pass command options to builder (1 ms)
      ├ù should handle multiple options per command (2 ms)
    Multiple Groups
      ÔêÜ should handle multiple command groups (1 ms)
      ÔêÜ should register all groups in single API call (2 ms)
    API Response Handling
      ├ù should handle successful registration (1 ms)
      ├ù should handle empty response (1 ms)
      ├ù should complete even with unusual response codes (1 ms)

  ÔùÅ SlashCommandRegistrar ÔÇ║ registerCommands ÔÇ║ should get commands from registry by group

    TypeError: (intermediate value).setName is not a function

    [0m [90m 60 |[39m     [36mfor[39m ([36mconst[39m [group[33m,[39m commands] [36mof[39m 
groups[33m.[39mentries()) {
     [90m 61 |[39m       [36mconst[39m builder [33m=[39m [36mnew[39m [33mSlashCommandBuilder[39m()
    [31m[1m>[22m[39m[90m 62 |[39m         [33m.[39msetName(group)
     [90m    |[39m          [31m[1m^[22m[39m
     [90m 63 |[39m         [33m.[39msetDescription([32m`${group} commands`[39m)[33m;[39m
     [90m 64 |[39m
     [90m 65 |[39m       [36mfor[39m ([36mconst[39m cmd [36mof[39m commands) {[0m

      at SlashCommandRegistrar.setName [as registerCommands] 
(src/infra/discord/SlashCommandRegistrar.js:62:10)
      at Object.registerCommands (tests/unit/infra/discord/SlashCommandRegistrar.test.js:79:23)

  ÔùÅ SlashCommandRegistrar ÔÇ║ registerCommands ÔÇ║ should create REST instance with token

    TypeError: (intermediate value).setName is not a function

    [0m [90m 60 |[39m     [36mfor[39m ([36mconst[39m [group[33m,[39m commands] [36mof[39m 
groups[33m.[39mentries()) {
     [90m 61 |[39m       [36mconst[39m builder [33m=[39m [36mnew[39m [33mSlashCommandBuilder[39m()
    [31m[1m>[22m[39m[90m 62 |[39m         [33m.[39msetName(group)
     [90m    |[39m          [31m[1m^[22m[39m
     [90m 63 |[39m         [33m.[39msetDescription([32m`${group} commands`[39m)[33m;[39m
     [90m 64 |[39m
     [90m 65 |[39m       [36mfor[39m ([36mconst[39m cmd [36mof[39m commands) {[0m

      at SlashCommandRegistrar.setName [as registerCommands] 
(src/infra/discord/SlashCommandRegistrar.js:62:10)
      at Object.registerCommands (tests/unit/infra/discord/SlashCommandRegistrar.test.js:85:23)

  ÔùÅ SlashCommandRegistrar ÔÇ║ registerCommands ÔÇ║ should call Discord API with correct endpoint

    TypeError: (intermediate value).setName is not a function

    [0m [90m 60 |[39m     [36mfor[39m ([36mconst[39m [group[33m,[39m commands] [36mof[39m 
groups[33m.[39mentries()) {
     [90m 61 |[39m       [36mconst[39m builder [33m=[39m [36mnew[39m [33mSlashCommandBuilder[39m()
    [31m[1m>[22m[39m[90m 62 |[39m         [33m.[39msetName(group)
     [90m    |[39m          [31m[1m^[22m[39m
     [90m 63 |[39m         [33m.[39msetDescription([32m`${group} commands`[39m)[33m;[39m
     [90m 64 |[39m
     [90m 65 |[39m       [36mfor[39m ([36mconst[39m cmd [36mof[39m commands) {[0m

      at SlashCommandRegistrar.setName [as registerCommands] 
(src/infra/discord/SlashCommandRegistrar.js:62:10)
      at Object.registerCommands (tests/unit/infra/discord/SlashCommandRegistrar.test.js:92:23)

  ÔùÅ SlashCommandRegistrar ÔÇ║ registerCommands ÔÇ║ should log registration start

    TypeError: (intermediate value).setName is not a function

    [0m [90m 60 |[39m     [36mfor[39m ([36mconst[39m [group[33m,[39m commands] [36mof[39m 
groups[33m.[39mentries()) {
     [90m 61 |[39m       [36mconst[39m builder [33m=[39m [36mnew[39m [33mSlashCommandBuilder[39m()
    [31m[1m>[22m[39m[90m 62 |[39m         [33m.[39msetName(group)
     [90m    |[39m          [31m[1m^[22m[39m
     [90m 63 |[39m         [33m.[39msetDescription([32m`${group} commands`[39m)[33m;[39m
     [90m 64 |[39m
     [90m 65 |[39m       [36mfor[39m ([36mconst[39m cmd [36mof[39m commands) {[0m

      at SlashCommandRegistrar.setName [as registerCommands] 
(src/infra/discord/SlashCommandRegistrar.js:62:10)
      at Object.registerCommands (tests/unit/infra/discord/SlashCommandRegistrar.test.js:102:23)

  ÔùÅ SlashCommandRegistrar ÔÇ║ registerCommands ÔÇ║ should log registration completion

    TypeError: (intermediate value).setName is not a function

    [0m [90m 60 |[39m     [36mfor[39m ([36mconst[39m [group[33m,[39m commands] [36mof[39m 
groups[33m.[39mentries()) {
     [90m 61 |[39m       [36mconst[39m builder [33m=[39m [36mnew[39m [33mSlashCommandBuilder[39m()
    [31m[1m>[22m[39m[90m 62 |[39m         [33m.[39msetName(group)
     [90m    |[39m          [31m[1m^[22m[39m
     [90m 63 |[39m         [33m.[39msetDescription([32m`${group} commands`[39m)[33m;[39m
     [90m 64 |[39m
     [90m 65 |[39m       [36mfor[39m ([36mconst[39m cmd [36mof[39m commands) {[0m

      at SlashCommandRegistrar.setName [as registerCommands] 
(src/infra/discord/SlashCommandRegistrar.js:62:10)
      at Object.registerCommands (tests/unit/infra/discord/SlashCommandRegistrar.test.js:110:23)

  ÔùÅ SlashCommandRegistrar ÔÇ║ Error Handling ÔÇ║ should propagate API errors

    expect(received).rejects.toThrow(expected)

    Expected substring: "API Error"
    Received message:   "(intermediate value).setName is not a function"

        [0m [90m 60 |[39m     [36mfor[39m ([36mconst[39m [group[33m,[39m commands] [36mof[39m 
groups[33m.[39mentries()) {
         [90m 61 |[39m       [36mconst[39m builder [33m=[39m [36mnew[39m 
[33mSlashCommandBuilder[39m()
        [31m[1m>[22m[39m[90m 62 |[39m         [33m.[39msetName(group)
         [90m    |[39m          [31m[1m^[22m[39m
         [90m 63 |[39m         [33m.[39msetDescription([32m`${group} commands`[39m)[33m;[39m
         [90m 64 |[39m
         [90m 65 |[39m       [36mfor[39m ([36mconst[39m cmd [36mof[39m commands) {[0m

      at SlashCommandRegistrar.setName [as registerCommands] 
(src/infra/discord/SlashCommandRegistrar.js:62:10)
      at Object.registerCommands (tests/unit/infra/discord/SlashCommandRegistrar.test.js:201:30)
      at Object.toThrow (tests/unit/infra/discord/SlashCommandRegistrar.test.js:201:58)

  ÔùÅ SlashCommandRegistrar ÔÇ║ Command Options ÔÇ║ should pass command options to builder

    TypeError: Cannot read properties of undefined (reading 'addStringOption')

    [0m [90m 36 |[39m       [36mcase[39m [32m'string'[39m[33m:[39m
     [90m 37 |[39m       [36mdefault[39m[33m:[39m
    [31m[1m>[22m[39m[90m 38 |[39m         sub[33m.[39maddStringOption(o [33m=>[39m {
     [90m    |[39m             [31m[1m^[22m[39m
     [90m 39 |[39m           [36mlet[39m b [33m=[39m base(o)[33m;[39m
     [90m 40 |[39m           [36mif[39m (opt[33m.[39mautocomplete) b [33m=[39m 
b[33m.[39msetAutocomplete([36mtrue[39m)[33m;[39m
     [90m 41 |[39m           [36mif[39m (opt[33m.[39mchoices[33m?[39m[33m.[39mlength) b 
[33m=[39m b[33m.[39maddChoices([33m...[39mopt[33m.[39mchoices)[33m;[39m[0m

      at addStringOption (src/infra/discord/SlashCommandRegistrar.js:38:13)
      at SlashCommandRegistrar.applyOptionsToSubcommand [as registerCommands] 
(src/infra/discord/SlashCommandRegistrar.js:72:9)
      at Object.registerCommands (tests/unit/infra/discord/SlashCommandRegistrar.test.js:247:23)

  ÔùÅ SlashCommandRegistrar ÔÇ║ Command Options ÔÇ║ should handle multiple options per command

    TypeError: Cannot read properties of undefined (reading 'addUserOption')

    [0m [90m 26 |[39m         [36mbreak[39m[33m;[39m
     [90m 27 |[39m       [36mcase[39m [32m'user'[39m[33m:[39m
    [31m[1m>[22m[39m[90m 28 |[39m         sub[33m.[39maddUserOption(o [33m=>[39m 
base(o))[33m;[39m
     [90m    |[39m             [31m[1m^[22m[39m
     [90m 29 |[39m         [36mbreak[39m[33m;[39m
     [90m 30 |[39m       [36mcase[39m [32m'role'[39m[33m:[39m
     [90m 31 |[39m         sub[33m.[39maddRoleOption(o [33m=>[39m base(o))[33m;[39m[0m

      at addUserOption (src/infra/discord/SlashCommandRegistrar.js:28:13)
      at SlashCommandRegistrar.applyOptionsToSubcommand [as registerCommands] 
(src/infra/discord/SlashCommandRegistrar.js:72:9)
      at Object.registerCommands (tests/unit/infra/discord/SlashCommandRegistrar.test.js:276:23)

  ÔùÅ SlashCommandRegistrar ÔÇ║ API Response Handling ÔÇ║ should handle successful registration

    expect(received).resolves.not.toThrow()

    Received promise rejected instead of resolved
    Rejected to value: [TypeError: (intermediate value).setName is not a function]

    [0m [90m 332 |[39m       mockRest[33m.[39mput[33m.[39mmockResolvedValue({ status[33m:[39m 
[35m200[39m[33m,[39m data[33m:[39m [] })[33m;[39m
     [90m 333 |[39m
    [31m[1m>[22m[39m[90m 334 |[39m       [36mawait[39m expect(registrar[33m.[39mregisterCommands()
)[33m.[39mresolves[33m.[39mnot[33m.[39mtoThrow()[33m;[39m
     [90m     |[39m             [31m[1m^[22m[39m
     [90m 335 |[39m     })[33m;[39m
     [90m 336 |[39m
     [90m 337 |[39m     it([32m'should handle empty response'[39m[33m,[39m [36masync[39m () 
[33m=>[39m {[0m

      at expect (node_modules/jest-circus/node_modules/expect/build/index.js:113:15)
      at Object.expect (tests/unit/infra/discord/SlashCommandRegistrar.test.js:334:13)

  ÔùÅ SlashCommandRegistrar ÔÇ║ API Response Handling ÔÇ║ should handle empty response

    expect(received).resolves.not.toThrow()

    Received promise rejected instead of resolved
    Rejected to value: [TypeError: (intermediate value).setName is not a function]

    [0m [90m 338 |[39m       mockRest[33m.[39mput[33m.[39mmockResolvedValue(undefined)[33m;[39m
     [90m 339 |[39m
    [31m[1m>[22m[39m[90m 340 |[39m       [36mawait[39m expect(registrar[33m.[39mregisterCommands()
)[33m.[39mresolves[33m.[39mnot[33m.[39mtoThrow()[33m;[39m
     [90m     |[39m             [31m[1m^[22m[39m
     [90m 341 |[39m     })[33m;[39m
     [90m 342 |[39m
     [90m 343 |[39m     it([32m'should complete even with unusual response codes'[39m[33m,[39m 
[36masync[39m () [33m=>[39m {[0m

      at expect (node_modules/jest-circus/node_modules/expect/build/index.js:113:15)
      at Object.expect (tests/unit/infra/discord/SlashCommandRegistrar.test.js:340:13)

  ÔùÅ SlashCommandRegistrar ÔÇ║ API Response Handling ÔÇ║ should complete even with unusual response codes

    expect(received).resolves.not.toThrow()

    Received promise rejected instead of resolved
    Rejected to value: [TypeError: (intermediate value).setName is not a function]

    [0m [90m 344 |[39m       mockRest[33m.[39mput[33m.[39mmockResolvedValue({ status[33m:[39m 
[35m201[39m[33m,[39m created[33m:[39m [36mtrue[39m })[33m;[39m
     [90m 345 |[39m
    [31m[1m>[22m[39m[90m 346 |[39m       [36mawait[39m expect(registrar[33m.[39mregisterCommands()
)[33m.[39mresolves[33m.[39mnot[33m.[39mtoThrow()[33m;[39m
     [90m     |[39m             [31m[1m^[22m[39m
     [90m 347 |[39m     })[33m;[39m
     [90m 348 |[39m   })[33m;[39m
     [90m 349 |[39m })[33m;[39m[0m

      at expect (node_modules/jest-circus/node_modules/expect/build/index.js:113:15)
      at Object.expect (tests/unit/infra/discord/SlashCommandRegistrar.test.js:346:13)

PASS tests/unit/services/RateLimitService.test.js
  RateLimitService
    with default cooldowns
      ÔêÜ should allow core commands immediately without rate limit (cooldown 0) (22 ms)
      ÔêÜ should allow admin commands immediately without rate limit (cooldown 0) (5 ms)
      ÔêÜ should allow command first time when never used (messaging) (3 ms)
      ÔêÜ should reject command when cooldown not met (messaging) (12 ms)
      ÔêÜ should allow command when cooldown is met (messaging 3000ms) (1 ms)
      ÔêÜ should reject operations command when cooldown not met (10000ms) (1 ms)
      ÔêÜ should allow operations command when cooldown is met (10000ms)
    with custom category cooldowns
      ÔêÜ should use custom category cooldown (1 ms)
      ÔêÜ should allow after custom cooldown is met (1 ms)
      ÔêÜ should preserve default category cooldowns
    boundary conditions
      ÔêÜ should allow exactly at cooldown boundary (1000ms) (1 ms)
      ÔêÜ should allow 1ms after cooldown
      ÔêÜ should reject 1ms before cooldown (1 ms)
    error handling
      ÔêÜ should propagate repo getLastUsed errors (4 ms)
      ÔêÜ should propagate repo setLastUsed errors (2 ms)
      ÔêÜ should throw RateLimitError for rate limit violations (2 ms)
    constructor
      ÔêÜ should accept custom category cooldowns (1 ms)
      ÔêÜ should merge custom with default cooldowns (1 ms)
      ÔêÜ should override default cooldowns with custom ones (1 ms)
      ÔêÜ should store default cooldown value
    unknown categories
      ÔêÜ should use default cooldown for unknown category (1 ms)
      ÔêÜ should use default cooldown when cooldown is 2000ms (1 ms)

FAIL tests/unit/infra/ws/WsClientFactory.test.js
  WsClientFactory
    Factory Function
      ÔêÜ should return client object (33 ms)
      ÔêÜ should return object with instance property (9 ms)
      ÔêÜ should return object with isConnected method (2 ms)
    WebSocket Connection
      ÔêÜ should create WebSocket instance (3 ms)
      ÔêÜ should log connection attempt (2 ms)
      ÔêÜ should register event listeners (32 ms)
    Instance Property
      ÔêÜ should expose WebSocket instance (2 ms)
      ÔêÜ should update after reconnection (7 ms)
    isConnected Method
      ÔêÜ should return true when connected (2 ms)
      ÔêÜ should return false when closed (2 ms)
      ├ù should return false when instance is null (5 ms)
      ÔêÜ should handle undefined readyState (1 ms)
    Open Event
      ÔêÜ should log connection success (2 ms)
      ÔêÜ should send hello message (1 ms)
      ÔêÜ should send valid JSON (2 ms)
    Close Event
      ÔêÜ should log close event (2 ms)
      ├ù should reconnect after delay (2 ms)
      ÔêÜ should create new WebSocket on reconnect (3 ms)
      ÔêÜ should handle close code (1 ms)
      ÔêÜ should handle close reason (5 ms)
      ÔêÜ should handle missing reason (1 ms)
    Error Event
      ÔêÜ should log error (1 ms)
      ÔêÜ should handle various error types (1 ms)
    Custom Configuration
      ÔêÜ should accept custom WebSocket URL (2 ms)
      ÔêÜ should handle localhost URL (1 ms)
      ÔêÜ should handle remote URLs (1 ms)
    Multiple Instances
      ÔêÜ should create independent clients (3 ms)
      ÔêÜ should maintain separate WebSocket instances (3 ms)
    Reconnection Logic
      ├ù should retry connection after failure (1 ms)
      ÔêÜ should use 3 second reconnection delay (2 ms)
      ÔêÜ should handle multiple reconnections (3 ms)
    State Management
      ÔêÜ should track connection state (2 ms)
      ÔêÜ should reflect reconnection in isConnected (3 ms)
    Logger Integration
      ÔêÜ should use provided logger for all logs (4 ms)
      ÔêÜ should log with correct context (1 ms)

  ÔùÅ WsClientFactory ÔÇ║ isConnected Method ÔÇ║ should return false when instance is null

    expect(received).toBe(expected) // Object.is equality

    Expected: false
    Received: true

    [0m [90m 111 |[39m     it([32m'should return false when instance is null'[39m[33m,[39m () 
[33m=>[39m {
     [90m 112 |[39m       wsClient[33m.[39minstance [33m=[39m [36mnull[39m[33m;[39m
    [31m[1m>[22m[39m[90m 113 |[39m       
expect(wsClient[33m.[39misConnected())[33m.[39mtoBe([36mfalse[39m)[33m;[39m
     [90m     |[39m                                      [31m[1m^[22m[39m
     [90m 114 |[39m     })[33m;[39m
     [90m 115 |[39m
     [90m 116 |[39m     it([32m'should handle undefined readyState'[39m[33m,[39m () [33m=>[39m {[0m

      at Object.toBe (tests/unit/infra/ws/WsClientFactory.test.js:113:38)

  ÔùÅ WsClientFactory ÔÇ║ Close Event ÔÇ║ should reconnect after delay

    expect(received).toHaveBeenCalledWith(...expected)

    Matcher error: received value must be a mock or spy function

    Received has type:  function
    Received has value: [Function setTimeout]

    [0m [90m 176 |[39m       closeHandler([35m1000[39m[33m,[39m 
[33mBuffer[39m[33m.[39m[36mfrom[39m([32m'Normal close'[39m))[33m;[39m
     [90m 177 |[39m
    [31m[1m>[22m[39m[90m 178 |[39m       
expect(setTimeout)[33m.[39mtoHaveBeenCalledWith(expect[33m.[39many([33mFunction[39m)[33m,[39m 
[35m3000[39m)[33m;[39m
     [90m     |[39m                          [31m[1m^[22m[39m
     [90m 179 |[39m
     [90m 180 |[39m       jest[33m.[39museRealTimers()[33m;[39m
     [90m 181 |[39m     })[33m;[39m[0m

      at Object.toHaveBeenCalledWith (tests/unit/infra/ws/WsClientFactory.test.js:178:26)

  ÔùÅ WsClientFactory ÔÇ║ Reconnection Logic ÔÇ║ should retry connection after failure

    expect(received).toHaveBeenCalledWith(...expected)

    Matcher error: received value must be a mock or spy function

    Received has type:  function
    Received has value: [Function setTimeout]

    [0m [90m 313 |[39m
     [90m 314 |[39m       closeHandler([35m1006[39m[33m,[39m 
[33mBuffer[39m[33m.[39m[36mfrom[39m([32m'Abnormal closure'[39m))[33m;[39m
    [31m[1m>[22m[39m[90m 315 |[39m       
expect(setTimeout)[33m.[39mtoHaveBeenCalledWith(expect[33m.[39many([33mFunction[39m)[33m,[39m 
[35m3000[39m)[33m;[39m
     [90m     |[39m                          [31m[1m^[22m[39m
     [90m 316 |[39m
     [90m 317 |[39m       jest[33m.[39museRealTimers()[33m;[39m
     [90m 318 |[39m     })[33m;[39m[0m

      at Object.toHaveBeenCalledWith (tests/unit/infra/ws/WsClientFactory.test.js:315:26)

PASS tests/unit/handlers/operations/HeavyWorkHandler.test.js
  HeavyWorkHandler
    ÔêÜ should enqueue heavy work job (3 ms)
    ÔêÜ should return message and job ID (1 ms)
    ÔêÜ should set up job options with retries (1 ms)
    ÔêÜ should propagate enqueue errors (24 ms)
    ÔêÜ should handle multiple args in payload (1 ms)
    ÔêÜ should include remove on complete option (1 ms)
    ÔêÜ should return proper result structure

PASS tests/unit/infra/bootstrap.test.js
  bootstrap
    bootstrap function
      ÔêÜ should initialize command registry (24 ms)
      ÔêÜ should register core commands (2 ms)
      ÔêÜ should register messaging commands (4 ms)
      ÔêÜ should register admin commands (5 ms)
      ÔêÜ should register operations commands (1 ms)
      ÔêÜ should attach registry to help service (17 ms)
      ÔêÜ should initialize command bus (3 ms)
      ÔêÜ should initialize middleware pipeline (1 ms)
      ÔêÜ should return bootstrap result with all components (2 ms)
      ÔêÜ should create message service (1 ms)
      ÔêÜ should attach command bus to container (1 ms)
    status provider
      ÔêÜ should create status provider internally (8 ms)
    message service
      ÔêÜ should broadcast to Discord channel (5 ms)
      ÔêÜ should handle non-Discord sources (1 ms)
      ÔêÜ should not send to non-text channels (1 ms)
    command registration
      ÔêÜ should register all core handlers (3 ms)
      ÔêÜ should include command descriptions (4 ms)
      ÔêÜ should include command usage examples (5 ms)

PASS tests/unit/handlers/admin/AllowUserHandler.test.js
  AllowUserHandler
    ÔêÜ should add user permission for command (2 ms)
    ÔêÜ should return success message with command and user (1 ms)
    ÔêÜ should fail when command name is missing (1 ms)
    ÔêÜ should fail when user ID is missing
    ÔêÜ should fail when both arguments missing (1 ms)
    ÔêÜ should propagate repo errors (6 ms)

PASS tests/unit/handlers/core/UptimeHandler.test.js
  UptimeHandler
    ÔêÜ should return success CommandResult (8 ms)
    ÔêÜ should return uptimeSeconds in response (1 ms)
    ÔêÜ should return positive uptime value (1 ms)
    ÔêÜ should return number type for uptimeSeconds
    ÔêÜ should match actual process uptime (1 ms)
    ÔêÜ should increase on consecutive calls
    ÔêÜ should have only uptimeSeconds in data (1 ms)
    ÔêÜ should return result with success property (1 ms)

PASS tests/unit/infra/db/SqliteDb.test.js
  SqliteDb
    ÔêÜ should export createDb function (1 ms)
    ÔêÜ should be callable

PASS tests/unit/infra/logging/Logger.test.js
  Logger
    ÔêÜ should create logger with config (3 ms)
    ÔêÜ should set log level from config
    ÔêÜ should use pino-pretty in development (2 ms)
    ÔêÜ should not use transport in production

PASS tests/unit/infra/config/Config.test.js
  Config
    ÔêÜ should create config from environment (4 ms)
    ÔêÜ should parse DISCORD_TOKEN (12 ms)
    ÔêÜ should parse DISCORD_CLIENT_ID (1 ms)
    ÔêÜ should parse WS_URL (1 ms)
    ÔêÜ should use NODE_ENV from environment
    ÔêÜ should provide default LOG_LEVEL (3 ms)
    ÔêÜ should provide default HTTP_PORT (3 ms)

PASS tests/unit/middleware/RateLimitMiddleware.test.js
  RateLimitMiddleware
    handle - rate limit allowed
      ÔêÜ should call tryConsume with command and category (2 ms)
      ÔêÜ should call next handler when rate limit allows
      ÔêÜ should return result from next handler
      ÔêÜ should not interfere with result
      ÔêÜ should execute before next handler
    handle - rate limit exceeded
      ÔêÜ should throw RateLimitError when tryConsume fails (53 ms)
      ÔêÜ should not call next when rate limited (1 ms)
      ÔêÜ should prevent handler execution on rate limit
    handle - different categories
      ÔêÜ should pass core category correctly (1 ms)
      ÔêÜ should pass messaging category correctly
      ÔêÜ should pass operations category correctly (1 ms)
      ÔêÜ should pass admin category correctly (1 ms)
    handle - error handling
      ÔêÜ should propagate rate limit errors (1 ms)
      ÔêÜ should propagate service errors (1 ms)
      ÔêÜ should propagate next handler errors (1 ms)
      ÔêÜ should not catch unexpected errors (1 ms)
    integration scenarios
      ÔêÜ should work in middleware chain
      ÔêÜ should prevent slow operations when rate limited
      ÔêÜ should allow burst of fast operations within limits (1 ms)
    constructor and initialization
      ÔêÜ should initialize with rate limit service
      ÔêÜ should have service available for rate limiting (1 ms)

PASS tests/unit/handlers/admin/AllowChannelHandler.test.js
  AllowChannelHandler
    ÔêÜ should add channel permission for command (15 ms)
    ÔêÜ should return success message with command and channel (1 ms)
    ÔêÜ should fail when command name is missing
    ÔêÜ should fail when channel ID is missing (1 ms)
    ÔêÜ should propagate repo errors (17 ms)

PASS tests/unit/handlers/admin/AllowHandler.test.js
  AllowHandler
    ÔêÜ should add command to allowed list (2 ms)
    ÔêÜ should return success message with command name (7 ms)
    ÔêÜ should fail when command name is missing (1 ms)
    ÔêÜ should fail when command name is undefined (1 ms)
    ÔêÜ should propagate repo errors (41 ms)

PASS tests/unit/handlers/core/InfoHandler.test.js
  InfoHandler
    handle
      ÔêÜ should return status information (2 ms)
      ÔêÜ should call statusProvider.getStatus (1 ms)
      ÔêÜ should return a CommandResult instance
      ÔêÜ should have no error on success (1 ms)
      ÔêÜ should handle status provider errors (6 ms)

PASS tests/unit/handlers/core/HelpHandler.test.js
  HelpHandler
    handle - command-specific help
      ÔêÜ should return command help when specific command is found (3 ms)
      ÔêÜ should include usage and examples in help response (1 ms)
      ÔêÜ should not call paginate when specific command is found
    handle - list help
      ÔêÜ should list all commands when no args provided (1 ms)
      ÔêÜ should filter by category when category name provided (1 ms)
      ÔêÜ should handle pagination with number as first arg (1 ms)
      ÔêÜ should handle pagination with category and page
      ÔêÜ should default to page 1 when page number is invalid (1 ms)
    handle - edge cases
      ÔêÜ should handle undefined args gracefully (1 ms)
      ÔêÜ should return error CommandResult when operation fails (1 ms)

PASS tests/unit/middleware/AuditMiddleware.test.js
  AuditMiddleware
    handle - audit logging
      ÔêÜ should call next handler (2 ms)
      ÔêÜ should log command after execution (1 ms)
      ÔêÜ should pass command to audit log (1 ms)
      ÔêÜ should pass result to audit log
      ÔêÜ should return result from next handler (1 ms)
      ÔêÜ should execute in correct order: next -> log
    handle - failure cases
      ÔêÜ should log failed results (1 ms)
      ÔêÜ should still log when next handler throws (1 ms)
      ÔêÜ should propagate errors from next handler (11 ms)
    handle - context variations
      ÔêÜ should log different command types (1 ms)
      ÔêÜ should log commands with complex args
      ÔêÜ should handle empty commands (1 ms)
    handle - audit repo errors
      ÔêÜ should propagate audit log errors (1 ms)
      ÔêÜ should still propagate errors even with successful handler (1 ms)
    integration scenarios
      ÔêÜ should work in full middleware chain (1 ms)
      ÔêÜ should not interfere with result data (1 ms)
    constructor and initialization
      ÔêÜ should initialize with audit repo
      ÔêÜ should have audit repo available for logging (1 ms)

PASS tests/unit/middleware/PermissionMiddleware.test.js
  PermissionMiddleware
    handle - permission granted
      ÔêÜ should call next when permission granted (1 ms)
      ÔêÜ should return result from next handler
      ÔêÜ should pass context to canExecute (1 ms)
      ÔêÜ should execute middleware chain when allowed (1 ms)
    handle - permission denied
      ÔêÜ should throw PermissionError when denied (82 ms)
      ÔêÜ should not call next when permission denied
      ÔêÜ should throw error before calling next handler (1 ms)
    handle - context variations
      ÔêÜ should handle different command types (1 ms)
      ÔêÜ should handle messaging category (1 ms)
      ÔêÜ should handle operations category
    handle - error conditions
      ÔêÜ should propagate service errors (3 ms)
      ÔêÜ should not catch unexpected errors (1 ms)
      ÔêÜ should handle next handler errors
    integration scenarios
      ÔêÜ should work in middleware chain with other handlers
      ÔêÜ should prevent unauthorized access early (1 ms)

PASS tests/unit/services/HelpService.test.js
  HelpService
    listCategories
      ÔêÜ should return unique categories from registry (2 ms)
      ÔêÜ should return empty array when no commands exist (1 ms)
      ÔêÜ should not include duplicate categories (1 ms)
    getCommandsByCategory
      ÔêÜ should filter commands by category
      ÔêÜ should return all commands when no category specified
      ÔêÜ should return empty array for non-existent category
      ÔêÜ should return commands in same order as registry
    paginate
      ÔêÜ should paginate commands with default page size of 5 (1 ms)
      ÔêÜ should return correct page 2
      ÔêÜ should calculate correct total pages
      ÔêÜ should return page 1 when page < 1
      ÔêÜ should return last page when page > total pages
      ÔêÜ should default to page 1
      ÔêÜ should handle single item pagination (6 ms)
      ÔêÜ should handle empty command list (2 ms)
    autocomplete
      ÔêÜ should return commands starting with prefix (2 ms)
      ÔêÜ should be case-insensitive (1 ms)
      ÔêÜ should limit results to 10 (2 ms)
      ÔêÜ should return empty array when no matches
      ÔêÜ should return only command names (1 ms)
    getCommandHelp
      ÔêÜ should call registry getMeta with command name (1 ms)
      ÔêÜ should return null when command not found (2 ms)
      ÔêÜ should return command metadata

PASS tests/unit/handlers/admin/DenyHandler.test.js
  DenyHandler
    ÔêÜ should remove command from allowed list (1 ms)
    ÔêÜ should return success message with command name (1 ms)
    ÔêÜ should fail when command name is missing (1 ms)
    ÔêÜ should propagate repo errors (5 ms)

PASS tests/unit/commands/CommandRegistry.test.js
  CommandRegistry
    register
      ÔêÜ should register a command with minimal options (1 ms)
      ÔêÜ should register a command with full options (1 ms)
      ÔêÜ should use default values for missing options (1 ms)
    getHandler
      ÔêÜ should return registered handler
      ÔêÜ should return undefined for unregistered command (1 ms)
    getMeta
      ÔêÜ should return full metadata for registered command
      ÔêÜ should return undefined for unregistered command (1 ms)
    listCommands
      ÔêÜ should list all registered commands (1 ms)
      ÔêÜ should include all metadata in listed commands (1 ms)
      ÔêÜ should return empty array when no commands registered (1 ms)

PASS tests/unit/core/CommandRegistry.test.js
  CommandRegistry
    ÔêÜ should create with empty handlers map (3 ms)
    ÔêÜ should register a command handler (1 ms)
    ÔêÜ should register with default options (1 ms)
    ÔêÜ should register with custom options (1 ms)
    ÔêÜ should get handler by name (1 ms)
    ÔêÜ should return undefined for non-existent handler
    ÔêÜ should get metadata by name (2 ms)
    ÔêÜ should return undefined for non-existent metadata (1 ms)
    ÔêÜ should list all commands (1 ms)
    ÔêÜ should list commands grouped by group (1 ms)
    ÔêÜ should default to core group in listByGroup (3 ms)
    ÔêÜ should handle multiple handlers in same group (1 ms)
    ÔêÜ should overwrite handler with same name (1 ms)
    ÔêÜ should preserve metadata with options in listCommands (1 ms)
    ÔêÜ should handle empty registry in listCommands
    ÔêÜ should handle empty registry in listByGroup (1 ms)
    ÔêÜ should register command with options but no handler metadata

PASS tests/integration/CommandBus.test.js
  CommandBus integration
    ÔêÜ executes ping through an empty pipeline (2 ms)

PASS tests/unit/infra/health/HealthCheck.test.js
  HealthCheck
    ÔêÜ should return health status (2 ms)
    ÔêÜ should include database status
    ÔêÜ should check database connection
    ÔêÜ should include Discord client status (1 ms)
    ÔêÜ should report Discord down when no user
    ÔêÜ should include WebSocket status
    ÔêÜ should report database down when disconnected
    ÔêÜ should handle missing WebSocket client

PASS tests/unit/services/CommandService.test.js
  CommandService
    isAllowed
      ÔêÜ should check if command is allowed (1 ms)
      ÔêÜ should return false for disallowed commands
    listAllowed
      ÔêÜ should list all allowed commands (1 ms)
      ÔêÜ should return empty array if no commands allowed
    addAllowed
      ÔêÜ should add a command to allowed list
      ÔêÜ should handle duplicate command errors (8 ms)
    removeAllowed
      ÔêÜ should remove a command from allowed list (1 ms)
      ÔêÜ should handle non-existent command errors (1 ms)

PASS tests/unit/middleware/LoggingMiddleware.test.js
  LoggingMiddleware
    handle
      ÔêÜ should log command execution (5 ms)
      ÔêÜ should call next handler (3 ms)
      ÔêÜ should log successful command completion (1 ms)
      ÔêÜ should increment command counter on success (1 ms)
      ÔêÜ should return handler result (2 ms)
      ÔêÜ should handle handler errors (17 ms)
      ÔêÜ should log errors (1 ms)
      ÔêÜ should increment error counter on failure (2 ms)
      ÔêÜ should use default error code if not provided (1 ms)
    with optional metrics
      ÔêÜ should handle missing metrics gracefully (1 ms)

PASS tests/unit/handlers/core/StatsHandler.test.js
  StatsHandler
    ÔêÜ should return success CommandResult (6 ms)
    ÔêÜ should include uptime in response (1 ms)
    ÔêÜ should include loadavg from os module (1 ms)
    ÔêÜ should include memory metrics (2 ms)
    ÔêÜ should have heapUsed less than or equal to heapTotal
    ÔêÜ should include all required memory fields (1 ms)
    ÔêÜ should reflect actual process statistics (1 ms)
    ÔêÜ should return consistent data structure on multiple calls (1 ms)

PASS tests/unit/handlers/admin/AuditHandler.test.js
  AuditHandler
    ÔêÜ should list audit entries with default limit of 20 (2 ms)
    ÔêÜ should use custom limit from args (1 ms)
    ÔêÜ should return audit list with correct type (1 ms)
    ÔêÜ should handle non-numeric limit with default
    ÔêÜ should return empty audit when no entries (1 ms)
    ÔêÜ should propagate repo errors (7 ms)
    ÔêÜ should handle large limit values (1 ms)
    ÔêÜ should handle zero limit (1 ms)

PASS tests/unit/handlers/messaging/NotifyHandler.test.js
  NotifyHandler
    ÔêÜ should send DM to user (2 ms)
    ÔêÜ should return success message
    ÔêÜ should join multiple message parts
    ÔêÜ should handle missing message with default (1 ms)
    ÔêÜ should fail when user ID is missing
    ÔêÜ should handle user fetch errors (1 ms)
    ÔêÜ should handle DM send errors (1 ms)

PASS tests/unit/handlers/messaging/SayHandler.test.js
  SayHandler
    ÔêÜ should broadcast message with provided text (1 ms)
    ÔêÜ should return the message text
    ÔêÜ should handle single word messages (1 ms)
    ÔêÜ should handle empty args with default message
    ÔêÜ should join multiple words with spaces
    ÔêÜ should propagate broadcast errors (8 ms)
    ÔêÜ should handle special characters in message (1 ms)

PASS tests/unit/core/Command.test.js
  Command
    ÔêÜ should create command with required fields (2 ms)
    ÔêÜ should initialize args as empty array by default (1 ms)
    ÔêÜ should initialize metadata as empty object by default
    ÔêÜ should accept custom args (1 ms)
    ÔêÜ should accept custom metadata
    ÔêÜ should set userId to null if not provided (1 ms)
    ÔêÜ should set channelId to null if not provided
    ÔêÜ should support different sources (1 ms)
    ÔêÜ should preserve all properties when created (8 ms)
    ÔêÜ should handle empty args array (1 ms)
    ÔêÜ should handle undefined args parameter
    ÔêÜ should handle metadata not provided (1 ms)
    ÔêÜ should set userId to null if not provided

PASS tests/unit/services/PermissionService.test.js
  PermissionService
    canExecute without category policy
      ÔêÜ should allow execution if command is allowed and no restrictions (2 ms)
      ÔêÜ should deny execution if command is not allowed (1 ms)
      ÔêÜ should deny if user not in allowed users list
      ÔêÜ should allow if user is in allowed users list (1 ms)
      ÔêÜ should deny if channel not in allowed channels
      ÔêÜ should deny if user lacks required role (1 ms)
      ÔêÜ should allow if user has one of required roles
    canExecute with category policy
      ÔêÜ should deny if category policy returns false
      ÔêÜ should continue checks if category policy returns true (1 ms)

PASS tests/unit/handlers/operations/JobStatusHandler.test.js
  JobStatusHandler
    ÔêÜ should return job status (2 ms)
    ÔêÜ should include job progress (1 ms)
    ÔêÜ should include job return value (1 ms)
    ÔêÜ should fail when job ID is missing
    ÔêÜ should fail when job is not found
    ÔêÜ should handle active job state
    ÔêÜ should handle pending job state (1 ms)
    ÔêÜ should propagate getState errors (11 ms)
    ÔêÜ should propagate getJob errors (1 ms)

PASS tests/unit/handlers/admin/AllowRoleHandler.test.js
  AllowRoleHandler
    ÔêÜ should add role permission for command (2 ms)
    ÔêÜ should return success message with command and role
    ÔêÜ should fail when command name is missing (1 ms)
    ÔêÜ should fail when role ID is missing
    ÔêÜ should propagate repo errors (11 ms)

PASS tests/unit/handlers/messaging/BroadcastHandler.test.js
  BroadcastHandler
    ÔêÜ should broadcast message to text channels (10 ms)
    ÔêÜ should not send to non-text channels (1 ms)
    ÔêÜ should count sent channels
    ÔêÜ should fail when no message provided
    ÔêÜ should handle empty text gracefully (1 ms)
    ÔêÜ should continue on channel send errors
    ÔêÜ should send to all working text channels (1 ms)
    ÔêÜ should join all args as message

PASS tests/unit/handlers/core/PingHandler.test.js
  PingHandler
    handle
      ÔêÜ should respond with pong (1 ms)
      ÔêÜ should return a CommandResult instance (1 ms)
      ÔêÜ should have valid result structure
      ÔêÜ should have no error on success

PASS tests/unit/handlers/PingHandler.test.js
  PingHandler
    ÔêÜ returns pong (1 ms)

FAIL tests/unit/infra/di/DIContainer.test.js
  DI Container
    Container Creation
      ├ù should create a container (15 ms)
      ├ù should be a function (3 ms)
    Configuration
      ├ù should load configuration (2 ms)
      ├ù should pass config to logger
      ├ù should load Redis configuration (1 ms)
    Database Setup
      ├ù should create database instance (1 ms)
      ├ù should create repositories (1 ms)
    Redis Setup
      ├ù should create Redis connection (1 ms)
      ├ù should pass Redis config to connection (2 ms)
    Services
      ├ù should have services object (8 ms)
      ├ù should include commandService (1 ms)
      ├ù should include permissionService (1 ms)
      ├ù should include rateLimitService (1 ms)
      ├ù should include helpService
      ├ù should create commandService with commandRepo
      ├ù should create permissionService with permissionRepo
      ├ù should create rateLimitService with limits
      ├ù should set rate limit timeouts
      ├ù should set rate limit per category
    Job Queue
      ├ù should create JobQueueService
      ├ù should pass Redis to JobQueueService
      ├ù should pass logger to JobQueueService
      ├ù should create Scheduler (1 ms)
      ├ù should pass job queue to Scheduler (1 ms)
    Logging and Monitoring
      ├ù should create logger (2 ms)
      ├ù should create metrics (1 ms)
    Container Return Value
      ├ù should return object with services (1 ms)
      ├ù should return object with logger (1 ms)
      ├ù should return object with db (1 ms)
      ├ù should return object with repositories (1 ms)
      ├ù should return object with redis
      ├ù should return object with jobQueue (1 ms)
      ├ù should return object with scheduler (1 ms)
      ├ù should return object with metrics
      ├ù should return object with config
    Service Dependencies
      ├ù should inject repositories into services (1 ms)
      ├ù should inject logger into all services (1 ms)
      ├ù should create separate instances for each service (1 ms)
    Rate Limiting Configuration
      ├ù should define rate limits for core commands
      ├ù should define rate limits for messaging commands (1 ms)
      ├ù should define rate limits for operations commands (1 ms)
      ├ù should define rate limits for admin commands (1 ms)
    Error Handling
      ├ù should handle config errors gracefully
      ├ù should handle database errors gracefully
    Multiple Container Instances
      ├ù should create independent containers (1 ms)
      ├ù should have separate service instances (1 ms)
      ├ù should share same configuration patterns (1 ms)

  ÔùÅ DI Container ÔÇ║ Container Creation ÔÇ║ should create a container

    TypeError: Cannot read properties of undefined (reading 'commandRepo')

    [0m [90m 22 |[39m   [36mconst[39m repositories [33m=[39m createRepositories(db[33m,[39m 
logger)[33m;[39m
     [90m 23 |[39m
    [31m[1m>[22m[39m[90m 24 |[39m   [36mconst[39m commandService [33m=[39m [36mnew[39m 
[33mCommandService[39m(repositories[33m.[39mcommandRepo)[33m;[39m
     [90m    |[39m                                                          [31m[1m^[22m[39m
     [90m 25 |[39m   [36mconst[39m permissionService [33m=[39m [36mnew[39m 
[33mPermissionService[39m(repositories[33m.[39mpermissionRepo)[33m;[39m
     [90m 26 |[39m   [36mconst[39m rateLimitService [33m=[39m [36mnew[39m 
[33mRateLimitService[39m(
     [90m 27 |[39m     repositories[33m.[39mrateLimitRepo[33m,[39m[0m

      at commandRepo (src/infra/di/container.js:24:58)
      at Object.createContainer (tests/unit/infra/di/DIContainer.test.js:97:17)

  ÔùÅ DI Container ÔÇ║ Container Creation ÔÇ║ should be a function

    TypeError: Cannot read properties of undefined (reading 'commandRepo')

    [0m [90m 22 |[39m   [36mconst[39m repositories [33m=[39m createRepositories(db[33m,[39m 
logger)[33m;[39m
     [90m 23 |[39m
    [31m[1m>[22m[39m[90m 24 |[39m   [36mconst[39m commandService [33m=[39m [36mnew[39m 
[33mCommandService[39m(repositories[33m.[39mcommandRepo)[33m;[39m
     [90m    |[39m                                                          [31m[1m^[22m[39m
     [90m 25 |[39m   [36mconst[39m permissionService [33m=[39m [36mnew[39m 
[33mPermissionService[39m(repositories[33m.[39mpermissionRepo)[33m;[39m
     [90m 26 |[39m   [36mconst[39m rateLimitService [33m=[39m [36mnew[39m 
[33mRateLimitService[39m(
     [90m 27 |[39m     repositories[33m.[39mrateLimitRepo[33m,[39m[0m

      at commandRepo (src/infra/di/container.js:24:58)
      at Object.createContainer (tests/unit/infra/di/DIContainer.test.js:97:17)

  ÔùÅ DI Container ÔÇ║ Configuration ÔÇ║ should load configuration

    TypeError: Cannot read properties of undefined (reading 'commandRepo')

    [0m [90m 22 |[39m   [36mconst[39m repositories [33m=[39m createRepositories(db[33m,[39m 
logger)[33m;[39m
     [90m 23 |[39m
    [31m[1m>[22m[39m[90m 24 |[39m   [36mconst[39m commandService [33m=[39m [36mnew[39m 
[33mCommandService[39m(repositories[33m.[39mcommandRepo)[33m;[39m
     [90m    |[39m                                                          [31m[1m^[22m[39m
     [90m 25 |[39m   [36mconst[39m permissionService [33m=[39m [36mnew[39m 
[33mPermissionService[39m(repositories[33m.[39mpermissionRepo)[33m;[39m
     [90m 26 |[39m   [36mconst[39m rateLimitService [33m=[39m [36mnew[39m 
[33mRateLimitService[39m(
     [90m 27 |[39m     repositories[33m.[39mrateLimitRepo[33m,[39m[0m

      at commandRepo (src/infra/di/container.js:24:58)
      at Object.createContainer (tests/unit/infra/di/DIContainer.test.js:97:17)

  ÔùÅ DI Container ÔÇ║ Configuration ÔÇ║ should pass config to logger

    TypeError: Cannot read properties of undefined (reading 'commandRepo')

    [0m [90m 22 |[39m   [36mconst[39m repositories [33m=[39m createRepositories(db[33m,[39m 
logger)[33m;[39m
     [90m 23 |[39m
    [31m[1m>[22m[39m[90m 24 |[39m   [36mconst[39m commandService [33m=[39m [36mnew[39m 
[33mCommandService[39m(repositories[33m.[39mcommandRepo)[33m;[39m
     [90m    |[39m                                                          [31m[1m^[22m[39m
     [90m 25 |[39m   [36mconst[39m permissionService [33m=[39m [36mnew[39m 
[33mPermissionService[39m(repositories[33m.[39mpermissionRepo)[33m;[39m
     [90m 26 |[39m   [36mconst[39m rateLimitService [33m=[39m [36mnew[39m 
[33mRateLimitService[39m(
     [90m 27 |[39m     repositories[33m.[39mrateLimitRepo[33m,[39m[0m

      at commandRepo (src/infra/di/container.js:24:58)
      at Object.createContainer (tests/unit/infra/di/DIContainer.test.js:97:17)

  ÔùÅ DI Container ÔÇ║ Configuration ÔÇ║ should load Redis configuration

    TypeError: Cannot read properties of undefined (reading 'commandRepo')

    [0m [90m 22 |[39m   [36mconst[39m repositories [33m=[39m createRepositories(db[33m,[39m 
logger)[33m;[39m
     [90m 23 |[39m
    [31m[1m>[22m[39m[90m 24 |[39m   [36mconst[39m commandService [33m=[39m [36mnew[39m 
[33mCommandService[39m(repositories[33m.[39mcommandRepo)[33m;[39m
     [90m    |[39m                                                          [31m[1m^[22m[39m
     [90m 25 |[39m   [36mconst[39m permissionService [33m=[39m [36mnew[39m 
[33mPermissionService[39m(repositories[33m.[39mpermissionRepo)[33m;[39m
     [90m 26 |[39m   [36mconst[39m rateLimitService [33m=[39m [36mnew[39m 
[33mRateLimitService[39m(
     [90m 27 |[39m     repositories[33m.[39mrateLimitRepo[33m,[39m[0m

      at commandRepo (src/infra/di/container.js:24:58)
      at Object.createContainer (tests/unit/infra/di/DIContainer.test.js:97:17)

  ÔùÅ DI Container ÔÇ║ Database Setup ÔÇ║ should create database instance

    TypeError: Cannot read properties of undefined (reading 'commandRepo')

    [0m [90m 22 |[39m   [36mconst[39m repositories [33m=[39m createRepositories(db[33m,[39m 
logger)[33m;[39m
     [90m 23 |[39m
    [31m[1m>[22m[39m[90m 24 |[39m   [36mconst[39m commandService [33m=[39m [36mnew[39m 
[33mCommandService[39m(repositories[33m.[39mcommandRepo)[33m;[39m
     [90m    |[39m                                                          [31m[1m^[22m[39m
     [90m 25 |[39m   [36mconst[39m permissionService [33m=[39m [36mnew[39m 
[33mPermissionService[39m(repositories[33m.[39mpermissionRepo)[33m;[39m
     [90m 26 |[39m   [36mconst[39m rateLimitService [33m=[39m [36mnew[39m 
[33mRateLimitService[39m(
     [90m 27 |[39m     repositories[33m.[39mrateLimitRepo[33m,[39m[0m

      at commandRepo (src/infra/di/container.js:24:58)
      at Object.createContainer (tests/unit/infra/di/DIContainer.test.js:97:17)

  ÔùÅ DI Container ÔÇ║ Database Setup ÔÇ║ should create repositories

    TypeError: Cannot read properties of undefined (reading 'commandRepo')

    [0m [90m 22 |[39m   [36mconst[39m repositories [33m=[39m createRepositories(db[33m,[39m 
logger)[33m;[39m
     [90m 23 |[39m
    [31m[1m>[22m[39m[90m 24 |[39m   [36mconst[39m commandService [33m=[39m [36mnew[39m 
[33mCommandService[39m(repositories[33m.[39mcommandRepo)[33m;[39m
     [90m    |[39m                                                          [31m[1m^[22m[39m
     [90m 25 |[39m   [36mconst[39m permissionService [33m=[39m [36mnew[39m 
[33mPermissionService[39m(repositories[33m.[39mpermissionRepo)[33m;[39m
     [90m 26 |[39m   [36mconst[39m rateLimitService [33m=[39m [36mnew[39m 
[33mRateLimitService[39m(
     [90m 27 |[39m     repositories[33m.[39mrateLimitRepo[33m,[39m[0m

      at commandRepo (src/infra/di/container.js:24:58)
      at Object.createContainer (tests/unit/infra/di/DIContainer.test.js:97:17)

  ÔùÅ DI Container ÔÇ║ Redis Setup ÔÇ║ should create Redis connection

    TypeError: Cannot read properties of undefined (reading 'commandRepo')

    [0m [90m 22 |[39m   [36mconst[39m repositories [33m=[39m createRepositories(db[33m,[39m 
logger)[33m;[39m
     [90m 23 |[39m
    [31m[1m>[22m[39m[90m 24 |[39m   [36mconst[39m commandService [33m=[39m [36mnew[39m 
[33mCommandService[39m(repositories[33m.[39mcommandRepo)[33m;[39m
     [90m    |[39m                                                          [31m[1m^[22m[39m
     [90m 25 |[39m   [36mconst[39m permissionService [33m=[39m [36mnew[39m 
[33mPermissionService[39m(repositories[33m.[39mpermissionRepo)[33m;[39m
     [90m 26 |[39m   [36mconst[39m rateLimitService [33m=[39m [36mnew[39m 
[33mRateLimitService[39m(
     [90m 27 |[39m     repositories[33m.[39mrateLimitRepo[33m,[39m[0m

      at commandRepo (src/infra/di/container.js:24:58)
      at Object.createContainer (tests/unit/infra/di/DIContainer.test.js:97:17)

  ÔùÅ DI Container ÔÇ║ Redis Setup ÔÇ║ should pass Redis config to connection

    TypeError: Cannot read properties of undefined (reading 'commandRepo')

    [0m [90m 22 |[39m   [36mconst[39m repositories [33m=[39m createRepositories(db[33m,[39m 
logger)[33m;[39m
     [90m 23 |[39m
    [31m[1m>[22m[39m[90m 24 |[39m   [36mconst[39m commandService [33m=[39m [36mnew[39m 
[33mCommandService[39m(repositories[33m.[39mcommandRepo)[33m;[39m
     [90m    |[39m                                                          [31m[1m^[22m[39m
     [90m 25 |[39m   [36mconst[39m permissionService [33m=[39m [36mnew[39m 
[33mPermissionService[39m(repositories[33m.[39mpermissionRepo)[33m;[39m
     [90m 26 |[39m   [36mconst[39m rateLimitService [33m=[39m [36mnew[39m 
[33mRateLimitService[39m(
     [90m 27 |[39m     repositories[33m.[39mrateLimitRepo[33m,[39m[0m

      at commandRepo (src/infra/di/container.js:24:58)
      at Object.createContainer (tests/unit/infra/di/DIContainer.test.js:97:17)

  ÔùÅ DI Container ÔÇ║ Services ÔÇ║ should have services object

    TypeError: Cannot read properties of undefined (reading 'commandRepo')

    [0m [90m 22 |[39m   [36mconst[39m repositories [33m=[39m createRepositories(db[33m,[39m 
logger)[33m;[39m
     [90m 23 |[39m
    [31m[1m>[22m[39m[90m 24 |[39m   [36mconst[39m commandService [33m=[39m [36mnew[39m 
[33mCommandService[39m(repositories[33m.[39mcommandRepo)[33m;[39m
     [90m    |[39m                                                          [31m[1m^[22m[39m
     [90m 25 |[39m   [36mconst[39m permissionService [33m=[39m [36mnew[39m 
[33mPermissionService[39m(repositories[33m.[39mpermissionRepo)[33m;[39m
     [90m 26 |[39m   [36mconst[39m rateLimitService [33m=[39m [36mnew[39m 
[33mRateLimitService[39m(
     [90m 27 |[39m     repositories[33m.[39mrateLimitRepo[33m,[39m[0m

      at commandRepo (src/infra/di/container.js:24:58)
      at Object.createContainer (tests/unit/infra/di/DIContainer.test.js:97:17)

  ÔùÅ DI Container ÔÇ║ Services ÔÇ║ should include commandService

    TypeError: Cannot read properties of undefined (reading 'commandRepo')

    [0m [90m 22 |[39m   [36mconst[39m repositories [33m=[39m createRepositories(db[33m,[39m 
logger)[33m;[39m
     [90m 23 |[39m
    [31m[1m>[22m[39m[90m 24 |[39m   [36mconst[39m commandService [33m=[39m [36mnew[39m 
[33mCommandService[39m(repositories[33m.[39mcommandRepo)[33m;[39m
     [90m    |[39m                                                          [31m[1m^[22m[39m
     [90m 25 |[39m   [36mconst[39m permissionService [33m=[39m [36mnew[39m 
[33mPermissionService[39m(repositories[33m.[39mpermissionRepo)[33m;[39m
     [90m 26 |[39m   [36mconst[39m rateLimitService [33m=[39m [36mnew[39m 
[33mRateLimitService[39m(
     [90m 27 |[39m     repositories[33m.[39mrateLimitRepo[33m,[39m[0m

      at commandRepo (src/infra/di/container.js:24:58)
      at Object.createContainer (tests/unit/infra/di/DIContainer.test.js:97:17)

  ÔùÅ DI Container ÔÇ║ Services ÔÇ║ should include permissionService

    TypeError: Cannot read properties of undefined (reading 'commandRepo')

    [0m [90m 22 |[39m   [36mconst[39m repositories [33m=[39m createRepositories(db[33m,[39m 
logger)[33m;[39m
     [90m 23 |[39m
    [31m[1m>[22m[39m[90m 24 |[39m   [36mconst[39m commandService [33m=[39m [36mnew[39m 
[33mCommandService[39m(repositories[33m.[39mcommandRepo)[33m;[39m
     [90m    |[39m                                                          [31m[1m^[22m[39m
     [90m 25 |[39m   [36mconst[39m permissionService [33m=[39m [36mnew[39m 
[33mPermissionService[39m(repositories[33m.[39mpermissionRepo)[33m;[39m
     [90m 26 |[39m   [36mconst[39m rateLimitService [33m=[39m [36mnew[39m 
[33mRateLimitService[39m(
     [90m 27 |[39m     repositories[33m.[39mrateLimitRepo[33m,[39m[0m

      at commandRepo (src/infra/di/container.js:24:58)
      at Object.createContainer (tests/unit/infra/di/DIContainer.test.js:97:17)

  ÔùÅ DI Container ÔÇ║ Services ÔÇ║ should include rateLimitService

    TypeError: Cannot read properties of undefined (reading 'commandRepo')

    [0m [90m 22 |[39m   [36mconst[39m repositories [33m=[39m createRepositories(db[33m,[39m 
logger)[33m;[39m
     [90m 23 |[39m
    [31m[1m>[22m[39m[90m 24 |[39m   [36mconst[39m commandService [33m=[39m [36mnew[39m 
[33mCommandService[39m(repositories[33m.[39mcommandRepo)[33m;[39m
     [90m    |[39m                                                          [31m[1m^[22m[39m
     [90m 25 |[39m   [36mconst[39m permissionService [33m=[39m [36mnew[39m 
[33mPermissionService[39m(repositories[33m.[39mpermissionRepo)[33m;[39m
     [90m 26 |[39m   [36mconst[39m rateLimitService [33m=[39m [36mnew[39m 
[33mRateLimitService[39m(
     [90m 27 |[39m     repositories[33m.[39mrateLimitRepo[33m,[39m[0m

      at commandRepo (src/infra/di/container.js:24:58)
      at Object.createContainer (tests/unit/infra/di/DIContainer.test.js:97:17)

  ÔùÅ DI Container ÔÇ║ Services ÔÇ║ should include helpService

    TypeError: Cannot read properties of undefined (reading 'commandRepo')

    [0m [90m 22 |[39m   [36mconst[39m repositories [33m=[39m createRepositories(db[33m,[39m 
logger)[33m;[39m
     [90m 23 |[39m
    [31m[1m>[22m[39m[90m 24 |[39m   [36mconst[39m commandService [33m=[39m [36mnew[39m 
[33mCommandService[39m(repositories[33m.[39mcommandRepo)[33m;[39m
     [90m    |[39m                                                          [31m[1m^[22m[39m
     [90m 25 |[39m   [36mconst[39m permissionService [33m=[39m [36mnew[39m 
[33mPermissionService[39m(repositories[33m.[39mpermissionRepo)[33m;[39m
     [90m 26 |[39m   [36mconst[39m rateLimitService [33m=[39m [36mnew[39m 
[33mRateLimitService[39m(
     [90m 27 |[39m     repositories[33m.[39mrateLimitRepo[33m,[39m[0m

      at commandRepo (src/infra/di/container.js:24:58)
      at Object.createContainer (tests/unit/infra/di/DIContainer.test.js:97:17)

  ÔùÅ DI Container ÔÇ║ Services ÔÇ║ should create commandService with commandRepo

    TypeError: Cannot read properties of undefined (reading 'commandRepo')

    [0m [90m 22 |[39m   [36mconst[39m repositories [33m=[39m createRepositories(db[33m,[39m 
logger)[33m;[39m
     [90m 23 |[39m
    [31m[1m>[22m[39m[90m 24 |[39m   [36mconst[39m commandService [33m=[39m [36mnew[39m 
[33mCommandService[39m(repositories[33m.[39mcommandRepo)[33m;[39m
     [90m    |[39m                                                          [31m[1m^[22m[39m
     [90m 25 |[39m   [36mconst[39m permissionService [33m=[39m [36mnew[39m 
[33mPermissionService[39m(repositories[33m.[39mpermissionRepo)[33m;[39m
     [90m 26 |[39m   [36mconst[39m rateLimitService [33m=[39m [36mnew[39m 
[33mRateLimitService[39m(
     [90m 27 |[39m     repositories[33m.[39mrateLimitRepo[33m,[39m[0m

      at commandRepo (src/infra/di/container.js:24:58)
      at Object.createContainer (tests/unit/infra/di/DIContainer.test.js:97:17)

  ÔùÅ DI Container ÔÇ║ Services ÔÇ║ should create permissionService with permissionRepo

    TypeError: Cannot read properties of undefined (reading 'commandRepo')

    [0m [90m 22 |[39m   [36mconst[39m repositories [33m=[39m createRepositories(db[33m,[39m 
logger)[33m;[39m
     [90m 23 |[39m
    [31m[1m>[22m[39m[90m 24 |[39m   [36mconst[39m commandService [33m=[39m [36mnew[39m 
[33mCommandService[39m(repositories[33m.[39mcommandRepo)[33m;[39m
     [90m    |[39m                                                          [31m[1m^[22m[39m
     [90m 25 |[39m   [36mconst[39m permissionService [33m=[39m [36mnew[39m 
[33mPermissionService[39m(repositories[33m.[39mpermissionRepo)[33m;[39m
     [90m 26 |[39m   [36mconst[39m rateLimitService [33m=[39m [36mnew[39m 
[33mRateLimitService[39m(
     [90m 27 |[39m     repositories[33m.[39mrateLimitRepo[33m,[39m[0m

      at commandRepo (src/infra/di/container.js:24:58)
      at Object.createContainer (tests/unit/infra/di/DIContainer.test.js:97:17)

  ÔùÅ DI Container ÔÇ║ Services ÔÇ║ should create rateLimitService with limits

    TypeError: Cannot read properties of undefined (reading 'commandRepo')

    [0m [90m 22 |[39m   [36mconst[39m repositories [33m=[39m createRepositories(db[33m,[39m 
logger)[33m;[39m
     [90m 23 |[39m
    [31m[1m>[22m[39m[90m 24 |[39m   [36mconst[39m commandService [33m=[39m [36mnew[39m 
[33mCommandService[39m(repositories[33m.[39mcommandRepo)[33m;[39m
     [90m    |[39m                                                          [31m[1m^[22m[39m
     [90m 25 |[39m   [36mconst[39m permissionService [33m=[39m [36mnew[39m 
[33mPermissionService[39m(repositories[33m.[39mpermissionRepo)[33m;[39m
     [90m 26 |[39m   [36mconst[39m rateLimitService [33m=[39m [36mnew[39m 
[33mRateLimitService[39m(
     [90m 27 |[39m     repositories[33m.[39mrateLimitRepo[33m,[39m[0m

      at commandRepo (src/infra/di/container.js:24:58)
      at Object.createContainer (tests/unit/infra/di/DIContainer.test.js:97:17)

  ÔùÅ DI Container ÔÇ║ Services ÔÇ║ should set rate limit timeouts

    TypeError: Cannot read properties of undefined (reading 'commandRepo')

    [0m [90m 22 |[39m   [36mconst[39m repositories [33m=[39m createRepositories(db[33m,[39m 
logger)[33m;[39m
     [90m 23 |[39m
    [31m[1m>[22m[39m[90m 24 |[39m   [36mconst[39m commandService [33m=[39m [36mnew[39m 
[33mCommandService[39m(repositories[33m.[39mcommandRepo)[33m;[39m
     [90m    |[39m                                                          [31m[1m^[22m[39m
     [90m 25 |[39m   [36mconst[39m permissionService [33m=[39m [36mnew[39m 
[33mPermissionService[39m(repositories[33m.[39mpermissionRepo)[33m;[39m
     [90m 26 |[39m   [36mconst[39m rateLimitService [33m=[39m [36mnew[39m 
[33mRateLimitService[39m(
     [90m 27 |[39m     repositories[33m.[39mrateLimitRepo[33m,[39m[0m

      at commandRepo (src/infra/di/container.js:24:58)
      at Object.createContainer (tests/unit/infra/di/DIContainer.test.js:97:17)

  ÔùÅ DI Container ÔÇ║ Services ÔÇ║ should set rate limit per category

    TypeError: Cannot read properties of undefined (reading 'commandRepo')

    [0m [90m 22 |[39m   [36mconst[39m repositories [33m=[39m createRepositories(db[33m,[39m 
logger)[33m;[39m
     [90m 23 |[39m
    [31m[1m>[22m[39m[90m 24 |[39m   [36mconst[39m commandService [33m=[39m [36mnew[39m 
[33mCommandService[39m(repositories[33m.[39mcommandRepo)[33m;[39m
     [90m    |[39m                                                          [31m[1m^[22m[39m
     [90m 25 |[39m   [36mconst[39m permissionService [33m=[39m [36mnew[39m 
[33mPermissionService[39m(repositories[33m.[39mpermissionRepo)[33m;[39m
     [90m 26 |[39m   [36mconst[39m rateLimitService [33m=[39m [36mnew[39m 
[33mRateLimitService[39m(
     [90m 27 |[39m     repositories[33m.[39mrateLimitRepo[33m,[39m[0m

      at commandRepo (src/infra/di/container.js:24:58)
      at Object.createContainer (tests/unit/infra/di/DIContainer.test.js:97:17)

  ÔùÅ DI Container ÔÇ║ Job Queue ÔÇ║ should create JobQueueService

    TypeError: Cannot read properties of undefined (reading 'commandRepo')

    [0m [90m 22 |[39m   [36mconst[39m repositories [33m=[39m createRepositories(db[33m,[39m 
logger)[33m;[39m
     [90m 23 |[39m
    [31m[1m>[22m[39m[90m 24 |[39m   [36mconst[39m commandService [33m=[39m [36mnew[39m 
[33mCommandService[39m(repositories[33m.[39mcommandRepo)[33m;[39m
     [90m    |[39m                                                          [31m[1m^[22m[39m
     [90m 25 |[39m   [36mconst[39m permissionService [33m=[39m [36mnew[39m 
[33mPermissionService[39m(repositories[33m.[39mpermissionRepo)[33m;[39m
     [90m 26 |[39m   [36mconst[39m rateLimitService [33m=[39m [36mnew[39m 
[33mRateLimitService[39m(
     [90m 27 |[39m     repositories[33m.[39mrateLimitRepo[33m,[39m[0m

      at commandRepo (src/infra/di/container.js:24:58)
      at Object.createContainer (tests/unit/infra/di/DIContainer.test.js:97:17)

  ÔùÅ DI Container ÔÇ║ Job Queue ÔÇ║ should pass Redis to JobQueueService

    TypeError: Cannot read properties of undefined (reading 'commandRepo')

    [0m [90m 22 |[39m   [36mconst[39m repositories [33m=[39m createRepositories(db[33m,[39m 
logger)[33m;[39m
     [90m 23 |[39m
    [31m[1m>[22m[39m[90m 24 |[39m   [36mconst[39m commandService [33m=[39m [36mnew[39m 
[33mCommandService[39m(repositories[33m.[39mcommandRepo)[33m;[39m
     [90m    |[39m                                                          [31m[1m^[22m[39m
     [90m 25 |[39m   [36mconst[39m permissionService [33m=[39m [36mnew[39m 
[33mPermissionService[39m(repositories[33m.[39mpermissionRepo)[33m;[39m
     [90m 26 |[39m   [36mconst[39m rateLimitService [33m=[39m [36mnew[39m 
[33mRateLimitService[39m(
     [90m 27 |[39m     repositories[33m.[39mrateLimitRepo[33m,[39m[0m

      at commandRepo (src/infra/di/container.js:24:58)
      at Object.createContainer (tests/unit/infra/di/DIContainer.test.js:97:17)

  ÔùÅ DI Container ÔÇ║ Job Queue ÔÇ║ should pass logger to JobQueueService

    TypeError: Cannot read properties of undefined (reading 'commandRepo')

    [0m [90m 22 |[39m   [36mconst[39m repositories [33m=[39m createRepositories(db[33m,[39m 
logger)[33m;[39m
     [90m 23 |[39m
    [31m[1m>[22m[39m[90m 24 |[39m   [36mconst[39m commandService [33m=[39m [36mnew[39m 
[33mCommandService[39m(repositories[33m.[39mcommandRepo)[33m;[39m
     [90m    |[39m                                                          [31m[1m^[22m[39m
     [90m 25 |[39m   [36mconst[39m permissionService [33m=[39m [36mnew[39m 
[33mPermissionService[39m(repositories[33m.[39mpermissionRepo)[33m;[39m
     [90m 26 |[39m   [36mconst[39m rateLimitService [33m=[39m [36mnew[39m 
[33mRateLimitService[39m(
     [90m 27 |[39m     repositories[33m.[39mrateLimitRepo[33m,[39m[0m

      at commandRepo (src/infra/di/container.js:24:58)
      at Object.createContainer (tests/unit/infra/di/DIContainer.test.js:97:17)

  ÔùÅ DI Container ÔÇ║ Job Queue ÔÇ║ should create Scheduler

    TypeError: Cannot read properties of undefined (reading 'commandRepo')

    [0m [90m 22 |[39m   [36mconst[39m repositories [33m=[39m createRepositories(db[33m,[39m 
logger)[33m;[39m
     [90m 23 |[39m
    [31m[1m>[22m[39m[90m 24 |[39m   [36mconst[39m commandService [33m=[39m [36mnew[39m 
[33mCommandService[39m(repositories[33m.[39mcommandRepo)[33m;[39m
     [90m    |[39m                                                          [31m[1m^[22m[39m
     [90m 25 |[39m   [36mconst[39m permissionService [33m=[39m [36mnew[39m 
[33mPermissionService[39m(repositories[33m.[39mpermissionRepo)[33m;[39m
     [90m 26 |[39m   [36mconst[39m rateLimitService [33m=[39m [36mnew[39m 
[33mRateLimitService[39m(
     [90m 27 |[39m     repositories[33m.[39mrateLimitRepo[33m,[39m[0m

      at commandRepo (src/infra/di/container.js:24:58)
      at Object.createContainer (tests/unit/infra/di/DIContainer.test.js:97:17)

  ÔùÅ DI Container ÔÇ║ Job Queue ÔÇ║ should pass job queue to Scheduler

    TypeError: Cannot read properties of undefined (reading 'commandRepo')

    [0m [90m 22 |[39m   [36mconst[39m repositories [33m=[39m createRepositories(db[33m,[39m 
logger)[33m;[39m
     [90m 23 |[39m
    [31m[1m>[22m[39m[90m 24 |[39m   [36mconst[39m commandService [33m=[39m [36mnew[39m 
[33mCommandService[39m(repositories[33m.[39mcommandRepo)[33m;[39m
     [90m    |[39m                                                          [31m[1m^[22m[39m
     [90m 25 |[39m   [36mconst[39m permissionService [33m=[39m [36mnew[39m 
[33mPermissionService[39m(repositories[33m.[39mpermissionRepo)[33m;[39m
     [90m 26 |[39m   [36mconst[39m rateLimitService [33m=[39m [36mnew[39m 
[33mRateLimitService[39m(
     [90m 27 |[39m     repositories[33m.[39mrateLimitRepo[33m,[39m[0m

      at commandRepo (src/infra/di/container.js:24:58)
      at Object.createContainer (tests/unit/infra/di/DIContainer.test.js:97:17)

  ÔùÅ DI Container ÔÇ║ Logging and Monitoring ÔÇ║ should create logger

    TypeError: Cannot read properties of undefined (reading 'commandRepo')

    [0m [90m 22 |[39m   [36mconst[39m repositories [33m=[39m createRepositories(db[33m,[39m 
logger)[33m;[39m
     [90m 23 |[39m
    [31m[1m>[22m[39m[90m 24 |[39m   [36mconst[39m commandService [33m=[39m [36mnew[39m 
[33mCommandService[39m(repositories[33m.[39mcommandRepo)[33m;[39m
     [90m    |[39m                                                          [31m[1m^[22m[39m
     [90m 25 |[39m   [36mconst[39m permissionService [33m=[39m [36mnew[39m 
[33mPermissionService[39m(repositories[33m.[39mpermissionRepo)[33m;[39m
     [90m 26 |[39m   [36mconst[39m rateLimitService [33m=[39m [36mnew[39m 
[33mRateLimitService[39m(
     [90m 27 |[39m     repositories[33m.[39mrateLimitRepo[33m,[39m[0m

      at commandRepo (src/infra/di/container.js:24:58)
      at Object.createContainer (tests/unit/infra/di/DIContainer.test.js:97:17)

  ÔùÅ DI Container ÔÇ║ Logging and Monitoring ÔÇ║ should create metrics

    TypeError: Cannot read properties of undefined (reading 'commandRepo')

    [0m [90m 22 |[39m   [36mconst[39m repositories [33m=[39m createRepositories(db[33m,[39m 
logger)[33m;[39m
     [90m 23 |[39m
    [31m[1m>[22m[39m[90m 24 |[39m   [36mconst[39m commandService [33m=[39m [36mnew[39m 
[33mCommandService[39m(repositories[33m.[39mcommandRepo)[33m;[39m
     [90m    |[39m                                                          [31m[1m^[22m[39m
     [90m 25 |[39m   [36mconst[39m permissionService [33m=[39m [36mnew[39m 
[33mPermissionService[39m(repositories[33m.[39mpermissionRepo)[33m;[39m
     [90m 26 |[39m   [36mconst[39m rateLimitService [33m=[39m [36mnew[39m 
[33mRateLimitService[39m(
     [90m 27 |[39m     repositories[33m.[39mrateLimitRepo[33m,[39m[0m

      at commandRepo (src/infra/di/container.js:24:58)
      at Object.createContainer (tests/unit/infra/di/DIContainer.test.js:97:17)

  ÔùÅ DI Container ÔÇ║ Container Return Value ÔÇ║ should return object with services

    TypeError: Cannot read properties of undefined (reading 'commandRepo')

    [0m [90m 22 |[39m   [36mconst[39m repositories [33m=[39m createRepositories(db[33m,[39m 
logger)[33m;[39m
     [90m 23 |[39m
    [31m[1m>[22m[39m[90m 24 |[39m   [36mconst[39m commandService [33m=[39m [36mnew[39m 
[33mCommandService[39m(repositories[33m.[39mcommandRepo)[33m;[39m
     [90m    |[39m                                                          [31m[1m^[22m[39m
     [90m 25 |[39m   [36mconst[39m permissionService [33m=[39m [36mnew[39m 
[33mPermissionService[39m(repositories[33m.[39mpermissionRepo)[33m;[39m
     [90m 26 |[39m   [36mconst[39m rateLimitService [33m=[39m [36mnew[39m 
[33mRateLimitService[39m(
     [90m 27 |[39m     repositories[33m.[39mrateLimitRepo[33m,[39m[0m

      at commandRepo (src/infra/di/container.js:24:58)
      at Object.createContainer (tests/unit/infra/di/DIContainer.test.js:97:17)

  ÔùÅ DI Container ÔÇ║ Container Return Value ÔÇ║ should return object with logger

    TypeError: Cannot read properties of undefined (reading 'commandRepo')

    [0m [90m 22 |[39m   [36mconst[39m repositories [33m=[39m createRepositories(db[33m,[39m 
logger)[33m;[39m
     [90m 23 |[39m
    [31m[1m>[22m[39m[90m 24 |[39m   [36mconst[39m commandService [33m=[39m [36mnew[39m 
[33mCommandService[39m(repositories[33m.[39mcommandRepo)[33m;[39m
     [90m    |[39m                                                          [31m[1m^[22m[39m
     [90m 25 |[39m   [36mconst[39m permissionService [33m=[39m [36mnew[39m 
[33mPermissionService[39m(repositories[33m.[39mpermissionRepo)[33m;[39m
     [90m 26 |[39m   [36mconst[39m rateLimitService [33m=[39m [36mnew[39m 
[33mRateLimitService[39m(
     [90m 27 |[39m     repositories[33m.[39mrateLimitRepo[33m,[39m[0m

      at commandRepo (src/infra/di/container.js:24:58)
      at Object.createContainer (tests/unit/infra/di/DIContainer.test.js:97:17)

  ÔùÅ DI Container ÔÇ║ Container Return Value ÔÇ║ should return object with db

    TypeError: Cannot read properties of undefined (reading 'commandRepo')

    [0m [90m 22 |[39m   [36mconst[39m repositories [33m=[39m createRepositories(db[33m,[39m 
logger)[33m;[39m
     [90m 23 |[39m
    [31m[1m>[22m[39m[90m 24 |[39m   [36mconst[39m commandService [33m=[39m [36mnew[39m 
[33mCommandService[39m(repositories[33m.[39mcommandRepo)[33m;[39m
     [90m    |[39m                                                          [31m[1m^[22m[39m
     [90m 25 |[39m   [36mconst[39m permissionService [33m=[39m [36mnew[39m 
[33mPermissionService[39m(repositories[33m.[39mpermissionRepo)[33m;[39m
     [90m 26 |[39m   [36mconst[39m rateLimitService [33m=[39m [36mnew[39m 
[33mRateLimitService[39m(
     [90m 27 |[39m     repositories[33m.[39mrateLimitRepo[33m,[39m[0m

      at commandRepo (src/infra/di/container.js:24:58)
      at Object.createContainer (tests/unit/infra/di/DIContainer.test.js:97:17)

  ÔùÅ DI Container ÔÇ║ Container Return Value ÔÇ║ should return object with repositories

    TypeError: Cannot read properties of undefined (reading 'commandRepo')

    [0m [90m 22 |[39m   [36mconst[39m repositories [33m=[39m createRepositories(db[33m,[39m 
logger)[33m;[39m
     [90m 23 |[39m
    [31m[1m>[22m[39m[90m 24 |[39m   [36mconst[39m commandService [33m=[39m [36mnew[39m 
[33mCommandService[39m(repositories[33m.[39mcommandRepo)[33m;[39m
     [90m    |[39m                                                          [31m[1m^[22m[39m
     [90m 25 |[39m   [36mconst[39m permissionService [33m=[39m [36mnew[39m 
[33mPermissionService[39m(repositories[33m.[39mpermissionRepo)[33m;[39m
     [90m 26 |[39m   [36mconst[39m rateLimitService [33m=[39m [36mnew[39m 
[33mRateLimitService[39m(
     [90m 27 |[39m     repositories[33m.[39mrateLimitRepo[33m,[39m[0m

      at commandRepo (src/infra/di/container.js:24:58)
      at Object.createContainer (tests/unit/infra/di/DIContainer.test.js:97:17)

  ÔùÅ DI Container ÔÇ║ Container Return Value ÔÇ║ should return object with redis

    TypeError: Cannot read properties of undefined (reading 'commandRepo')

    [0m [90m 22 |[39m   [36mconst[39m repositories [33m=[39m createRepositories(db[33m,[39m 
logger)[33m;[39m
     [90m 23 |[39m
    [31m[1m>[22m[39m[90m 24 |[39m   [36mconst[39m commandService [33m=[39m [36mnew[39m 
[33mCommandService[39m(repositories[33m.[39mcommandRepo)[33m;[39m
     [90m    |[39m                                                          [31m[1m^[22m[39m
     [90m 25 |[39m   [36mconst[39m permissionService [33m=[39m [36mnew[39m 
[33mPermissionService[39m(repositories[33m.[39mpermissionRepo)[33m;[39m
     [90m 26 |[39m   [36mconst[39m rateLimitService [33m=[39m [36mnew[39m 
[33mRateLimitService[39m(
     [90m 27 |[39m     repositories[33m.[39mrateLimitRepo[33m,[39m[0m

      at commandRepo (src/infra/di/container.js:24:58)
      at Object.createContainer (tests/unit/infra/di/DIContainer.test.js:97:17)

  ÔùÅ DI Container ÔÇ║ Container Return Value ÔÇ║ should return object with jobQueue

    TypeError: Cannot read properties of undefined (reading 'commandRepo')

    [0m [90m 22 |[39m   [36mconst[39m repositories [33m=[39m createRepositories(db[33m,[39m 
logger)[33m;[39m
     [90m 23 |[39m
    [31m[1m>[22m[39m[90m 24 |[39m   [36mconst[39m commandService [33m=[39m [36mnew[39m 
[33mCommandService[39m(repositories[33m.[39mcommandRepo)[33m;[39m
     [90m    |[39m                                                          [31m[1m^[22m[39m
     [90m 25 |[39m   [36mconst[39m permissionService [33m=[39m [36mnew[39m 
[33mPermissionService[39m(repositories[33m.[39mpermissionRepo)[33m;[39m
     [90m 26 |[39m   [36mconst[39m rateLimitService [33m=[39m [36mnew[39m 
[33mRateLimitService[39m(
     [90m 27 |[39m     repositories[33m.[39mrateLimitRepo[33m,[39m[0m

      at commandRepo (src/infra/di/container.js:24:58)
      at Object.createContainer (tests/unit/infra/di/DIContainer.test.js:97:17)

  ÔùÅ DI Container ÔÇ║ Container Return Value ÔÇ║ should return object with scheduler

    TypeError: Cannot read properties of undefined (reading 'commandRepo')

    [0m [90m 22 |[39m   [36mconst[39m repositories [33m=[39m createRepositories(db[33m,[39m 
logger)[33m;[39m
     [90m 23 |[39m
    [31m[1m>[22m[39m[90m 24 |[39m   [36mconst[39m commandService [33m=[39m [36mnew[39m 
[33mCommandService[39m(repositories[33m.[39mcommandRepo)[33m;[39m
     [90m    |[39m                                                          [31m[1m^[22m[39m
     [90m 25 |[39m   [36mconst[39m permissionService [33m=[39m [36mnew[39m 
[33mPermissionService[39m(repositories[33m.[39mpermissionRepo)[33m;[39m
     [90m 26 |[39m   [36mconst[39m rateLimitService [33m=[39m [36mnew[39m 
[33mRateLimitService[39m(
     [90m 27 |[39m     repositories[33m.[39mrateLimitRepo[33m,[39m[0m

      at commandRepo (src/infra/di/container.js:24:58)
      at Object.createContainer (tests/unit/infra/di/DIContainer.test.js:97:17)

  ÔùÅ DI Container ÔÇ║ Container Return Value ÔÇ║ should return object with metrics

    TypeError: Cannot read properties of undefined (reading 'commandRepo')

    [0m [90m 22 |[39m   [36mconst[39m repositories [33m=[39m createRepositories(db[33m,[39m 
logger)[33m;[39m
     [90m 23 |[39m
    [31m[1m>[22m[39m[90m 24 |[39m   [36mconst[39m commandService [33m=[39m [36mnew[39m 
[33mCommandService[39m(repositories[33m.[39mcommandRepo)[33m;[39m
     [90m    |[39m                                                          [31m[1m^[22m[39m
     [90m 25 |[39m   [36mconst[39m permissionService [33m=[39m [36mnew[39m 
[33mPermissionService[39m(repositories[33m.[39mpermissionRepo)[33m;[39m
     [90m 26 |[39m   [36mconst[39m rateLimitService [33m=[39m [36mnew[39m 
[33mRateLimitService[39m(
     [90m 27 |[39m     repositories[33m.[39mrateLimitRepo[33m,[39m[0m

      at commandRepo (src/infra/di/container.js:24:58)
      at Object.createContainer (tests/unit/infra/di/DIContainer.test.js:97:17)

  ÔùÅ DI Container ÔÇ║ Container Return Value ÔÇ║ should return object with config

    TypeError: Cannot read properties of undefined (reading 'commandRepo')

    [0m [90m 22 |[39m   [36mconst[39m repositories [33m=[39m createRepositories(db[33m,[39m 
logger)[33m;[39m
     [90m 23 |[39m
    [31m[1m>[22m[39m[90m 24 |[39m   [36mconst[39m commandService [33m=[39m [36mnew[39m 
[33mCommandService[39m(repositories[33m.[39mcommandRepo)[33m;[39m
     [90m    |[39m                                                          [31m[1m^[22m[39m
     [90m 25 |[39m   [36mconst[39m permissionService [33m=[39m [36mnew[39m 
[33mPermissionService[39m(repositories[33m.[39mpermissionRepo)[33m;[39m
     [90m 26 |[39m   [36mconst[39m rateLimitService [33m=[39m [36mnew[39m 
[33mRateLimitService[39m(
     [90m 27 |[39m     repositories[33m.[39mrateLimitRepo[33m,[39m[0m

      at commandRepo (src/infra/di/container.js:24:58)
      at Object.createContainer (tests/unit/infra/di/DIContainer.test.js:97:17)

  ÔùÅ DI Container ÔÇ║ Service Dependencies ÔÇ║ should inject repositories into services

    TypeError: Cannot read properties of undefined (reading 'commandRepo')

    [0m [90m 22 |[39m   [36mconst[39m repositories [33m=[39m createRepositories(db[33m,[39m 
logger)[33m;[39m
     [90m 23 |[39m
    [31m[1m>[22m[39m[90m 24 |[39m   [36mconst[39m commandService [33m=[39m [36mnew[39m 
[33mCommandService[39m(repositories[33m.[39mcommandRepo)[33m;[39m
     [90m    |[39m                                                          [31m[1m^[22m[39m
     [90m 25 |[39m   [36mconst[39m permissionService [33m=[39m [36mnew[39m 
[33mPermissionService[39m(repositories[33m.[39mpermissionRepo)[33m;[39m
     [90m 26 |[39m   [36mconst[39m rateLimitService [33m=[39m [36mnew[39m 
[33mRateLimitService[39m(
     [90m 27 |[39m     repositories[33m.[39mrateLimitRepo[33m,[39m[0m

      at commandRepo (src/infra/di/container.js:24:58)
      at Object.createContainer (tests/unit/infra/di/DIContainer.test.js:97:17)

  ÔùÅ DI Container ÔÇ║ Service Dependencies ÔÇ║ should inject logger into all services

    TypeError: Cannot read properties of undefined (reading 'commandRepo')

    [0m [90m 22 |[39m   [36mconst[39m repositories [33m=[39m createRepositories(db[33m,[39m 
logger)[33m;[39m
     [90m 23 |[39m
    [31m[1m>[22m[39m[90m 24 |[39m   [36mconst[39m commandService [33m=[39m [36mnew[39m 
[33mCommandService[39m(repositories[33m.[39mcommandRepo)[33m;[39m
     [90m    |[39m                                                          [31m[1m^[22m[39m
     [90m 25 |[39m   [36mconst[39m permissionService [33m=[39m [36mnew[39m 
[33mPermissionService[39m(repositories[33m.[39mpermissionRepo)[33m;[39m
     [90m 26 |[39m   [36mconst[39m rateLimitService [33m=[39m [36mnew[39m 
[33mRateLimitService[39m(
     [90m 27 |[39m     repositories[33m.[39mrateLimitRepo[33m,[39m[0m

      at commandRepo (src/infra/di/container.js:24:58)
      at Object.createContainer (tests/unit/infra/di/DIContainer.test.js:97:17)

  ÔùÅ DI Container ÔÇ║ Service Dependencies ÔÇ║ should create separate instances for each service

    TypeError: Cannot read properties of undefined (reading 'commandRepo')

    [0m [90m 22 |[39m   [36mconst[39m repositories [33m=[39m createRepositories(db[33m,[39m 
logger)[33m;[39m
     [90m 23 |[39m
    [31m[1m>[22m[39m[90m 24 |[39m   [36mconst[39m commandService [33m=[39m [36mnew[39m 
[33mCommandService[39m(repositories[33m.[39mcommandRepo)[33m;[39m
     [90m    |[39m                                                          [31m[1m^[22m[39m
     [90m 25 |[39m   [36mconst[39m permissionService [33m=[39m [36mnew[39m 
[33mPermissionService[39m(repositories[33m.[39mpermissionRepo)[33m;[39m
     [90m 26 |[39m   [36mconst[39m rateLimitService [33m=[39m [36mnew[39m 
[33mRateLimitService[39m(
     [90m 27 |[39m     repositories[33m.[39mrateLimitRepo[33m,[39m[0m

      at commandRepo (src/infra/di/container.js:24:58)
      at Object.createContainer (tests/unit/infra/di/DIContainer.test.js:97:17)

  ÔùÅ DI Container ÔÇ║ Rate Limiting Configuration ÔÇ║ should define rate limits for core commands

    TypeError: Cannot read properties of undefined (reading 'commandRepo')

    [0m [90m 22 |[39m   [36mconst[39m repositories [33m=[39m createRepositories(db[33m,[39m 
logger)[33m;[39m
     [90m 23 |[39m
    [31m[1m>[22m[39m[90m 24 |[39m   [36mconst[39m commandService [33m=[39m [36mnew[39m 
[33mCommandService[39m(repositories[33m.[39mcommandRepo)[33m;[39m
     [90m    |[39m                                                          [31m[1m^[22m[39m
     [90m 25 |[39m   [36mconst[39m permissionService [33m=[39m [36mnew[39m 
[33mPermissionService[39m(repositories[33m.[39mpermissionRepo)[33m;[39m
     [90m 26 |[39m   [36mconst[39m rateLimitService [33m=[39m [36mnew[39m 
[33mRateLimitService[39m(
     [90m 27 |[39m     repositories[33m.[39mrateLimitRepo[33m,[39m[0m

      at commandRepo (src/infra/di/container.js:24:58)
      at Object.createContainer (tests/unit/infra/di/DIContainer.test.js:97:17)

  ÔùÅ DI Container ÔÇ║ Rate Limiting Configuration ÔÇ║ should define rate limits for messaging commands

    TypeError: Cannot read properties of undefined (reading 'commandRepo')

    [0m [90m 22 |[39m   [36mconst[39m repositories [33m=[39m createRepositories(db[33m,[39m 
logger)[33m;[39m
     [90m 23 |[39m
    [31m[1m>[22m[39m[90m 24 |[39m   [36mconst[39m commandService [33m=[39m [36mnew[39m 
[33mCommandService[39m(repositories[33m.[39mcommandRepo)[33m;[39m
     [90m    |[39m                                                          [31m[1m^[22m[39m
     [90m 25 |[39m   [36mconst[39m permissionService [33m=[39m [36mnew[39m 
[33mPermissionService[39m(repositories[33m.[39mpermissionRepo)[33m;[39m
     [90m 26 |[39m   [36mconst[39m rateLimitService [33m=[39m [36mnew[39m 
[33mRateLimitService[39m(
     [90m 27 |[39m     repositories[33m.[39mrateLimitRepo[33m,[39m[0m

      at commandRepo (src/infra/di/container.js:24:58)
      at Object.createContainer (tests/unit/infra/di/DIContainer.test.js:97:17)

  ÔùÅ DI Container ÔÇ║ Rate Limiting Configuration ÔÇ║ should define rate limits for operations commands

    TypeError: Cannot read properties of undefined (reading 'commandRepo')

    [0m [90m 22 |[39m   [36mconst[39m repositories [33m=[39m createRepositories(db[33m,[39m 
logger)[33m;[39m
     [90m 23 |[39m
    [31m[1m>[22m[39m[90m 24 |[39m   [36mconst[39m commandService [33m=[39m [36mnew[39m 
[33mCommandService[39m(repositories[33m.[39mcommandRepo)[33m;[39m
     [90m    |[39m                                                          [31m[1m^[22m[39m
     [90m 25 |[39m   [36mconst[39m permissionService [33m=[39m [36mnew[39m 
[33mPermissionService[39m(repositories[33m.[39mpermissionRepo)[33m;[39m
     [90m 26 |[39m   [36mconst[39m rateLimitService [33m=[39m [36mnew[39m 
[33mRateLimitService[39m(
     [90m 27 |[39m     repositories[33m.[39mrateLimitRepo[33m,[39m[0m

      at commandRepo (src/infra/di/container.js:24:58)
      at Object.createContainer (tests/unit/infra/di/DIContainer.test.js:97:17)

  ÔùÅ DI Container ÔÇ║ Rate Limiting Configuration ÔÇ║ should define rate limits for admin commands

    TypeError: Cannot read properties of undefined (reading 'commandRepo')

    [0m [90m 22 |[39m   [36mconst[39m repositories [33m=[39m createRepositories(db[33m,[39m 
logger)[33m;[39m
     [90m 23 |[39m
    [31m[1m>[22m[39m[90m 24 |[39m   [36mconst[39m commandService [33m=[39m [36mnew[39m 
[33mCommandService[39m(repositories[33m.[39mcommandRepo)[33m;[39m
     [90m    |[39m                                                          [31m[1m^[22m[39m
     [90m 25 |[39m   [36mconst[39m permissionService [33m=[39m [36mnew[39m 
[33mPermissionService[39m(repositories[33m.[39mpermissionRepo)[33m;[39m
     [90m 26 |[39m   [36mconst[39m rateLimitService [33m=[39m [36mnew[39m 
[33mRateLimitService[39m(
     [90m 27 |[39m     repositories[33m.[39mrateLimitRepo[33m,[39m[0m

      at commandRepo (src/infra/di/container.js:24:58)
      at Object.createContainer (tests/unit/infra/di/DIContainer.test.js:97:17)

  ÔùÅ DI Container ÔÇ║ Error Handling ÔÇ║ should handle config errors gracefully

    TypeError: Cannot read properties of undefined (reading 'commandRepo')

    [0m [90m 22 |[39m   [36mconst[39m repositories [33m=[39m createRepositories(db[33m,[39m 
logger)[33m;[39m
     [90m 23 |[39m
    [31m[1m>[22m[39m[90m 24 |[39m   [36mconst[39m commandService [33m=[39m [36mnew[39m 
[33mCommandService[39m(repositories[33m.[39mcommandRepo)[33m;[39m
     [90m    |[39m                                                          [31m[1m^[22m[39m
     [90m 25 |[39m   [36mconst[39m permissionService [33m=[39m [36mnew[39m 
[33mPermissionService[39m(repositories[33m.[39mpermissionRepo)[33m;[39m
     [90m 26 |[39m   [36mconst[39m rateLimitService [33m=[39m [36mnew[39m 
[33mRateLimitService[39m(
     [90m 27 |[39m     repositories[33m.[39mrateLimitRepo[33m,[39m[0m

      at commandRepo (src/infra/di/container.js:24:58)
      at Object.createContainer (tests/unit/infra/di/DIContainer.test.js:97:17)

  ÔùÅ DI Container ÔÇ║ Error Handling ÔÇ║ should handle database errors gracefully

    TypeError: Cannot read properties of undefined (reading 'commandRepo')

    [0m [90m 22 |[39m   [36mconst[39m repositories [33m=[39m createRepositories(db[33m,[39m 
logger)[33m;[39m
     [90m 23 |[39m
    [31m[1m>[22m[39m[90m 24 |[39m   [36mconst[39m commandService [33m=[39m [36mnew[39m 
[33mCommandService[39m(repositories[33m.[39mcommandRepo)[33m;[39m
     [90m    |[39m                                                          [31m[1m^[22m[39m
     [90m 25 |[39m   [36mconst[39m permissionService [33m=[39m [36mnew[39m 
[33mPermissionService[39m(repositories[33m.[39mpermissionRepo)[33m;[39m
     [90m 26 |[39m   [36mconst[39m rateLimitService [33m=[39m [36mnew[39m 
[33mRateLimitService[39m(
     [90m 27 |[39m     repositories[33m.[39mrateLimitRepo[33m,[39m[0m

      at commandRepo (src/infra/di/container.js:24:58)
      at Object.createContainer (tests/unit/infra/di/DIContainer.test.js:97:17)

  ÔùÅ DI Container ÔÇ║ Multiple Container Instances ÔÇ║ should create independent containers

    TypeError: Cannot read properties of undefined (reading 'commandRepo')

    [0m [90m 22 |[39m   [36mconst[39m repositories [33m=[39m createRepositories(db[33m,[39m 
logger)[33m;[39m
     [90m 23 |[39m
    [31m[1m>[22m[39m[90m 24 |[39m   [36mconst[39m commandService [33m=[39m [36mnew[39m 
[33mCommandService[39m(repositories[33m.[39mcommandRepo)[33m;[39m
     [90m    |[39m                                                          [31m[1m^[22m[39m
     [90m 25 |[39m   [36mconst[39m permissionService [33m=[39m [36mnew[39m 
[33mPermissionService[39m(repositories[33m.[39mpermissionRepo)[33m;[39m
     [90m 26 |[39m   [36mconst[39m rateLimitService [33m=[39m [36mnew[39m 
[33mRateLimitService[39m(
     [90m 27 |[39m     repositories[33m.[39mrateLimitRepo[33m,[39m[0m

      at commandRepo (src/infra/di/container.js:24:58)
      at Object.createContainer (tests/unit/infra/di/DIContainer.test.js:97:17)

  ÔùÅ DI Container ÔÇ║ Multiple Container Instances ÔÇ║ should have separate service instances

    TypeError: Cannot read properties of undefined (reading 'commandRepo')

    [0m [90m 22 |[39m   [36mconst[39m repositories [33m=[39m createRepositories(db[33m,[39m 
logger)[33m;[39m
     [90m 23 |[39m
    [31m[1m>[22m[39m[90m 24 |[39m   [36mconst[39m commandService [33m=[39m [36mnew[39m 
[33mCommandService[39m(repositories[33m.[39mcommandRepo)[33m;[39m
     [90m    |[39m                                                          [31m[1m^[22m[39m
     [90m 25 |[39m   [36mconst[39m permissionService [33m=[39m [36mnew[39m 
[33mPermissionService[39m(repositories[33m.[39mpermissionRepo)[33m;[39m
     [90m 26 |[39m   [36mconst[39m rateLimitService [33m=[39m [36mnew[39m 
[33mRateLimitService[39m(
     [90m 27 |[39m     repositories[33m.[39mrateLimitRepo[33m,[39m[0m

      at commandRepo (src/infra/di/container.js:24:58)
      at Object.createContainer (tests/unit/infra/di/DIContainer.test.js:97:17)

  ÔùÅ DI Container ÔÇ║ Multiple Container Instances ÔÇ║ should share same configuration patterns

    TypeError: Cannot read properties of undefined (reading 'commandRepo')

    [0m [90m 22 |[39m   [36mconst[39m repositories [33m=[39m createRepositories(db[33m,[39m 
logger)[33m;[39m
     [90m 23 |[39m
    [31m[1m>[22m[39m[90m 24 |[39m   [36mconst[39m commandService [33m=[39m [36mnew[39m 
[33mCommandService[39m(repositories[33m.[39mcommandRepo)[33m;[39m
     [90m    |[39m                                                          [31m[1m^[22m[39m
     [90m 25 |[39m   [36mconst[39m permissionService [33m=[39m [36mnew[39m 
[33mPermissionService[39m(repositories[33m.[39mpermissionRepo)[33m;[39m
     [90m 26 |[39m   [36mconst[39m rateLimitService [33m=[39m [36mnew[39m 
[33mRateLimitService[39m(
     [90m 27 |[39m     repositories[33m.[39mrateLimitRepo[33m,[39m[0m

      at commandRepo (src/infra/di/container.js:24:58)
      at Object.createContainer (tests/unit/infra/di/DIContainer.test.js:97:17)

FAIL tests/unit/infra/discord/SlashCommandAdapter.test.js
  SlashCommandAdapter
    Constructor
      ÔêÜ should create adapter instance (12 ms)
      ÔêÜ should store client (1 ms)
      ÔêÜ should store command bus
      ÔêÜ should store registry (1 ms)
      ÔêÜ should store logger
      ÔêÜ should store helpService
    registerListeners
      ÔêÜ should register interactionCreate listener (2 ms)
      ├ù should be async handler (1 ms)
    Interaction Handling
      Chat Input Commands
        ÔêÜ should handle chat input commands (4 ms)
        ÔêÜ should skip if metadata not found (1 ms)
        ÔêÜ should parse integer arguments (1 ms)
        ÔêÜ should parse boolean arguments (1 ms)
        ÔêÜ should parse user IDs from user objects
        ÔêÜ should parse role IDs (1 ms)
        ÔêÜ should parse channel IDs
        ÔêÜ should parse string arguments (1 ms)
        ÔêÜ should skip null/undefined option values (1 ms)
        ÔêÜ should handle null user/role/channel objects
      Autocomplete Interactions
        ├ù should ignore autocomplete interactions (1 ms)
      Button Interactions
        ├ù should ignore button interactions (1 ms)
    Error Handling
      ÔêÜ should log command execution errors (1 ms)
    Command Creation
      ÔêÜ should create Command with correct structure (3 ms)

  ÔùÅ SlashCommandAdapter ÔÇ║ registerListeners ÔÇ║ should be async handler

    expect(received).toMatch(expected)

    Expected pattern: /async|Anonymous/
    Received string:  "AsyncFunction"

    [0m [90m 75 |[39m       [36mconst[39m handler [33m=[39m 
mockClient[33m.[39mon[33m.[39mmock[33m.[39mcalls[[35m0[39m][[35m1[39m][33m;[39m
     [90m 76 |[39m
    [31m[1m>[22m[39m[90m 77 |[39m       expect(handler[33m.[39mconstructor[33m.[39mname)[33m.[39
mtoMatch([35m/async|Anonymous/[39m)[33m;[39m
     [90m    |[39m                                        [31m[1m^[22m[39m
     [90m 78 |[39m     })[33m;[39m
     [90m 79 |[39m   })[33m;[39m
     [90m 80 |[39m[0m

      at Object.toMatch (tests/unit/infra/discord/SlashCommandAdapter.test.js:77:40)

  ÔùÅ SlashCommandAdapter ÔÇ║ Interaction Handling ÔÇ║ Autocomplete Interactions ÔÇ║ should ignore 
autocomplete interactions

    TypeError: Cannot read properties of undefined (reading 'getSubcommand')

    [0m [90m 111 |[39m
     [90m 112 |[39m   [36masync[39m handleAutocomplete(interaction) {
    [31m[1m>[22m[39m[90m 113 |[39m     [36mconst[39m sub [33m=[39m 
interaction[33m.[39moptions[33m.[39mgetSubcommand()[33m;[39m
     [90m     |[39m                                     [31m[1m^[22m[39m
     [90m 114 |[39m     [36mconst[39m meta [33m=[39m 
[36mthis[39m[33m.[39mregistry[33m.[39mgetMeta(sub)[33m;[39m
     [90m 115 |[39m     [36mif[39m ([33m![39mmeta) [36mreturn[39m[33m;[39m
     [90m 116 |[39m[0m

      at SlashCommandAdapter.getSubcommand [as handleAutocomplete] 
(src/infra/discord/SlashCommandAdapter.js:113:37)
      at handleAutocomplete (src/infra/discord/SlashCommandAdapter.js:20:21)
      at Object.handler (tests/unit/infra/discord/SlashCommandAdapter.test.js:410:15)

  ÔùÅ SlashCommandAdapter ÔÇ║ Interaction Handling ÔÇ║ Button Interactions ÔÇ║ should ignore button 
interactions

    TypeError: Cannot read properties of undefined (reading 'startsWith')

    [0m [90m 140 |[39m   [36masync[39m handleButton(interaction) {
     [90m 141 |[39m     [36mconst[39m customId [33m=[39m interaction[33m.[39mcustomId[33m;[39m
    [31m[1m>[22m[39m[90m 142 |[39m     [36mif[39m 
([33m![39mcustomId[33m.[39mstartsWith([32m'help:'[39m)) [36mreturn[39m[33m;[39m
     [90m     |[39m                   [31m[1m^[22m[39m
     [90m 143 |[39m
     [90m 144 |[39m     [36mconst[39m [[33m,[39m categoryKey[33m,[39m pageStr] [33m=[39m 
customId[33m.[39msplit([32m':'[39m)[33m;[39m
     [90m 145 |[39m     [36mconst[39m category [33m=[39m categoryKey [33m===[39m [32m'all'[39m 
[33m?[39m [36mnull[39m [33m:[39m categoryKey[33m;[39m[0m

      at SlashCommandAdapter.startsWith [as handleButton] (src/infra/discord/SlashCommandAdapter.js:142:19)
      at handleButton (src/infra/discord/SlashCommandAdapter.js:24:21)
      at Object.handler (tests/unit/infra/discord/SlashCommandAdapter.test.js:424:15)

PASS tests/unit/infra/discord/EmbedFactory.test.js
  EmbedFactory
    base
      ÔêÜ should create base embed with color (10 ms)
      ÔêÜ should add timestamp to base embed (1 ms)
    commandResult
      ÔêÜ should create result embed for successful command (1 ms)
      ÔêÜ should create result embed for failed command (1 ms)
      ÔêÜ should include elapsed time in footer (3 ms)
      ÔêÜ should include cooldown in footer (1 ms)
      ÔêÜ should include both elapsed time and cooldown (1 ms)
      ÔêÜ should use default message for missing data
      ÔêÜ should use default error message (1 ms)
    embed building chain
      ÔêÜ should return chainable embed object
      ÔêÜ should allow further customization after creation

FAIL tests/unit/infra/queue/JobQueueService.test.js (9.554 s)
  JobQueueService
    Constructor
      ÔêÜ should create instance (22 ms)
      ÔêÜ should initialize Queue with correct options (5 ms)
      ÔêÜ should initialize QueueScheduler (2 ms)
      ÔêÜ should initialize Worker with handler function (2 ms)
      ÔêÜ should store logger reference (3 ms)
      ÔêÜ should store queue reference (4 ms)
      ÔêÜ should store worker reference (1 ms)
      ÔêÜ should register worker event listeners (1 ms)
    enqueue
      ÔêÜ should enqueue a job (2 ms)
      ÔêÜ should enqueue with custom options (1 ms)
      ÔêÜ should handle priority option (2 ms)
      ÔêÜ should handle delay option (1 ms)
      ÔêÜ should handle retry attempts option (6 ms)
      ÔêÜ should work with empty payload (1 ms)
    Worker Handler Function
      heavywork handler
        ÔêÜ should process heavywork jobs (2006 ms)
        ÔêÜ should wait 2 seconds for heavywork (2005 ms)
        ÔêÜ should log heavywork execution (2004 ms)
      cron handler
        ÔêÜ should process cron jobs (1 ms)
        ÔêÜ should log cron job execution
        ÔêÜ should handle various cron schedules (1 ms)
      unknown handler
        ÔêÜ should warn for unknown handler
        ÔêÜ should handle null handler (1 ms)
      error handling
        ÔêÜ should handle job processing errors
        ÔêÜ should log job id and name (2011 ms)
    Worker Event Listeners
      completed event
        ÔêÜ should log on job completion (1 ms)
        ÔêÜ should handle multiple completions
      failed event
        ÔêÜ should log on job failure
        ÔêÜ should handle null job
        ÔêÜ should handle various error types
    Integration Tests
      ├ù should enqueue and track job lifecycle (3 ms)
      ÔêÜ should handle multiple concurrent enqueues (1 ms)
      ÔêÜ should preserve job metadata

  ÔùÅ JobQueueService ÔÇ║ Integration Tests ÔÇ║ should enqueue and track job lifecycle

    expect(jest.fn()).toHaveBeenCalledWith(...expected)

    Expected: ObjectContaining {"jobId": Any<String>}, "Processing job"

    Number of calls: 0

    [0m [90m 357 |[39m
     [90m 358 |[39m       expect(job)[33m.[39mtoHaveProperty([32m'id'[39m)[33m;[39m
    [31m[1m>[22m[39m[90m 359 |[39m       
expect(mockLogger[33m.[39minfo)[33m.[39mtoHaveBeenCalledWith(
     [90m     |[39m                               [31m[1m^[22m[39m
     [90m 360 |[39m         expect[33m.[39mobjectContaining({ jobId[33m:[39m 
expect[33m.[39many([33mString[39m) })[33m,[39m
     [90m 361 |[39m         [32m'Processing job'[39m
     [90m 362 |[39m       )[33m;[39m[0m

      at Object.toHaveBeenCalledWith (tests/unit/infra/queue/JobQueueService.test.js:359:31)

PASS tests/unit/handlers/operations/DeployHandler.test.js (12.13 s)
  DeployHandler
    ÔêÜ should deploy to production by default (1524 ms)
    ÔêÜ should deploy to specified target (1503 ms)
    ÔêÜ should return success message with target (1514 ms)
    ÔêÜ should log deployment with correct format (1501 ms)
    ÔêÜ should wait during deployment simulation (1513 ms)
    ÔêÜ should handle multiple arguments (use first) (1502 ms)
    ÔêÜ should have successful command result (1514 ms)

----------------------------|---------|----------|---------|---------|-----------------------------------
File                        | % Stmts | % Branch | % Funcs | % Lines | Uncovered Line #s                 
----------------------------|---------|----------|---------|---------|-----------------------------------
All files                   |   78.08 |     71.6 |   77.54 |   78.84 |                                   
 app/bus                    |      76 |       50 |   85.71 |   85.71 |                                   
  CommandBus.js             |      75 |       50 |     100 |   72.72 | 10-12                             
  MiddlewarePipeline.js     |   76.92 |       50 |      75 |     100 | 3-12                              
 app/handlers/admin         |     100 |      100 |     100 |     100 |                                   
  AllowChannelHandler.js    |     100 |      100 |     100 |     100 |                                   
  AllowHandler.js           |     100 |      100 |     100 |     100 |                                   
  AllowRoleHandler.js       |     100 |      100 |     100 |     100 |                                   
  AllowUserHandler.js       |     100 |      100 |     100 |     100 |                                   
  AllowedHandler.js         |     100 |      100 |     100 |     100 |                                   
  AuditHandler.js           |     100 |      100 |     100 |     100 |                                   
  DenyHandler.js            |     100 |      100 |     100 |     100 |                                   
 app/handlers/core          |     100 |      100 |     100 |     100 |                                   
  HelpHandler.js            |     100 |      100 |     100 |     100 |                                   
  InfoHandler.js            |     100 |      100 |     100 |     100 |                                   
  PingHandler.js            |     100 |      100 |     100 |     100 |                                   
  StatsHandler.js           |     100 |      100 |     100 |     100 |                                   
  UptimeHandler.js          |     100 |      100 |     100 |     100 |                                   
 app/handlers/messaging     |     100 |      100 |     100 |     100 |                                   
  BroadcastHandler.js       |     100 |      100 |     100 |     100 |                                   
  NotifyHandler.js          |     100 |      100 |     100 |     100 |                                   
  SayHandler.js             |     100 |      100 |     100 |     100 |                                   
 app/handlers/operations    |     100 |      100 |     100 |     100 |                                   
  DeployHandler.js          |     100 |      100 |     100 |     100 |                                   
  HeavyWorkHandler.js       |     100 |      100 |     100 |     100 |                                   
  JobStatusHandler.js       |     100 |      100 |     100 |     100 |                                   
 app/middleware             |     100 |     87.5 |     100 |     100 |                                   
  AuditMiddleware.js        |     100 |      100 |     100 |     100 |                                   
  LoggingMiddleware.js      |     100 |    83.33 |     100 |     100 | 19                                
  PermissionMiddleware.js   |     100 |      100 |     100 |     100 |                                   
  RateLimitMiddleware.js    |     100 |      100 |     100 |     100 |                                   
 core/commands              |     100 |    96.87 |     100 |     100 |                                   
  Command.js                |     100 |      100 |     100 |     100 |                                   
  CommandRegistry.js        |     100 |    95.65 |     100 |     100 | 40                                
  CommandResult.js          |     100 |      100 |     100 |     100 |                                   
 core/errors                |     100 |    66.66 |     100 |     100 |                                   
  DomainError.js            |     100 |        0 |     100 |     100 | 2                                 
  PermissionError.js        |     100 |      100 |     100 |     100 |                                   
  RateLimitError.js         |     100 |      100 |     100 |     100 |                                   
 core/services              |     100 |     92.5 |     100 |     100 |                                   
  CommandService.js         |     100 |      100 |     100 |     100 |                                   
  HelpService.js            |     100 |      100 |     100 |     100 |                                   
  PermissionService.js      |     100 |    96.15 |     100 |     100 | 20                                
  RateLimitService.js       |     100 |    81.81 |     100 |     100 | 4-16                              
 infra                      |   98.33 |       75 |      80 |    98.3 |                                   
  bootstrap.js              |   98.33 |       75 |      80 |    98.3 | 46                                
 infra/config               |   56.25 |       25 |      50 |   56.25 |                                   
  Config.js                 |      75 |       50 |     100 |      75 | 15-16                             
  RedisConfig.js            |    37.5 |        0 |       0 |    37.5 | 10-15                             
 infra/db                   |   76.92 |    76.92 |   79.31 |      80 |                                   
  RedisFactory.js           |      25 |        0 |       0 |   33.33 | 4-13                              
  Repositories.js           |     100 |     90.9 |     100 |     100 | 89                                
  SqliteDb.js               |      25 |      100 |       0 |      25 | 4-48                              
 infra/di                   |   68.96 |      100 |     100 |   68.96 |                                   
  container.js              |   68.96 |      100 |     100 |   68.96 | 25-50                             
 infra/discord              |   49.72 |    43.96 |   32.43 |   51.19 |                                   
  DiscordClientFactory.js   |       0 |      100 |       0 |       0 | 1-20                              
  DiscordParserResponder.js |       0 |      100 |     100 |       0 | 3                                 
  EmbedFactory.js           |   45.16 |    48.48 |      25 |   39.28 | 40-111                            
  SlashCommandAdapter.js    |   57.44 |     49.2 |      50 |   57.77 | 69,83-85,88-94,96,114-137,144-178 
  SlashCommandRegistrar.js  |   45.09 |       20 |   27.27 |   53.48 | 10,17-26,29-35,39-44,67           
 infra/health               |     100 |      100 |     100 |     100 |                                   
  HealthCheck.js            |     100 |      100 |     100 |     100 |                                   
 infra/logging              |     100 |      100 |     100 |     100 |                                   
  Logger.js                 |     100 |      100 |     100 |     100 |                                   
 infra/metrics              |   33.33 |      100 |       0 |   33.33 |                                   
  Metrics.js                |   33.33 |      100 |       0 |   33.33 | 4-18                              
 infra/queue                |   85.18 |      100 |      75 |   84.61 |                                   
  JobQueueService.js        |     100 |      100 |     100 |     100 |                                   
  Scheduler.js              |      20 |      100 |       0 |      20 | 3-10                              
 infra/ws                   |     100 |      100 |     100 |     100 |                                   
  WsAdapter.js              |     100 |      100 |     100 |     100 |                                   
  WsClientFactory.js        |     100 |      100 |     100 |     100 |                                   
 interfaces/http            |       0 |        0 |       0 |       0 |                                   
  BullBoardServer.js        |       0 |        0 |       0 |       0 | 1-27                              
  HealthMetricsServer.js    |       0 |        0 |       0 |       0 | 1-35                              
----------------------------|---------|----------|---------|---------|-----------------------------------
Summary of all failing tests
FAIL tests/unit/infra/db/Repositories.test.js
  ÔùÅ Repositories Factory ÔÇ║ PermissionRepository ÔÇ║ listAudit ÔÇ║ should accept custom limit

    expect(jest.fn()).toHaveBeenCalledWith(...expected)

    Expected: 100

    Number of calls: 0

    [0m [90m 205 |[39m         mockAll[33m.[39mmockReturnValue([])[33m;[39m
     [90m 206 |[39m         [36mawait[39m repo()[33m.[39mlistAudit([35m100[39m)[33m;[39m
    [31m[1m>[22m[39m[90m 207 |[39m         
expect(mockRun)[33m.[39mtoHaveBeenCalledWith([35m100[39m)[33m;[39m
     [90m     |[39m                         [31m[1m^[22m[39m
     [90m 208 |[39m       })[33m;[39m
     [90m 209 |[39m     })[33m;[39m
     [90m 210 |[39m   })[33m;[39m[0m

      at Object.toHaveBeenCalledWith (tests/unit/infra/db/Repositories.test.js:207:25)

FAIL tests/unit/infra/ws/WsAdapter.test.js
  ÔùÅ WsAdapter ÔÇ║ registerListeners ÔÇ║ should wait if WebSocket not connected

    expect(received).toHaveBeenCalledWith(...expected)

    Matcher error: received value must be a mock or spy function

    Received has type:  function
    Received has value: [Function setTimeout]

    [0m [90m 63 |[39m       adapter[33m.[39mregisterListeners()[33m;[39m
     [90m 64 |[39m
    [31m[1m>[22m[39m[90m 65 |[39m       
expect(setTimeout)[33m.[39mtoHaveBeenCalledWith(expect[33m.[39many([33mFunction[39m)[33m,[39m 
[35m1000[39m)[33m;[39m
     [90m    |[39m                          [31m[1m^[22m[39m
     [90m 66 |[39m
     [90m 67 |[39m       jest[33m.[39museRealTimers()[33m;[39m
     [90m 68 |[39m     })[33m;[39m[0m

      at Object.toHaveBeenCalledWith (tests/unit/infra/ws/WsAdapter.test.js:65:26)

  ÔùÅ WsAdapter ÔÇ║ WebSocket Connection States ÔÇ║ should handle disconnected WebSocket

    expect(received).toHaveBeenCalled()

    Matcher error: received value must be a mock or spy function

    Received has type:  function
    Received has value: [Function setTimeout]

    [0m [90m 453 |[39m       adapter[33m.[39mregisterListeners()[33m;[39m
     [90m 454 |[39m
    [31m[1m>[22m[39m[90m 455 |[39m       expect(setTimeout)[33m.[39mtoHaveBeenCalled()[33m;[39m
     [90m     |[39m                          [31m[1m^[22m[39m
     [90m 456 |[39m
     [90m 457 |[39m       jest[33m.[39museRealTimers()[33m;[39m
     [90m 458 |[39m     })[33m;[39m[0m

      at Object.toHaveBeenCalled (tests/unit/infra/ws/WsAdapter.test.js:455:26)

FAIL tests/unit/infra/discord/SlashCommandRegistrar.test.js
  ÔùÅ SlashCommandRegistrar ÔÇ║ registerCommands ÔÇ║ should get commands from registry by group

    TypeError: (intermediate value).setName is not a function

    [0m [90m 60 |[39m     [36mfor[39m ([36mconst[39m [group[33m,[39m commands] [36mof[39m 
groups[33m.[39mentries()) {
     [90m 61 |[39m       [36mconst[39m builder [33m=[39m [36mnew[39m [33mSlashCommandBuilder[39m()
    [31m[1m>[22m[39m[90m 62 |[39m         [33m.[39msetName(group)
     [90m    |[39m          [31m[1m^[22m[39m
     [90m 63 |[39m         [33m.[39msetDescription([32m`${group} commands`[39m)[33m;[39m
     [90m 64 |[39m
     [90m 65 |[39m       [36mfor[39m ([36mconst[39m cmd [36mof[39m commands) {[0m

      at SlashCommandRegistrar.setName [as registerCommands] 
(src/infra/discord/SlashCommandRegistrar.js:62:10)
      at Object.registerCommands (tests/unit/infra/discord/SlashCommandRegistrar.test.js:79:23)

  ÔùÅ SlashCommandRegistrar ÔÇ║ registerCommands ÔÇ║ should create REST instance with token

    TypeError: (intermediate value).setName is not a function

    [0m [90m 60 |[39m     [36mfor[39m ([36mconst[39m [group[33m,[39m commands] [36mof[39m 
groups[33m.[39mentries()) {
     [90m 61 |[39m       [36mconst[39m builder [33m=[39m [36mnew[39m [33mSlashCommandBuilder[39m()
    [31m[1m>[22m[39m[90m 62 |[39m         [33m.[39msetName(group)
     [90m    |[39m          [31m[1m^[22m[39m
     [90m 63 |[39m         [33m.[39msetDescription([32m`${group} commands`[39m)[33m;[39m
     [90m 64 |[39m
     [90m 65 |[39m       [36mfor[39m ([36mconst[39m cmd [36mof[39m commands) {[0m

      at SlashCommandRegistrar.setName [as registerCommands] 
(src/infra/discord/SlashCommandRegistrar.js:62:10)
      at Object.registerCommands (tests/unit/infra/discord/SlashCommandRegistrar.test.js:85:23)

  ÔùÅ SlashCommandRegistrar ÔÇ║ registerCommands ÔÇ║ should call Discord API with correct endpoint

    TypeError: (intermediate value).setName is not a function

    [0m [90m 60 |[39m     [36mfor[39m ([36mconst[39m [group[33m,[39m commands] [36mof[39m 
groups[33m.[39mentries()) {
     [90m 61 |[39m       [36mconst[39m builder [33m=[39m [36mnew[39m [33mSlashCommandBuilder[39m()
    [31m[1m>[22m[39m[90m 62 |[39m         [33m.[39msetName(group)
     [90m    |[39m          [31m[1m^[22m[39m
     [90m 63 |[39m         [33m.[39msetDescription([32m`${group} commands`[39m)[33m;[39m
     [90m 64 |[39m
     [90m 65 |[39m       [36mfor[39m ([36mconst[39m cmd [36mof[39m commands) {[0m

      at SlashCommandRegistrar.setName [as registerCommands] 
(src/infra/discord/SlashCommandRegistrar.js:62:10)
      at Object.registerCommands (tests/unit/infra/discord/SlashCommandRegistrar.test.js:92:23)

  ÔùÅ SlashCommandRegistrar ÔÇ║ registerCommands ÔÇ║ should log registration start

    TypeError: (intermediate value).setName is not a function

    [0m [90m 60 |[39m     [36mfor[39m ([36mconst[39m [group[33m,[39m commands] [36mof[39m 
groups[33m.[39mentries()) {
     [90m 61 |[39m       [36mconst[39m builder [33m=[39m [36mnew[39m [33mSlashCommandBuilder[39m()
    [31m[1m>[22m[39m[90m 62 |[39m         [33m.[39msetName(group)
     [90m    |[39m          [31m[1m^[22m[39m
     [90m 63 |[39m         [33m.[39msetDescription([32m`${group} commands`[39m)[33m;[39m
     [90m 64 |[39m
     [90m 65 |[39m       [36mfor[39m ([36mconst[39m cmd [36mof[39m commands) {[0m

      at SlashCommandRegistrar.setName [as registerCommands] 
(src/infra/discord/SlashCommandRegistrar.js:62:10)
      at Object.registerCommands (tests/unit/infra/discord/SlashCommandRegistrar.test.js:102:23)

  ÔùÅ SlashCommandRegistrar ÔÇ║ registerCommands ÔÇ║ should log registration completion

    TypeError: (intermediate value).setName is not a function

    [0m [90m 60 |[39m     [36mfor[39m ([36mconst[39m [group[33m,[39m commands] [36mof[39m 
groups[33m.[39mentries()) {
     [90m 61 |[39m       [36mconst[39m builder [33m=[39m [36mnew[39m [33mSlashCommandBuilder[39m()
    [31m[1m>[22m[39m[90m 62 |[39m         [33m.[39msetName(group)
     [90m    |[39m          [31m[1m^[22m[39m
     [90m 63 |[39m         [33m.[39msetDescription([32m`${group} commands`[39m)[33m;[39m
     [90m 64 |[39m
     [90m 65 |[39m       [36mfor[39m ([36mconst[39m cmd [36mof[39m commands) {[0m

      at SlashCommandRegistrar.setName [as registerCommands] 
(src/infra/discord/SlashCommandRegistrar.js:62:10)
      at Object.registerCommands (tests/unit/infra/discord/SlashCommandRegistrar.test.js:110:23)

  ÔùÅ SlashCommandRegistrar ÔÇ║ Error Handling ÔÇ║ should propagate API errors

    expect(received).rejects.toThrow(expected)

    Expected substring: "API Error"
    Received message:   "(intermediate value).setName is not a function"

        [0m [90m 60 |[39m     [36mfor[39m ([36mconst[39m [group[33m,[39m commands] [36mof[39m 
groups[33m.[39mentries()) {
         [90m 61 |[39m       [36mconst[39m builder [33m=[39m [36mnew[39m 
[33mSlashCommandBuilder[39m()
        [31m[1m>[22m[39m[90m 62 |[39m         [33m.[39msetName(group)
         [90m    |[39m          [31m[1m^[22m[39m
         [90m 63 |[39m         [33m.[39msetDescription([32m`${group} commands`[39m)[33m;[39m
         [90m 64 |[39m
         [90m 65 |[39m       [36mfor[39m ([36mconst[39m cmd [36mof[39m commands) {[0m

      at SlashCommandRegistrar.setName [as registerCommands] 
(src/infra/discord/SlashCommandRegistrar.js:62:10)
      at Object.registerCommands (tests/unit/infra/discord/SlashCommandRegistrar.test.js:201:30)
      at Object.toThrow (tests/unit/infra/discord/SlashCommandRegistrar.test.js:201:58)

  ÔùÅ SlashCommandRegistrar ÔÇ║ Command Options ÔÇ║ should pass command options to builder

    TypeError: Cannot read properties of undefined (reading 'addStringOption')

    [0m [90m 36 |[39m       [36mcase[39m [32m'string'[39m[33m:[39m
     [90m 37 |[39m       [36mdefault[39m[33m:[39m
    [31m[1m>[22m[39m[90m 38 |[39m         sub[33m.[39maddStringOption(o [33m=>[39m {
     [90m    |[39m             [31m[1m^[22m[39m
     [90m 39 |[39m           [36mlet[39m b [33m=[39m base(o)[33m;[39m
     [90m 40 |[39m           [36mif[39m (opt[33m.[39mautocomplete) b [33m=[39m 
b[33m.[39msetAutocomplete([36mtrue[39m)[33m;[39m
     [90m 41 |[39m           [36mif[39m (opt[33m.[39mchoices[33m?[39m[33m.[39mlength) b 
[33m=[39m b[33m.[39maddChoices([33m...[39mopt[33m.[39mchoices)[33m;[39m[0m

      at addStringOption (src/infra/discord/SlashCommandRegistrar.js:38:13)
      at SlashCommandRegistrar.applyOptionsToSubcommand [as registerCommands] 
(src/infra/discord/SlashCommandRegistrar.js:72:9)
      at Object.registerCommands (tests/unit/infra/discord/SlashCommandRegistrar.test.js:247:23)

  ÔùÅ SlashCommandRegistrar ÔÇ║ Command Options ÔÇ║ should handle multiple options per command

    TypeError: Cannot read properties of undefined (reading 'addUserOption')

    [0m [90m 26 |[39m         [36mbreak[39m[33m;[39m
     [90m 27 |[39m       [36mcase[39m [32m'user'[39m[33m:[39m
    [31m[1m>[22m[39m[90m 28 |[39m         sub[33m.[39maddUserOption(o [33m=>[39m 
base(o))[33m;[39m
     [90m    |[39m             [31m[1m^[22m[39m
     [90m 29 |[39m         [36mbreak[39m[33m;[39m
     [90m 30 |[39m       [36mcase[39m [32m'role'[39m[33m:[39m
     [90m 31 |[39m         sub[33m.[39maddRoleOption(o [33m=>[39m base(o))[33m;[39m[0m

      at addUserOption (src/infra/discord/SlashCommandRegistrar.js:28:13)
      at SlashCommandRegistrar.applyOptionsToSubcommand [as registerCommands] 
(src/infra/discord/SlashCommandRegistrar.js:72:9)
      at Object.registerCommands (tests/unit/infra/discord/SlashCommandRegistrar.test.js:276:23)

  ÔùÅ SlashCommandRegistrar ÔÇ║ API Response Handling ÔÇ║ should handle successful registration

    expect(received).resolves.not.toThrow()

    Received promise rejected instead of resolved
    Rejected to value: [TypeError: (intermediate value).setName is not a function]

    [0m [90m 332 |[39m       mockRest[33m.[39mput[33m.[39mmockResolvedValue({ status[33m:[39m 
[35m200[39m[33m,[39m data[33m:[39m [] })[33m;[39m
     [90m 333 |[39m
    [31m[1m>[22m[39m[90m 334 |[39m       [36mawait[39m expect(registrar[33m.[39mregisterCommands()
)[33m.[39mresolves[33m.[39mnot[33m.[39mtoThrow()[33m;[39m
     [90m     |[39m             [31m[1m^[22m[39m
     [90m 335 |[39m     })[33m;[39m
     [90m 336 |[39m
     [90m 337 |[39m     it([32m'should handle empty response'[39m[33m,[39m [36masync[39m () 
[33m=>[39m {[0m

      at expect (node_modules/jest-circus/node_modules/expect/build/index.js:113:15)
      at Object.expect (tests/unit/infra/discord/SlashCommandRegistrar.test.js:334:13)

  ÔùÅ SlashCommandRegistrar ÔÇ║ API Response Handling ÔÇ║ should handle empty response

    expect(received).resolves.not.toThrow()

    Received promise rejected instead of resolved
    Rejected to value: [TypeError: (intermediate value).setName is not a function]

    [0m [90m 338 |[39m       mockRest[33m.[39mput[33m.[39mmockResolvedValue(undefined)[33m;[39m
     [90m 339 |[39m
    [31m[1m>[22m[39m[90m 340 |[39m       [36mawait[39m expect(registrar[33m.[39mregisterCommands()
)[33m.[39mresolves[33m.[39mnot[33m.[39mtoThrow()[33m;[39m
     [90m     |[39m             [31m[1m^[22m[39m
     [90m 341 |[39m     })[33m;[39m
     [90m 342 |[39m
     [90m 343 |[39m     it([32m'should complete even with unusual response codes'[39m[33m,[39m 
[36masync[39m () [33m=>[39m {[0m

      at expect (node_modules/jest-circus/node_modules/expect/build/index.js:113:15)
      at Object.expect (tests/unit/infra/discord/SlashCommandRegistrar.test.js:340:13)

  ÔùÅ SlashCommandRegistrar ÔÇ║ API Response Handling ÔÇ║ should complete even with unusual response codes

    expect(received).resolves.not.toThrow()

    Received promise rejected instead of resolved
    Rejected to value: [TypeError: (intermediate value).setName is not a function]

    [0m [90m 344 |[39m       mockRest[33m.[39mput[33m.[39mmockResolvedValue({ status[33m:[39m 
[35m201[39m[33m,[39m created[33m:[39m [36mtrue[39m })[33m;[39m
     [90m 345 |[39m
    [31m[1m>[22m[39m[90m 346 |[39m       [36mawait[39m expect(registrar[33m.[39mregisterCommands()
)[33m.[39mresolves[33m.[39mnot[33m.[39mtoThrow()[33m;[39m
     [90m     |[39m             [31m[1m^[22m[39m
     [90m 347 |[39m     })[33m;[39m
     [90m 348 |[39m   })[33m;[39m
     [90m 349 |[39m })[33m;[39m[0m

      at expect (node_modules/jest-circus/node_modules/expect/build/index.js:113:15)
      at Object.expect (tests/unit/infra/discord/SlashCommandRegistrar.test.js:346:13)

FAIL tests/unit/infra/ws/WsClientFactory.test.js
  ÔùÅ WsClientFactory ÔÇ║ isConnected Method ÔÇ║ should return false when instance is null

    expect(received).toBe(expected) // Object.is equality

    Expected: false
    Received: true

    [0m [90m 111 |[39m     it([32m'should return false when instance is null'[39m[33m,[39m () 
[33m=>[39m {
     [90m 112 |[39m       wsClient[33m.[39minstance [33m=[39m [36mnull[39m[33m;[39m
    [31m[1m>[22m[39m[90m 113 |[39m       
expect(wsClient[33m.[39misConnected())[33m.[39mtoBe([36mfalse[39m)[33m;[39m
     [90m     |[39m                                      [31m[1m^[22m[39m
     [90m 114 |[39m     })[33m;[39m
     [90m 115 |[39m
     [90m 116 |[39m     it([32m'should handle undefined readyState'[39m[33m,[39m () [33m=>[39m {[0m

      at Object.toBe (tests/unit/infra/ws/WsClientFactory.test.js:113:38)

  ÔùÅ WsClientFactory ÔÇ║ Close Event ÔÇ║ should reconnect after delay

    expect(received).toHaveBeenCalledWith(...expected)

    Matcher error: received value must be a mock or spy function

    Received has type:  function
    Received has value: [Function setTimeout]

    [0m [90m 176 |[39m       closeHandler([35m1000[39m[33m,[39m 
[33mBuffer[39m[33m.[39m[36mfrom[39m([32m'Normal close'[39m))[33m;[39m
     [90m 177 |[39m
    [31m[1m>[22m[39m[90m 178 |[39m       
expect(setTimeout)[33m.[39mtoHaveBeenCalledWith(expect[33m.[39many([33mFunction[39m)[33m,[39m 
[35m3000[39m)[33m;[39m
     [90m     |[39m                          [31m[1m^[22m[39m
     [90m 179 |[39m
     [90m 180 |[39m       jest[33m.[39museRealTimers()[33m;[39m
     [90m 181 |[39m     })[33m;[39m[0m

      at Object.toHaveBeenCalledWith (tests/unit/infra/ws/WsClientFactory.test.js:178:26)

  ÔùÅ WsClientFactory ÔÇ║ Reconnection Logic ÔÇ║ should retry connection after failure

    expect(received).toHaveBeenCalledWith(...expected)

    Matcher error: received value must be a mock or spy function

    Received has type:  function
    Received has value: [Function setTimeout]

    [0m [90m 313 |[39m
     [90m 314 |[39m       closeHandler([35m1006[39m[33m,[39m 
[33mBuffer[39m[33m.[39m[36mfrom[39m([32m'Abnormal closure'[39m))[33m;[39m
    [31m[1m>[22m[39m[90m 315 |[39m       
expect(setTimeout)[33m.[39mtoHaveBeenCalledWith(expect[33m.[39many([33mFunction[39m)[33m,[39m 
[35m3000[39m)[33m;[39m
     [90m     |[39m                          [31m[1m^[22m[39m
     [90m 316 |[39m
     [90m 317 |[39m       jest[33m.[39museRealTimers()[33m;[39m
     [90m 318 |[39m     })[33m;[39m[0m

      at Object.toHaveBeenCalledWith (tests/unit/infra/ws/WsClientFactory.test.js:315:26)

FAIL tests/unit/infra/di/DIContainer.test.js
  ÔùÅ DI Container ÔÇ║ Container Creation ÔÇ║ should create a container

    TypeError: Cannot read properties of undefined (reading 'commandRepo')

    [0m [90m 22 |[39m   [36mconst[39m repositories [33m=[39m createRepositories(db[33m,[39m 
logger)[33m;[39m
     [90m 23 |[39m
    [31m[1m>[22m[39m[90m 24 |[39m   [36mconst[39m commandService [33m=[39m [36mnew[39m 
[33mCommandService[39m(repositories[33m.[39mcommandRepo)[33m;[39m
     [90m    |[39m                                                          [31m[1m^[22m[39m
     [90m 25 |[39m   [36mconst[39m permissionService [33m=[39m [36mnew[39m 
[33mPermissionService[39m(repositories[33m.[39mpermissionRepo)[33m;[39m
     [90m 26 |[39m   [36mconst[39m rateLimitService [33m=[39m [36mnew[39m 
[33mRateLimitService[39m(
     [90m 27 |[39m     repositories[33m.[39mrateLimitRepo[33m,[39m[0m

      at commandRepo (src/infra/di/container.js:24:58)
      at Object.createContainer (tests/unit/infra/di/DIContainer.test.js:97:17)

  ÔùÅ DI Container ÔÇ║ Container Creation ÔÇ║ should be a function

    TypeError: Cannot read properties of undefined (reading 'commandRepo')

    [0m [90m 22 |[39m   [36mconst[39m repositories [33m=[39m createRepositories(db[33m,[39m 
logger)[33m;[39m
     [90m 23 |[39m
    [31m[1m>[22m[39m[90m 24 |[39m   [36mconst[39m commandService [33m=[39m [36mnew[39m 
[33mCommandService[39m(repositories[33m.[39mcommandRepo)[33m;[39m
     [90m    |[39m                                                          [31m[1m^[22m[39m
     [90m 25 |[39m   [36mconst[39m permissionService [33m=[39m [36mnew[39m 
[33mPermissionService[39m(repositories[33m.[39mpermissionRepo)[33m;[39m
     [90m 26 |[39m   [36mconst[39m rateLimitService [33m=[39m [36mnew[39m 
[33mRateLimitService[39m(
     [90m 27 |[39m     repositories[33m.[39mrateLimitRepo[33m,[39m[0m

      at commandRepo (src/infra/di/container.js:24:58)
      at Object.createContainer (tests/unit/infra/di/DIContainer.test.js:97:17)

  ÔùÅ DI Container ÔÇ║ Configuration ÔÇ║ should load configuration

    TypeError: Cannot read properties of undefined (reading 'commandRepo')

    [0m [90m 22 |[39m   [36mconst[39m repositories [33m=[39m createRepositories(db[33m,[39m 
logger)[33m;[39m
     [90m 23 |[39m
    [31m[1m>[22m[39m[90m 24 |[39m   [36mconst[39m commandService [33m=[39m [36mnew[39m 
[33mCommandService[39m(repositories[33m.[39mcommandRepo)[33m;[39m
     [90m    |[39m                                                          [31m[1m^[22m[39m
     [90m 25 |[39m   [36mconst[39m permissionService [33m=[39m [36mnew[39m 
[33mPermissionService[39m(repositories[33m.[39mpermissionRepo)[33m;[39m
     [90m 26 |[39m   [36mconst[39m rateLimitService [33m=[39m [36mnew[39m 
[33mRateLimitService[39m(
     [90m 27 |[39m     repositories[33m.[39mrateLimitRepo[33m,[39m[0m

      at commandRepo (src/infra/di/container.js:24:58)
      at Object.createContainer (tests/unit/infra/di/DIContainer.test.js:97:17)

  ÔùÅ DI Container ÔÇ║ Configuration ÔÇ║ should pass config to logger

    TypeError: Cannot read properties of undefined (reading 'commandRepo')

    [0m [90m 22 |[39m   [36mconst[39m repositories [33m=[39m createRepositories(db[33m,[39m 
logger)[33m;[39m
     [90m 23 |[39m
    [31m[1m>[22m[39m[90m 24 |[39m   [36mconst[39m commandService [33m=[39m [36mnew[39m 
[33mCommandService[39m(repositories[33m.[39mcommandRepo)[33m;[39m
     [90m    |[39m                                                          [31m[1m^[22m[39m
     [90m 25 |[39m   [36mconst[39m permissionService [33m=[39m [36mnew[39m 
[33mPermissionService[39m(repositories[33m.[39mpermissionRepo)[33m;[39m
     [90m 26 |[39m   [36mconst[39m rateLimitService [33m=[39m [36mnew[39m 
[33mRateLimitService[39m(
     [90m 27 |[39m     repositories[33m.[39mrateLimitRepo[33m,[39m[0m

      at commandRepo (src/infra/di/container.js:24:58)
      at Object.createContainer (tests/unit/infra/di/DIContainer.test.js:97:17)

  ÔùÅ DI Container ÔÇ║ Configuration ÔÇ║ should load Redis configuration

    TypeError: Cannot read properties of undefined (reading 'commandRepo')

    [0m [90m 22 |[39m   [36mconst[39m repositories [33m=[39m createRepositories(db[33m,[39m 
logger)[33m;[39m
     [90m 23 |[39m
    [31m[1m>[22m[39m[90m 24 |[39m   [36mconst[39m commandService [33m=[39m [36mnew[39m 
[33mCommandService[39m(repositories[33m.[39mcommandRepo)[33m;[39m
     [90m    |[39m                                                          [31m[1m^[22m[39m
     [90m 25 |[39m   [36mconst[39m permissionService [33m=[39m [36mnew[39m 
[33mPermissionService[39m(repositories[33m.[39mpermissionRepo)[33m;[39m
     [90m 26 |[39m   [36mconst[39m rateLimitService [33m=[39m [36mnew[39m 
[33mRateLimitService[39m(
     [90m 27 |[39m     repositories[33m.[39mrateLimitRepo[33m,[39m[0m

      at commandRepo (src/infra/di/container.js:24:58)
      at Object.createContainer (tests/unit/infra/di/DIContainer.test.js:97:17)

  ÔùÅ DI Container ÔÇ║ Database Setup ÔÇ║ should create database instance

    TypeError: Cannot read properties of undefined (reading 'commandRepo')

    [0m [90m 22 |[39m   [36mconst[39m repositories [33m=[39m createRepositories(db[33m,[39m 
logger)[33m;[39m
     [90m 23 |[39m
    [31m[1m>[22m[39m[90m 24 |[39m   [36mconst[39m commandService [33m=[39m [36mnew[39m 
[33mCommandService[39m(repositories[33m.[39mcommandRepo)[33m;[39m
     [90m    |[39m                                                          [31m[1m^[22m[39m
     [90m 25 |[39m   [36mconst[39m permissionService [33m=[39m [36mnew[39m 
[33mPermissionService[39m(repositories[33m.[39mpermissionRepo)[33m;[39m
     [90m 26 |[39m   [36mconst[39m rateLimitService [33m=[39m [36mnew[39m 
[33mRateLimitService[39m(
     [90m 27 |[39m     repositories[33m.[39mrateLimitRepo[33m,[39m[0m

      at commandRepo (src/infra/di/container.js:24:58)
      at Object.createContainer (tests/unit/infra/di/DIContainer.test.js:97:17)

  ÔùÅ DI Container ÔÇ║ Database Setup ÔÇ║ should create repositories

    TypeError: Cannot read properties of undefined (reading 'commandRepo')

    [0m [90m 22 |[39m   [36mconst[39m repositories [33m=[39m createRepositories(db[33m,[39m 
logger)[33m;[39m
     [90m 23 |[39m
    [31m[1m>[22m[39m[90m 24 |[39m   [36mconst[39m commandService [33m=[39m [36mnew[39m 
[33mCommandService[39m(repositories[33m.[39mcommandRepo)[33m;[39m
     [90m    |[39m                                                          [31m[1m^[22m[39m
     [90m 25 |[39m   [36mconst[39m permissionService [33m=[39m [36mnew[39m 
[33mPermissionService[39m(repositories[33m.[39mpermissionRepo)[33m;[39m
     [90m 26 |[39m   [36mconst[39m rateLimitService [33m=[39m [36mnew[39m 
[33mRateLimitService[39m(
     [90m 27 |[39m     repositories[33m.[39mrateLimitRepo[33m,[39m[0m

      at commandRepo (src/infra/di/container.js:24:58)
      at Object.createContainer (tests/unit/infra/di/DIContainer.test.js:97:17)

  ÔùÅ DI Container ÔÇ║ Redis Setup ÔÇ║ should create Redis connection

    TypeError: Cannot read properties of undefined (reading 'commandRepo')

    [0m [90m 22 |[39m   [36mconst[39m repositories [33m=[39m createRepositories(db[33m,[39m 
logger)[33m;[39m
     [90m 23 |[39m
    [31m[1m>[22m[39m[90m 24 |[39m   [36mconst[39m commandService [33m=[39m [36mnew[39m 
[33mCommandService[39m(repositories[33m.[39mcommandRepo)[33m;[39m
     [90m    |[39m                                                          [31m[1m^[22m[39m
     [90m 25 |[39m   [36mconst[39m permissionService [33m=[39m [36mnew[39m 
[33mPermissionService[39m(repositories[33m.[39mpermissionRepo)[33m;[39m
     [90m 26 |[39m   [36mconst[39m rateLimitService [33m=[39m [36mnew[39m 
[33mRateLimitService[39m(
     [90m 27 |[39m     repositories[33m.[39mrateLimitRepo[33m,[39m[0m

      at commandRepo (src/infra/di/container.js:24:58)
      at Object.createContainer (tests/unit/infra/di/DIContainer.test.js:97:17)

  ÔùÅ DI Container ÔÇ║ Redis Setup ÔÇ║ should pass Redis config to connection

    TypeError: Cannot read properties of undefined (reading 'commandRepo')

    [0m [90m 22 |[39m   [36mconst[39m repositories [33m=[39m createRepositories(db[33m,[39m 
logger)[33m;[39m
     [90m 23 |[39m
    [31m[1m>[22m[39m[90m 24 |[39m   [36mconst[39m commandService [33m=[39m [36mnew[39m 
[33mCommandService[39m(repositories[33m.[39mcommandRepo)[33m;[39m
     [90m    |[39m                                                          [31m[1m^[22m[39m
     [90m 25 |[39m   [36mconst[39m permissionService [33m=[39m [36mnew[39m 
[33mPermissionService[39m(repositories[33m.[39mpermissionRepo)[33m;[39m
     [90m 26 |[39m   [36mconst[39m rateLimitService [33m=[39m [36mnew[39m 
[33mRateLimitService[39m(
     [90m 27 |[39m     repositories[33m.[39mrateLimitRepo[33m,[39m[0m

      at commandRepo (src/infra/di/container.js:24:58)
      at Object.createContainer (tests/unit/infra/di/DIContainer.test.js:97:17)

  ÔùÅ DI Container ÔÇ║ Services ÔÇ║ should have services object

    TypeError: Cannot read properties of undefined (reading 'commandRepo')

    [0m [90m 22 |[39m   [36mconst[39m repositories [33m=[39m createRepositories(db[33m,[39m 
logger)[33m;[39m
     [90m 23 |[39m
    [31m[1m>[22m[39m[90m 24 |[39m   [36mconst[39m commandService [33m=[39m [36mnew[39m 
[33mCommandService[39m(repositories[33m.[39mcommandRepo)[33m;[39m
     [90m    |[39m                                                          [31m[1m^[22m[39m
     [90m 25 |[39m   [36mconst[39m permissionService [33m=[39m [36mnew[39m 
[33mPermissionService[39m(repositories[33m.[39mpermissionRepo)[33m;[39m
     [90m 26 |[39m   [36mconst[39m rateLimitService [33m=[39m [36mnew[39m 
[33mRateLimitService[39m(
     [90m 27 |[39m     repositories[33m.[39mrateLimitRepo[33m,[39m[0m

      at commandRepo (src/infra/di/container.js:24:58)
      at Object.createContainer (tests/unit/infra/di/DIContainer.test.js:97:17)

  ÔùÅ DI Container ÔÇ║ Services ÔÇ║ should include commandService

    TypeError: Cannot read properties of undefined (reading 'commandRepo')

    [0m [90m 22 |[39m   [36mconst[39m repositories [33m=[39m createRepositories(db[33m,[39m 
logger)[33m;[39m
     [90m 23 |[39m
    [31m[1m>[22m[39m[90m 24 |[39m   [36mconst[39m commandService [33m=[39m [36mnew[39m 
[33mCommandService[39m(repositories[33m.[39mcommandRepo)[33m;[39m
     [90m    |[39m                                                          [31m[1m^[22m[39m
     [90m 25 |[39m   [36mconst[39m permissionService [33m=[39m [36mnew[39m 
[33mPermissionService[39m(repositories[33m.[39mpermissionRepo)[33m;[39m
     [90m 26 |[39m   [36mconst[39m rateLimitService [33m=[39m [36mnew[39m 
[33mRateLimitService[39m(
     [90m 27 |[39m     repositories[33m.[39mrateLimitRepo[33m,[39m[0m

      at commandRepo (src/infra/di/container.js:24:58)
      at Object.createContainer (tests/unit/infra/di/DIContainer.test.js:97:17)

  ÔùÅ DI Container ÔÇ║ Services ÔÇ║ should include permissionService

    TypeError: Cannot read properties of undefined (reading 'commandRepo')

    [0m [90m 22 |[39m   [36mconst[39m repositories [33m=[39m createRepositories(db[33m,[39m 
logger)[33m;[39m
     [90m 23 |[39m
    [31m[1m>[22m[39m[90m 24 |[39m   [36mconst[39m commandService [33m=[39m [36mnew[39m 
[33mCommandService[39m(repositories[33m.[39mcommandRepo)[33m;[39m
     [90m    |[39m                                                          [31m[1m^[22m[39m
     [90m 25 |[39m   [36mconst[39m permissionService [33m=[39m [36mnew[39m 
[33mPermissionService[39m(repositories[33m.[39mpermissionRepo)[33m;[39m
     [90m 26 |[39m   [36mconst[39m rateLimitService [33m=[39m [36mnew[39m 
[33mRateLimitService[39m(
     [90m 27 |[39m     repositories[33m.[39mrateLimitRepo[33m,[39m[0m

      at commandRepo (src/infra/di/container.js:24:58)
      at Object.createContainer (tests/unit/infra/di/DIContainer.test.js:97:17)

  ÔùÅ DI Container ÔÇ║ Services ÔÇ║ should include rateLimitService

    TypeError: Cannot read properties of undefined (reading 'commandRepo')

    [0m [90m 22 |[39m   [36mconst[39m repositories [33m=[39m createRepositories(db[33m,[39m 
logger)[33m;[39m
     [90m 23 |[39m
    [31m[1m>[22m[39m[90m 24 |[39m   [36mconst[39m commandService [33m=[39m [36mnew[39m 
[33mCommandService[39m(repositories[33m.[39mcommandRepo)[33m;[39m
     [90m    |[39m                                                          [31m[1m^[22m[39m
     [90m 25 |[39m   [36mconst[39m permissionService [33m=[39m [36mnew[39m 
[33mPermissionService[39m(repositories[33m.[39mpermissionRepo)[33m;[39m
     [90m 26 |[39m   [36mconst[39m rateLimitService [33m=[39m [36mnew[39m 
[33mRateLimitService[39m(
     [90m 27 |[39m     repositories[33m.[39mrateLimitRepo[33m,[39m[0m

      at commandRepo (src/infra/di/container.js:24:58)
      at Object.createContainer (tests/unit/infra/di/DIContainer.test.js:97:17)

  ÔùÅ DI Container ÔÇ║ Services ÔÇ║ should include helpService

    TypeError: Cannot read properties of undefined (reading 'commandRepo')

    [0m [90m 22 |[39m   [36mconst[39m repositories [33m=[39m createRepositories(db[33m,[39m 
logger)[33m;[39m
     [90m 23 |[39m
    [31m[1m>[22m[39m[90m 24 |[39m   [36mconst[39m commandService [33m=[39m [36mnew[39m 
[33mCommandService[39m(repositories[33m.[39mcommandRepo)[33m;[39m
     [90m    |[39m                                                          [31m[1m^[22m[39m
     [90m 25 |[39m   [36mconst[39m permissionService [33m=[39m [36mnew[39m 
[33mPermissionService[39m(repositories[33m.[39mpermissionRepo)[33m;[39m
     [90m 26 |[39m   [36mconst[39m rateLimitService [33m=[39m [36mnew[39m 
[33mRateLimitService[39m(
     [90m 27 |[39m     repositories[33m.[39mrateLimitRepo[33m,[39m[0m

      at commandRepo (src/infra/di/container.js:24:58)
      at Object.createContainer (tests/unit/infra/di/DIContainer.test.js:97:17)

  ÔùÅ DI Container ÔÇ║ Services ÔÇ║ should create commandService with commandRepo

    TypeError: Cannot read properties of undefined (reading 'commandRepo')

    [0m [90m 22 |[39m   [36mconst[39m repositories [33m=[39m createRepositories(db[33m,[39m 
logger)[33m;[39m
     [90m 23 |[39m
    [31m[1m>[22m[39m[90m 24 |[39m   [36mconst[39m commandService [33m=[39m [36mnew[39m 
[33mCommandService[39m(repositories[33m.[39mcommandRepo)[33m;[39m
     [90m    |[39m                                                          [31m[1m^[22m[39m
     [90m 25 |[39m   [36mconst[39m permissionService [33m=[39m [36mnew[39m 
[33mPermissionService[39m(repositories[33m.[39mpermissionRepo)[33m;[39m
     [90m 26 |[39m   [36mconst[39m rateLimitService [33m=[39m [36mnew[39m 
[33mRateLimitService[39m(
     [90m 27 |[39m     repositories[33m.[39mrateLimitRepo[33m,[39m[0m

      at commandRepo (src/infra/di/container.js:24:58)
      at Object.createContainer (tests/unit/infra/di/DIContainer.test.js:97:17)

  ÔùÅ DI Container ÔÇ║ Services ÔÇ║ should create permissionService with permissionRepo

    TypeError: Cannot read properties of undefined (reading 'commandRepo')

    [0m [90m 22 |[39m   [36mconst[39m repositories [33m=[39m createRepositories(db[33m,[39m 
logger)[33m;[39m
     [90m 23 |[39m
    [31m[1m>[22m[39m[90m 24 |[39m   [36mconst[39m commandService [33m=[39m [36mnew[39m 
[33mCommandService[39m(repositories[33m.[39mcommandRepo)[33m;[39m
     [90m    |[39m                                                          [31m[1m^[22m[39m
     [90m 25 |[39m   [36mconst[39m permissionService [33m=[39m [36mnew[39m 
[33mPermissionService[39m(repositories[33m.[39mpermissionRepo)[33m;[39m
     [90m 26 |[39m   [36mconst[39m rateLimitService [33m=[39m [36mnew[39m 
[33mRateLimitService[39m(
     [90m 27 |[39m     repositories[33m.[39mrateLimitRepo[33m,[39m[0m

      at commandRepo (src/infra/di/container.js:24:58)
      at Object.createContainer (tests/unit/infra/di/DIContainer.test.js:97:17)

  ÔùÅ DI Container ÔÇ║ Services ÔÇ║ should create rateLimitService with limits

    TypeError: Cannot read properties of undefined (reading 'commandRepo')

    [0m [90m 22 |[39m   [36mconst[39m repositories [33m=[39m createRepositories(db[33m,[39m 
logger)[33m;[39m
     [90m 23 |[39m
    [31m[1m>[22m[39m[90m 24 |[39m   [36mconst[39m commandService [33m=[39m [36mnew[39m 
[33mCommandService[39m(repositories[33m.[39mcommandRepo)[33m;[39m
     [90m    |[39m                                                          [31m[1m^[22m[39m
     [90m 25 |[39m   [36mconst[39m permissionService [33m=[39m [36mnew[39m 
[33mPermissionService[39m(repositories[33m.[39mpermissionRepo)[33m;[39m
     [90m 26 |[39m   [36mconst[39m rateLimitService [33m=[39m [36mnew[39m 
[33mRateLimitService[39m(
     [90m 27 |[39m     repositories[33m.[39mrateLimitRepo[33m,[39m[0m

      at commandRepo (src/infra/di/container.js:24:58)
      at Object.createContainer (tests/unit/infra/di/DIContainer.test.js:97:17)

  ÔùÅ DI Container ÔÇ║ Services ÔÇ║ should set rate limit timeouts

    TypeError: Cannot read properties of undefined (reading 'commandRepo')

    [0m [90m 22 |[39m   [36mconst[39m repositories [33m=[39m createRepositories(db[33m,[39m 
logger)[33m;[39m
     [90m 23 |[39m
    [31m[1m>[22m[39m[90m 24 |[39m   [36mconst[39m commandService [33m=[39m [36mnew[39m 
[33mCommandService[39m(repositories[33m.[39mcommandRepo)[33m;[39m
     [90m    |[39m                                                          [31m[1m^[22m[39m
     [90m 25 |[39m   [36mconst[39m permissionService [33m=[39m [36mnew[39m 
[33mPermissionService[39m(repositories[33m.[39mpermissionRepo)[33m;[39m
     [90m 26 |[39m   [36mconst[39m rateLimitService [33m=[39m [36mnew[39m 
[33mRateLimitService[39m(
     [90m 27 |[39m     repositories[33m.[39mrateLimitRepo[33m,[39m[0m

      at commandRepo (src/infra/di/container.js:24:58)
      at Object.createContainer (tests/unit/infra/di/DIContainer.test.js:97:17)

  ÔùÅ DI Container ÔÇ║ Services ÔÇ║ should set rate limit per category

    TypeError: Cannot read properties of undefined (reading 'commandRepo')

    [0m [90m 22 |[39m   [36mconst[39m repositories [33m=[39m createRepositories(db[33m,[39m 
logger)[33m;[39m
     [90m 23 |[39m
    [31m[1m>[22m[39m[90m 24 |[39m   [36mconst[39m commandService [33m=[39m [36mnew[39m 
[33mCommandService[39m(repositories[33m.[39mcommandRepo)[33m;[39m
     [90m    |[39m                                                          [31m[1m^[22m[39m
     [90m 25 |[39m   [36mconst[39m permissionService [33m=[39m [36mnew[39m 
[33mPermissionService[39m(repositories[33m.[39mpermissionRepo)[33m;[39m
     [90m 26 |[39m   [36mconst[39m rateLimitService [33m=[39m [36mnew[39m 
[33mRateLimitService[39m(
     [90m 27 |[39m     repositories[33m.[39mrateLimitRepo[33m,[39m[0m

      at commandRepo (src/infra/di/container.js:24:58)
      at Object.createContainer (tests/unit/infra/di/DIContainer.test.js:97:17)

  ÔùÅ DI Container ÔÇ║ Job Queue ÔÇ║ should create JobQueueService

    TypeError: Cannot read properties of undefined (reading 'commandRepo')

    [0m [90m 22 |[39m   [36mconst[39m repositories [33m=[39m createRepositories(db[33m,[39m 
logger)[33m;[39m
     [90m 23 |[39m
    [31m[1m>[22m[39m[90m 24 |[39m   [36mconst[39m commandService [33m=[39m [36mnew[39m 
[33mCommandService[39m(repositories[33m.[39mcommandRepo)[33m;[39m
     [90m    |[39m                                                          [31m[1m^[22m[39m
     [90m 25 |[39m   [36mconst[39m permissionService [33m=[39m [36mnew[39m 
[33mPermissionService[39m(repositories[33m.[39mpermissionRepo)[33m;[39m
     [90m 26 |[39m   [36mconst[39m rateLimitService [33m=[39m [36mnew[39m 
[33mRateLimitService[39m(
     [90m 27 |[39m     repositories[33m.[39mrateLimitRepo[33m,[39m[0m

      at commandRepo (src/infra/di/container.js:24:58)
      at Object.createContainer (tests/unit/infra/di/DIContainer.test.js:97:17)

  ÔùÅ DI Container ÔÇ║ Job Queue ÔÇ║ should pass Redis to JobQueueService

    TypeError: Cannot read properties of undefined (reading 'commandRepo')

    [0m [90m 22 |[39m   [36mconst[39m repositories [33m=[39m createRepositories(db[33m,[39m 
logger)[33m;[39m
     [90m 23 |[39m
    [31m[1m>[22m[39m[90m 24 |[39m   [36mconst[39m commandService [33m=[39m [36mnew[39m 
[33mCommandService[39m(repositories[33m.[39mcommandRepo)[33m;[39m
     [90m    |[39m                                                          [31m[1m^[22m[39m
     [90m 25 |[39m   [36mconst[39m permissionService [33m=[39m [36mnew[39m 
[33mPermissionService[39m(repositories[33m.[39mpermissionRepo)[33m;[39m
     [90m 26 |[39m   [36mconst[39m rateLimitService [33m=[39m [36mnew[39m 
[33mRateLimitService[39m(
     [90m 27 |[39m     repositories[33m.[39mrateLimitRepo[33m,[39m[0m

      at commandRepo (src/infra/di/container.js:24:58)
      at Object.createContainer (tests/unit/infra/di/DIContainer.test.js:97:17)

  ÔùÅ DI Container ÔÇ║ Job Queue ÔÇ║ should pass logger to JobQueueService

    TypeError: Cannot read properties of undefined (reading 'commandRepo')

    [0m [90m 22 |[39m   [36mconst[39m repositories [33m=[39m createRepositories(db[33m,[39m 
logger)[33m;[39m
     [90m 23 |[39m
    [31m[1m>[22m[39m[90m 24 |[39m   [36mconst[39m commandService [33m=[39m [36mnew[39m 
[33mCommandService[39m(repositories[33m.[39mcommandRepo)[33m;[39m
     [90m    |[39m                                                          [31m[1m^[22m[39m
     [90m 25 |[39m   [36mconst[39m permissionService [33m=[39m [36mnew[39m 
[33mPermissionService[39m(repositories[33m.[39mpermissionRepo)[33m;[39m
     [90m 26 |[39m   [36mconst[39m rateLimitService [33m=[39m [36mnew[39m 
[33mRateLimitService[39m(
     [90m 27 |[39m     repositories[33m.[39mrateLimitRepo[33m,[39m[0m

      at commandRepo (src/infra/di/container.js:24:58)
      at Object.createContainer (tests/unit/infra/di/DIContainer.test.js:97:17)

  ÔùÅ DI Container ÔÇ║ Job Queue ÔÇ║ should create Scheduler

    TypeError: Cannot read properties of undefined (reading 'commandRepo')

    [0m [90m 22 |[39m   [36mconst[39m repositories [33m=[39m createRepositories(db[33m,[39m 
logger)[33m;[39m
     [90m 23 |[39m
    [31m[1m>[22m[39m[90m 24 |[39m   [36mconst[39m commandService [33m=[39m [36mnew[39m 
[33mCommandService[39m(repositories[33m.[39mcommandRepo)[33m;[39m
     [90m    |[39m                                                          [31m[1m^[22m[39m
     [90m 25 |[39m   [36mconst[39m permissionService [33m=[39m [36mnew[39m 
[33mPermissionService[39m(repositories[33m.[39mpermissionRepo)[33m;[39m
     [90m 26 |[39m   [36mconst[39m rateLimitService [33m=[39m [36mnew[39m 
[33mRateLimitService[39m(
     [90m 27 |[39m     repositories[33m.[39mrateLimitRepo[33m,[39m[0m

      at commandRepo (src/infra/di/container.js:24:58)
      at Object.createContainer (tests/unit/infra/di/DIContainer.test.js:97:17)

  ÔùÅ DI Container ÔÇ║ Job Queue ÔÇ║ should pass job queue to Scheduler

    TypeError: Cannot read properties of undefined (reading 'commandRepo')

    [0m [90m 22 |[39m   [36mconst[39m repositories [33m=[39m createRepositories(db[33m,[39m 
logger)[33m;[39m
     [90m 23 |[39m
    [31m[1m>[22m[39m[90m 24 |[39m   [36mconst[39m commandService [33m=[39m [36mnew[39m 
[33mCommandService[39m(repositories[33m.[39mcommandRepo)[33m;[39m
     [90m    |[39m                                                          [31m[1m^[22m[39m
     [90m 25 |[39m   [36mconst[39m permissionService [33m=[39m [36mnew[39m 
[33mPermissionService[39m(repositories[33m.[39mpermissionRepo)[33m;[39m
     [90m 26 |[39m   [36mconst[39m rateLimitService [33m=[39m [36mnew[39m 
[33mRateLimitService[39m(
     [90m 27 |[39m     repositories[33m.[39mrateLimitRepo[33m,[39m[0m

      at commandRepo (src/infra/di/container.js:24:58)
      at Object.createContainer (tests/unit/infra/di/DIContainer.test.js:97:17)

  ÔùÅ DI Container ÔÇ║ Logging and Monitoring ÔÇ║ should create logger

    TypeError: Cannot read properties of undefined (reading 'commandRepo')

    [0m [90m 22 |[39m   [36mconst[39m repositories [33m=[39m createRepositories(db[33m,[39m 
logger)[33m;[39m
     [90m 23 |[39m
    [31m[1m>[22m[39m[90m 24 |[39m   [36mconst[39m commandService [33m=[39m [36mnew[39m 
[33mCommandService[39m(repositories[33m.[39mcommandRepo)[33m;[39m
     [90m    |[39m                                                          [31m[1m^[22m[39m
     [90m 25 |[39m   [36mconst[39m permissionService [33m=[39m [36mnew[39m 
[33mPermissionService[39m(repositories[33m.[39mpermissionRepo)[33m;[39m
     [90m 26 |[39m   [36mconst[39m rateLimitService [33m=[39m [36mnew[39m 
[33mRateLimitService[39m(
     [90m 27 |[39m     repositories[33m.[39mrateLimitRepo[33m,[39m[0m

      at commandRepo (src/infra/di/container.js:24:58)
      at Object.createContainer (tests/unit/infra/di/DIContainer.test.js:97:17)

  ÔùÅ DI Container ÔÇ║ Logging and Monitoring ÔÇ║ should create metrics

    TypeError: Cannot read properties of undefined (reading 'commandRepo')

    [0m [90m 22 |[39m   [36mconst[39m repositories [33m=[39m createRepositories(db[33m,[39m 
logger)[33m;[39m
     [90m 23 |[39m
    [31m[1m>[22m[39m[90m 24 |[39m   [36mconst[39m commandService [33m=[39m [36mnew[39m 
[33mCommandService[39m(repositories[33m.[39mcommandRepo)[33m;[39m
     [90m    |[39m                                                          [31m[1m^[22m[39m
     [90m 25 |[39m   [36mconst[39m permissionService [33m=[39m [36mnew[39m 
[33mPermissionService[39m(repositories[33m.[39mpermissionRepo)[33m;[39m
     [90m 26 |[39m   [36mconst[39m rateLimitService [33m=[39m [36mnew[39m 
[33mRateLimitService[39m(
     [90m 27 |[39m     repositories[33m.[39mrateLimitRepo[33m,[39m[0m

      at commandRepo (src/infra/di/container.js:24:58)
      at Object.createContainer (tests/unit/infra/di/DIContainer.test.js:97:17)

  ÔùÅ DI Container ÔÇ║ Container Return Value ÔÇ║ should return object with services

    TypeError: Cannot read properties of undefined (reading 'commandRepo')

    [0m [90m 22 |[39m   [36mconst[39m repositories [33m=[39m createRepositories(db[33m,[39m 
logger)[33m;[39m
     [90m 23 |[39m
    [31m[1m>[22m[39m[90m 24 |[39m   [36mconst[39m commandService [33m=[39m [36mnew[39m 
[33mCommandService[39m(repositories[33m.[39mcommandRepo)[33m;[39m
     [90m    |[39m                                                          [31m[1m^[22m[39m
     [90m 25 |[39m   [36mconst[39m permissionService [33m=[39m [36mnew[39m 
[33mPermissionService[39m(repositories[33m.[39mpermissionRepo)[33m;[39m
     [90m 26 |[39m   [36mconst[39m rateLimitService [33m=[39m [36mnew[39m 
[33mRateLimitService[39m(
     [90m 27 |[39m     repositories[33m.[39mrateLimitRepo[33m,[39m[0m

      at commandRepo (src/infra/di/container.js:24:58)
      at Object.createContainer (tests/unit/infra/di/DIContainer.test.js:97:17)

  ÔùÅ DI Container ÔÇ║ Container Return Value ÔÇ║ should return object with logger

    TypeError: Cannot read properties of undefined (reading 'commandRepo')

    [0m [90m 22 |[39m   [36mconst[39m repositories [33m=[39m createRepositories(db[33m,[39m 
logger)[33m;[39m
     [90m 23 |[39m
    [31m[1m>[22m[39m[90m 24 |[39m   [36mconst[39m commandService [33m=[39m [36mnew[39m 
[33mCommandService[39m(repositories[33m.[39mcommandRepo)[33m;[39m
     [90m    |[39m                                                          [31m[1m^[22m[39m
     [90m 25 |[39m   [36mconst[39m permissionService [33m=[39m [36mnew[39m 
[33mPermissionService[39m(repositories[33m.[39mpermissionRepo)[33m;[39m
     [90m 26 |[39m   [36mconst[39m rateLimitService [33m=[39m [36mnew[39m 
[33mRateLimitService[39m(
     [90m 27 |[39m     repositories[33m.[39mrateLimitRepo[33m,[39m[0m

      at commandRepo (src/infra/di/container.js:24:58)
      at Object.createContainer (tests/unit/infra/di/DIContainer.test.js:97:17)

  ÔùÅ DI Container ÔÇ║ Container Return Value ÔÇ║ should return object with db

    TypeError: Cannot read properties of undefined (reading 'commandRepo')

    [0m [90m 22 |[39m   [36mconst[39m repositories [33m=[39m createRepositories(db[33m,[39m 
logger)[33m;[39m
     [90m 23 |[39m
    [31m[1m>[22m[39m[90m 24 |[39m   [36mconst[39m commandService [33m=[39m [36mnew[39m 
[33mCommandService[39m(repositories[33m.[39mcommandRepo)[33m;[39m
     [90m    |[39m                                                          [31m[1m^[22m[39m
     [90m 25 |[39m   [36mconst[39m permissionService [33m=[39m [36mnew[39m 
[33mPermissionService[39m(repositories[33m.[39mpermissionRepo)[33m;[39m
     [90m 26 |[39m   [36mconst[39m rateLimitService [33m=[39m [36mnew[39m 
[33mRateLimitService[39m(
     [90m 27 |[39m     repositories[33m.[39mrateLimitRepo[33m,[39m[0m

      at commandRepo (src/infra/di/container.js:24:58)
      at Object.createContainer (tests/unit/infra/di/DIContainer.test.js:97:17)

  ÔùÅ DI Container ÔÇ║ Container Return Value ÔÇ║ should return object with repositories

    TypeError: Cannot read properties of undefined (reading 'commandRepo')

    [0m [90m 22 |[39m   [36mconst[39m repositories [33m=[39m createRepositories(db[33m,[39m 
logger)[33m;[39m
     [90m 23 |[39m
    [31m[1m>[22m[39m[90m 24 |[39m   [36mconst[39m commandService [33m=[39m [36mnew[39m 
[33mCommandService[39m(repositories[33m.[39mcommandRepo)[33m;[39m
     [90m    |[39m                                                          [31m[1m^[22m[39m
     [90m 25 |[39m   [36mconst[39m permissionService [33m=[39m [36mnew[39m 
[33mPermissionService[39m(repositories[33m.[39mpermissionRepo)[33m;[39m
     [90m 26 |[39m   [36mconst[39m rateLimitService [33m=[39m [36mnew[39m 
[33mRateLimitService[39m(
     [90m 27 |[39m     repositories[33m.[39mrateLimitRepo[33m,[39m[0m

      at commandRepo (src/infra/di/container.js:24:58)
      at Object.createContainer (tests/unit/infra/di/DIContainer.test.js:97:17)

  ÔùÅ DI Container ÔÇ║ Container Return Value ÔÇ║ should return object with redis

    TypeError: Cannot read properties of undefined (reading 'commandRepo')

    [0m [90m 22 |[39m   [36mconst[39m repositories [33m=[39m createRepositories(db[33m,[39m 
logger)[33m;[39m
     [90m 23 |[39m
    [31m[1m>[22m[39m[90m 24 |[39m   [36mconst[39m commandService [33m=[39m [36mnew[39m 
[33mCommandService[39m(repositories[33m.[39mcommandRepo)[33m;[39m
     [90m    |[39m                                                          [31m[1m^[22m[39m
     [90m 25 |[39m   [36mconst[39m permissionService [33m=[39m [36mnew[39m 
[33mPermissionService[39m(repositories[33m.[39mpermissionRepo)[33m;[39m
     [90m 26 |[39m   [36mconst[39m rateLimitService [33m=[39m [36mnew[39m 
[33mRateLimitService[39m(
     [90m 27 |[39m     repositories[33m.[39mrateLimitRepo[33m,[39m[0m

      at commandRepo (src/infra/di/container.js:24:58)
      at Object.createContainer (tests/unit/infra/di/DIContainer.test.js:97:17)

  ÔùÅ DI Container ÔÇ║ Container Return Value ÔÇ║ should return object with jobQueue

    TypeError: Cannot read properties of undefined (reading 'commandRepo')

    [0m [90m 22 |[39m   [36mconst[39m repositories [33m=[39m createRepositories(db[33m,[39m 
logger)[33m;[39m
     [90m 23 |[39m
    [31m[1m>[22m[39m[90m 24 |[39m   [36mconst[39m commandService [33m=[39m [36mnew[39m 
[33mCommandService[39m(repositories[33m.[39mcommandRepo)[33m;[39m
     [90m    |[39m                                                          [31m[1m^[22m[39m
     [90m 25 |[39m   [36mconst[39m permissionService [33m=[39m [36mnew[39m 
[33mPermissionService[39m(repositories[33m.[39mpermissionRepo)[33m;[39m
     [90m 26 |[39m   [36mconst[39m rateLimitService [33m=[39m [36mnew[39m 
[33mRateLimitService[39m(
     [90m 27 |[39m     repositories[33m.[39mrateLimitRepo[33m,[39m[0m

      at commandRepo (src/infra/di/container.js:24:58)
      at Object.createContainer (tests/unit/infra/di/DIContainer.test.js:97:17)

  ÔùÅ DI Container ÔÇ║ Container Return Value ÔÇ║ should return object with scheduler

    TypeError: Cannot read properties of undefined (reading 'commandRepo')

    [0m [90m 22 |[39m   [36mconst[39m repositories [33m=[39m createRepositories(db[33m,[39m 
logger)[33m;[39m
     [90m 23 |[39m
    [31m[1m>[22m[39m[90m 24 |[39m   [36mconst[39m commandService [33m=[39m [36mnew[39m 
[33mCommandService[39m(repositories[33m.[39mcommandRepo)[33m;[39m
     [90m    |[39m                                                          [31m[1m^[22m[39m
     [90m 25 |[39m   [36mconst[39m permissionService [33m=[39m [36mnew[39m 
[33mPermissionService[39m(repositories[33m.[39mpermissionRepo)[33m;[39m
     [90m 26 |[39m   [36mconst[39m rateLimitService [33m=[39m [36mnew[39m 
[33mRateLimitService[39m(
     [90m 27 |[39m     repositories[33m.[39mrateLimitRepo[33m,[39m[0m

      at commandRepo (src/infra/di/container.js:24:58)
      at Object.createContainer (tests/unit/infra/di/DIContainer.test.js:97:17)

  ÔùÅ DI Container ÔÇ║ Container Return Value ÔÇ║ should return object with metrics

    TypeError: Cannot read properties of undefined (reading 'commandRepo')

    [0m [90m 22 |[39m   [36mconst[39m repositories [33m=[39m createRepositories(db[33m,[39m 
logger)[33m;[39m
     [90m 23 |[39m
    [31m[1m>[22m[39m[90m 24 |[39m   [36mconst[39m commandService [33m=[39m [36mnew[39m 
[33mCommandService[39m(repositories[33m.[39mcommandRepo)[33m;[39m
     [90m    |[39m                                                          [31m[1m^[22m[39m
     [90m 25 |[39m   [36mconst[39m permissionService [33m=[39m [36mnew[39m 
[33mPermissionService[39m(repositories[33m.[39mpermissionRepo)[33m;[39m
     [90m 26 |[39m   [36mconst[39m rateLimitService [33m=[39m [36mnew[39m 
[33mRateLimitService[39m(
     [90m 27 |[39m     repositories[33m.[39mrateLimitRepo[33m,[39m[0m

      at commandRepo (src/infra/di/container.js:24:58)
      at Object.createContainer (tests/unit/infra/di/DIContainer.test.js:97:17)

  ÔùÅ DI Container ÔÇ║ Container Return Value ÔÇ║ should return object with config

    TypeError: Cannot read properties of undefined (reading 'commandRepo')

    [0m [90m 22 |[39m   [36mconst[39m repositories [33m=[39m createRepositories(db[33m,[39m 
logger)[33m;[39m
     [90m 23 |[39m
    [31m[1m>[22m[39m[90m 24 |[39m   [36mconst[39m commandService [33m=[39m [36mnew[39m 
[33mCommandService[39m(repositories[33m.[39mcommandRepo)[33m;[39m
     [90m    |[39m                                                          [31m[1m^[22m[39m
     [90m 25 |[39m   [36mconst[39m permissionService [33m=[39m [36mnew[39m 
[33mPermissionService[39m(repositories[33m.[39mpermissionRepo)[33m;[39m
     [90m 26 |[39m   [36mconst[39m rateLimitService [33m=[39m [36mnew[39m 
[33mRateLimitService[39m(
     [90m 27 |[39m     repositories[33m.[39mrateLimitRepo[33m,[39m[0m

      at commandRepo (src/infra/di/container.js:24:58)
      at Object.createContainer (tests/unit/infra/di/DIContainer.test.js:97:17)

  ÔùÅ DI Container ÔÇ║ Service Dependencies ÔÇ║ should inject repositories into services

    TypeError: Cannot read properties of undefined (reading 'commandRepo')

    [0m [90m 22 |[39m   [36mconst[39m repositories [33m=[39m createRepositories(db[33m,[39m 
logger)[33m;[39m
     [90m 23 |[39m
    [31m[1m>[22m[39m[90m 24 |[39m   [36mconst[39m commandService [33m=[39m [36mnew[39m 
[33mCommandService[39m(repositories[33m.[39mcommandRepo)[33m;[39m
     [90m    |[39m                                                          [31m[1m^[22m[39m
     [90m 25 |[39m   [36mconst[39m permissionService [33m=[39m [36mnew[39m 
[33mPermissionService[39m(repositories[33m.[39mpermissionRepo)[33m;[39m
     [90m 26 |[39m   [36mconst[39m rateLimitService [33m=[39m [36mnew[39m 
[33mRateLimitService[39m(
     [90m 27 |[39m     repositories[33m.[39mrateLimitRepo[33m,[39m[0m

      at commandRepo (src/infra/di/container.js:24:58)
      at Object.createContainer (tests/unit/infra/di/DIContainer.test.js:97:17)

  ÔùÅ DI Container ÔÇ║ Service Dependencies ÔÇ║ should inject logger into all services

    TypeError: Cannot read properties of undefined (reading 'commandRepo')

    [0m [90m 22 |[39m   [36mconst[39m repositories [33m=[39m createRepositories(db[33m,[39m 
logger)[33m;[39m
     [90m 23 |[39m
    [31m[1m>[22m[39m[90m 24 |[39m   [36mconst[39m commandService [33m=[39m [36mnew[39m 
[33mCommandService[39m(repositories[33m.[39mcommandRepo)[33m;[39m
     [90m    |[39m                                                          [31m[1m^[22m[39m
     [90m 25 |[39m   [36mconst[39m permissionService [33m=[39m [36mnew[39m 
[33mPermissionService[39m(repositories[33m.[39mpermissionRepo)[33m;[39m
     [90m 26 |[39m   [36mconst[39m rateLimitService [33m=[39m [36mnew[39m 
[33mRateLimitService[39m(
     [90m 27 |[39m     repositories[33m.[39mrateLimitRepo[33m,[39m[0m

      at commandRepo (src/infra/di/container.js:24:58)
      at Object.createContainer (tests/unit/infra/di/DIContainer.test.js:97:17)

  ÔùÅ DI Container ÔÇ║ Service Dependencies ÔÇ║ should create separate instances for each service

    TypeError: Cannot read properties of undefined (reading 'commandRepo')

    [0m [90m 22 |[39m   [36mconst[39m repositories [33m=[39m createRepositories(db[33m,[39m 
logger)[33m;[39m
     [90m 23 |[39m
    [31m[1m>[22m[39m[90m 24 |[39m   [36mconst[39m commandService [33m=[39m [36mnew[39m 
[33mCommandService[39m(repositories[33m.[39mcommandRepo)[33m;[39m
     [90m    |[39m                                                          [31m[1m^[22m[39m
     [90m 25 |[39m   [36mconst[39m permissionService [33m=[39m [36mnew[39m 
[33mPermissionService[39m(repositories[33m.[39mpermissionRepo)[33m;[39m
     [90m 26 |[39m   [36mconst[39m rateLimitService [33m=[39m [36mnew[39m 
[33mRateLimitService[39m(
     [90m 27 |[39m     repositories[33m.[39mrateLimitRepo[33m,[39m[0m

      at commandRepo (src/infra/di/container.js:24:58)
      at Object.createContainer (tests/unit/infra/di/DIContainer.test.js:97:17)

  ÔùÅ DI Container ÔÇ║ Rate Limiting Configuration ÔÇ║ should define rate limits for core commands

    TypeError: Cannot read properties of undefined (reading 'commandRepo')

    [0m [90m 22 |[39m   [36mconst[39m repositories [33m=[39m createRepositories(db[33m,[39m 
logger)[33m;[39m
     [90m 23 |[39m
    [31m[1m>[22m[39m[90m 24 |[39m   [36mconst[39m commandService [33m=[39m [36mnew[39m 
[33mCommandService[39m(repositories[33m.[39mcommandRepo)[33m;[39m
     [90m    |[39m                                                          [31m[1m^[22m[39m
     [90m 25 |[39m   [36mconst[39m permissionService [33m=[39m [36mnew[39m 
[33mPermissionService[39m(repositories[33m.[39mpermissionRepo)[33m;[39m
     [90m 26 |[39m   [36mconst[39m rateLimitService [33m=[39m [36mnew[39m 
[33mRateLimitService[39m(
     [90m 27 |[39m     repositories[33m.[39mrateLimitRepo[33m,[39m[0m

      at commandRepo (src/infra/di/container.js:24:58)
      at Object.createContainer (tests/unit/infra/di/DIContainer.test.js:97:17)

  ÔùÅ DI Container ÔÇ║ Rate Limiting Configuration ÔÇ║ should define rate limits for messaging commands

    TypeError: Cannot read properties of undefined (reading 'commandRepo')

    [0m [90m 22 |[39m   [36mconst[39m repositories [33m=[39m createRepositories(db[33m,[39m 
logger)[33m;[39m
     [90m 23 |[39m
    [31m[1m>[22m[39m[90m 24 |[39m   [36mconst[39m commandService [33m=[39m [36mnew[39m 
[33mCommandService[39m(repositories[33m.[39mcommandRepo)[33m;[39m
     [90m    |[39m                                                          [31m[1m^[22m[39m
     [90m 25 |[39m   [36mconst[39m permissionService [33m=[39m [36mnew[39m 
[33mPermissionService[39m(repositories[33m.[39mpermissionRepo)[33m;[39m
     [90m 26 |[39m   [36mconst[39m rateLimitService [33m=[39m [36mnew[39m 
[33mRateLimitService[39m(
     [90m 27 |[39m     repositories[33m.[39mrateLimitRepo[33m,[39m[0m

      at commandRepo (src/infra/di/container.js:24:58)
      at Object.createContainer (tests/unit/infra/di/DIContainer.test.js:97:17)

  ÔùÅ DI Container ÔÇ║ Rate Limiting Configuration ÔÇ║ should define rate limits for operations commands

    TypeError: Cannot read properties of undefined (reading 'commandRepo')

    [0m [90m 22 |[39m   [36mconst[39m repositories [33m=[39m createRepositories(db[33m,[39m 
logger)[33m;[39m
     [90m 23 |[39m
    [31m[1m>[22m[39m[90m 24 |[39m   [36mconst[39m commandService [33m=[39m [36mnew[39m 
[33mCommandService[39m(repositories[33m.[39mcommandRepo)[33m;[39m
     [90m    |[39m                                                          [31m[1m^[22m[39m
     [90m 25 |[39m   [36mconst[39m permissionService [33m=[39m [36mnew[39m 
[33mPermissionService[39m(repositories[33m.[39mpermissionRepo)[33m;[39m
     [90m 26 |[39m   [36mconst[39m rateLimitService [33m=[39m [36mnew[39m 
[33mRateLimitService[39m(
     [90m 27 |[39m     repositories[33m.[39mrateLimitRepo[33m,[39m[0m

      at commandRepo (src/infra/di/container.js:24:58)
      at Object.createContainer (tests/unit/infra/di/DIContainer.test.js:97:17)

  ÔùÅ DI Container ÔÇ║ Rate Limiting Configuration ÔÇ║ should define rate limits for admin commands

    TypeError: Cannot read properties of undefined (reading 'commandRepo')

    [0m [90m 22 |[39m   [36mconst[39m repositories [33m=[39m createRepositories(db[33m,[39m 
logger)[33m;[39m
     [90m 23 |[39m
    [31m[1m>[22m[39m[90m 24 |[39m   [36mconst[39m commandService [33m=[39m [36mnew[39m 
[33mCommandService[39m(repositories[33m.[39mcommandRepo)[33m;[39m
     [90m    |[39m                                                          [31m[1m^[22m[39m
     [90m 25 |[39m   [36mconst[39m permissionService [33m=[39m [36mnew[39m 
[33mPermissionService[39m(repositories[33m.[39mpermissionRepo)[33m;[39m
     [90m 26 |[39m   [36mconst[39m rateLimitService [33m=[39m [36mnew[39m 
[33mRateLimitService[39m(
     [90m 27 |[39m     repositories[33m.[39mrateLimitRepo[33m,[39m[0m

      at commandRepo (src/infra/di/container.js:24:58)
      at Object.createContainer (tests/unit/infra/di/DIContainer.test.js:97:17)

  ÔùÅ DI Container ÔÇ║ Error Handling ÔÇ║ should handle config errors gracefully

    TypeError: Cannot read properties of undefined (reading 'commandRepo')

    [0m [90m 22 |[39m   [36mconst[39m repositories [33m=[39m createRepositories(db[33m,[39m 
logger)[33m;[39m
     [90m 23 |[39m
    [31m[1m>[22m[39m[90m 24 |[39m   [36mconst[39m commandService [33m=[39m [36mnew[39m 
[33mCommandService[39m(repositories[33m.[39mcommandRepo)[33m;[39m
     [90m    |[39m                                                          [31m[1m^[22m[39m
     [90m 25 |[39m   [36mconst[39m permissionService [33m=[39m [36mnew[39m 
[33mPermissionService[39m(repositories[33m.[39mpermissionRepo)[33m;[39m
     [90m 26 |[39m   [36mconst[39m rateLimitService [33m=[39m [36mnew[39m 
[33mRateLimitService[39m(
     [90m 27 |[39m     repositories[33m.[39mrateLimitRepo[33m,[39m[0m

      at commandRepo (src/infra/di/container.js:24:58)
      at Object.createContainer (tests/unit/infra/di/DIContainer.test.js:97:17)

  ÔùÅ DI Container ÔÇ║ Error Handling ÔÇ║ should handle database errors gracefully

    TypeError: Cannot read properties of undefined (reading 'commandRepo')

    [0m [90m 22 |[39m   [36mconst[39m repositories [33m=[39m createRepositories(db[33m,[39m 
logger)[33m;[39m
     [90m 23 |[39m
    [31m[1m>[22m[39m[90m 24 |[39m   [36mconst[39m commandService [33m=[39m [36mnew[39m 
[33mCommandService[39m(repositories[33m.[39mcommandRepo)[33m;[39m
     [90m    |[39m                                                          [31m[1m^[22m[39m
     [90m 25 |[39m   [36mconst[39m permissionService [33m=[39m [36mnew[39m 
[33mPermissionService[39m(repositories[33m.[39mpermissionRepo)[33m;[39m
     [90m 26 |[39m   [36mconst[39m rateLimitService [33m=[39m [36mnew[39m 
[33mRateLimitService[39m(
     [90m 27 |[39m     repositories[33m.[39mrateLimitRepo[33m,[39m[0m

      at commandRepo (src/infra/di/container.js:24:58)
      at Object.createContainer (tests/unit/infra/di/DIContainer.test.js:97:17)

  ÔùÅ DI Container ÔÇ║ Multiple Container Instances ÔÇ║ should create independent containers

    TypeError: Cannot read properties of undefined (reading 'commandRepo')

    [0m [90m 22 |[39m   [36mconst[39m repositories [33m=[39m createRepositories(db[33m,[39m 
logger)[33m;[39m
     [90m 23 |[39m
    [31m[1m>[22m[39m[90m 24 |[39m   [36mconst[39m commandService [33m=[39m [36mnew[39m 
[33mCommandService[39m(repositories[33m.[39mcommandRepo)[33m;[39m
     [90m    |[39m                                                          [31m[1m^[22m[39m
     [90m 25 |[39m   [36mconst[39m permissionService [33m=[39m [36mnew[39m 
[33mPermissionService[39m(repositories[33m.[39mpermissionRepo)[33m;[39m
     [90m 26 |[39m   [36mconst[39m rateLimitService [33m=[39m [36mnew[39m 
[33mRateLimitService[39m(
     [90m 27 |[39m     repositories[33m.[39mrateLimitRepo[33m,[39m[0m

      at commandRepo (src/infra/di/container.js:24:58)
      at Object.createContainer (tests/unit/infra/di/DIContainer.test.js:97:17)

  ÔùÅ DI Container ÔÇ║ Multiple Container Instances ÔÇ║ should have separate service instances

    TypeError: Cannot read properties of undefined (reading 'commandRepo')

    [0m [90m 22 |[39m   [36mconst[39m repositories [33m=[39m createRepositories(db[33m,[39m 
logger)[33m;[39m
     [90m 23 |[39m
    [31m[1m>[22m[39m[90m 24 |[39m   [36mconst[39m commandService [33m=[39m [36mnew[39m 
[33mCommandService[39m(repositories[33m.[39mcommandRepo)[33m;[39m
     [90m    |[39m                                                          [31m[1m^[22m[39m
     [90m 25 |[39m   [36mconst[39m permissionService [33m=[39m [36mnew[39m 
[33mPermissionService[39m(repositories[33m.[39mpermissionRepo)[33m;[39m
     [90m 26 |[39m   [36mconst[39m rateLimitService [33m=[39m [36mnew[39m 
[33mRateLimitService[39m(
     [90m 27 |[39m     repositories[33m.[39mrateLimitRepo[33m,[39m[0m

      at commandRepo (src/infra/di/container.js:24:58)
      at Object.createContainer (tests/unit/infra/di/DIContainer.test.js:97:17)

  ÔùÅ DI Container ÔÇ║ Multiple Container Instances ÔÇ║ should share same configuration patterns

    TypeError: Cannot read properties of undefined (reading 'commandRepo')

    [0m [90m 22 |[39m   [36mconst[39m repositories [33m=[39m createRepositories(db[33m,[39m 
logger)[33m;[39m
     [90m 23 |[39m
    [31m[1m>[22m[39m[90m 24 |[39m   [36mconst[39m commandService [33m=[39m [36mnew[39m 
[33mCommandService[39m(repositories[33m.[39mcommandRepo)[33m;[39m
     [90m    |[39m                                                          [31m[1m^[22m[39m
     [90m 25 |[39m   [36mconst[39m permissionService [33m=[39m [36mnew[39m 
[33mPermissionService[39m(repositories[33m.[39mpermissionRepo)[33m;[39m
     [90m 26 |[39m   [36mconst[39m rateLimitService [33m=[39m [36mnew[39m 
[33mRateLimitService[39m(
     [90m 27 |[39m     repositories[33m.[39mrateLimitRepo[33m,[39m[0m

      at commandRepo (src/infra/di/container.js:24:58)
      at Object.createContainer (tests/unit/infra/di/DIContainer.test.js:97:17)

FAIL tests/unit/infra/discord/SlashCommandAdapter.test.js
  ÔùÅ SlashCommandAdapter ÔÇ║ registerListeners ÔÇ║ should be async handler

    expect(received).toMatch(expected)

    Expected pattern: /async|Anonymous/
    Received string:  "AsyncFunction"

    [0m [90m 75 |[39m       [36mconst[39m handler [33m=[39m 
mockClient[33m.[39mon[33m.[39mmock[33m.[39mcalls[[35m0[39m][[35m1[39m][33m;[39m
     [90m 76 |[39m
    [31m[1m>[22m[39m[90m 77 |[39m       expect(handler[33m.[39mconstructor[33m.[39mname)[33m.[39
mtoMatch([35m/async|Anonymous/[39m)[33m;[39m
     [90m    |[39m                                        [31m[1m^[22m[39m
     [90m 78 |[39m     })[33m;[39m
     [90m 79 |[39m   })[33m;[39m
     [90m 80 |[39m[0m

      at Object.toMatch (tests/unit/infra/discord/SlashCommandAdapter.test.js:77:40)

  ÔùÅ SlashCommandAdapter ÔÇ║ Interaction Handling ÔÇ║ Autocomplete Interactions ÔÇ║ should ignore 
autocomplete interactions

    TypeError: Cannot read properties of undefined (reading 'getSubcommand')

    [0m [90m 111 |[39m
     [90m 112 |[39m   [36masync[39m handleAutocomplete(interaction) {
    [31m[1m>[22m[39m[90m 113 |[39m     [36mconst[39m sub [33m=[39m 
interaction[33m.[39moptions[33m.[39mgetSubcommand()[33m;[39m
     [90m     |[39m                                     [31m[1m^[22m[39m
     [90m 114 |[39m     [36mconst[39m meta [33m=[39m 
[36mthis[39m[33m.[39mregistry[33m.[39mgetMeta(sub)[33m;[39m
     [90m 115 |[39m     [36mif[39m ([33m![39mmeta) [36mreturn[39m[33m;[39m
     [90m 116 |[39m[0m

      at SlashCommandAdapter.getSubcommand [as handleAutocomplete] 
(src/infra/discord/SlashCommandAdapter.js:113:37)
      at handleAutocomplete (src/infra/discord/SlashCommandAdapter.js:20:21)
      at Object.handler (tests/unit/infra/discord/SlashCommandAdapter.test.js:410:15)

  ÔùÅ SlashCommandAdapter ÔÇ║ Interaction Handling ÔÇ║ Button Interactions ÔÇ║ should ignore button 
interactions

    TypeError: Cannot read properties of undefined (reading 'startsWith')

    [0m [90m 140 |[39m   [36masync[39m handleButton(interaction) {
     [90m 141 |[39m     [36mconst[39m customId [33m=[39m interaction[33m.[39mcustomId[33m;[39m
    [31m[1m>[22m[39m[90m 142 |[39m     [36mif[39m 
([33m![39mcustomId[33m.[39mstartsWith([32m'help:'[39m)) [36mreturn[39m[33m;[39m
     [90m     |[39m                   [31m[1m^[22m[39m
     [90m 143 |[39m
     [90m 144 |[39m     [36mconst[39m [[33m,[39m categoryKey[33m,[39m pageStr] [33m=[39m 
customId[33m.[39msplit([32m':'[39m)[33m;[39m
     [90m 145 |[39m     [36mconst[39m category [33m=[39m categoryKey [33m===[39m [32m'all'[39m 
[33m?[39m [36mnull[39m [33m:[39m categoryKey[33m;[39m[0m

      at SlashCommandAdapter.startsWith [as handleButton] (src/infra/discord/SlashCommandAdapter.js:142:19)
      at handleButton (src/infra/discord/SlashCommandAdapter.js:24:21)
      at Object.handler (tests/unit/infra/discord/SlashCommandAdapter.test.js:424:15)

FAIL tests/unit/infra/queue/JobQueueService.test.js (9.554 s)
  ÔùÅ JobQueueService ÔÇ║ Integration Tests ÔÇ║ should enqueue and track job lifecycle

    expect(jest.fn()).toHaveBeenCalledWith(...expected)

    Expected: ObjectContaining {"jobId": Any<String>}, "Processing job"

    Number of calls: 0

    [0m [90m 357 |[39m
     [90m 358 |[39m       expect(job)[33m.[39mtoHaveProperty([32m'id'[39m)[33m;[39m
    [31m[1m>[22m[39m[90m 359 |[39m       
expect(mockLogger[33m.[39minfo)[33m.[39mtoHaveBeenCalledWith(
     [90m     |[39m                               [31m[1m^[22m[39m
     [90m 360 |[39m         expect[33m.[39mobjectContaining({ jobId[33m:[39m 
expect[33m.[39many([33mString[39m) })[33m,[39m
     [90m 361 |[39m         [32m'Processing job'[39m
     [90m 362 |[39m       )[33m;[39m[0m

      at Object.toHaveBeenCalledWith (tests/unit/infra/queue/JobQueueService.test.js:359:31)


Test Suites: 7 failed, 37 passed, 44 total
Tests:       68 failed, 489 passed, 557 total
Snapshots:   0 total
Time:        14.628 s
Ran all test suites.
